Component: ARM Compiler 5.06 update 6 (build 750) Tool: armlink [4d35ed]

==============================================================================

Section Cross References

    startup_stm32f427xx.o(STACK) refers (Special) to heapauxi.o(.text) for __use_two_region_memory
    startup_stm32f427xx.o(HEAP) refers (Special) to heapauxi.o(.text) for __use_two_region_memory
    startup_stm32f427xx.o(RESET) refers (Special) to heapauxi.o(.text) for __use_two_region_memory
    startup_stm32f427xx.o(RESET) refers to startup_stm32f427xx.o(STACK) for __initial_sp
    startup_stm32f427xx.o(RESET) refers to startup_stm32f427xx.o(.text) for Reset_Handler
    startup_stm32f427xx.o(RESET) refers to stm32f4xx_it.o(i.NMI_Handler) for NMI_Handler
    startup_stm32f427xx.o(RESET) refers to stm32f4xx_it.o(i.HardFault_Handler) for HardFault_Handler
    startup_stm32f427xx.o(RESET) refers to stm32f4xx_it.o(i.MemManage_Handler) for MemManage_Handler
    startup_stm32f427xx.o(RESET) refers to stm32f4xx_it.o(i.BusFault_Handler) for BusFault_Handler
    startup_stm32f427xx.o(RESET) refers to stm32f4xx_it.o(i.UsageFault_Handler) for UsageFault_Handler
    startup_stm32f427xx.o(RESET) refers to stm32f4xx_it.o(i.DebugMon_Handler) for DebugMon_Handler
    startup_stm32f427xx.o(RESET) refers to delay.o(i.SysTick_Handler) for SysTick_Handler
    startup_stm32f427xx.o(RESET) refers to can_receive.o(i.CAN1_RX0_IRQHandler) for CAN1_RX0_IRQHandler
    startup_stm32f427xx.o(RESET) refers to remote_control.o(i.USART1_IRQHandler) for USART1_IRQHandler
    startup_stm32f427xx.o(RESET) refers to can_receive.o(i.TIM6_DAC_IRQHandler) for TIM6_DAC_IRQHandler
    startup_stm32f427xx.o(RESET) refers to can_receive.o(i.CAN2_RX0_IRQHandler) for CAN2_RX0_IRQHandler
    startup_stm32f427xx.o(RESET) refers to referee_usart_task.o(i.USART6_IRQHandler) for USART6_IRQHandler
    startup_stm32f427xx.o(.text) refers (Special) to heapauxi.o(.text) for __use_two_region_memory
    startup_stm32f427xx.o(.text) refers to system_stm32f4xx.o(i.SystemInit) for SystemInit
    startup_stm32f427xx.o(.text) refers to __main.o(!!!main) for __main
    startup_stm32f427xx.o(.text) refers to startup_stm32f427xx.o(HEAP) for Heap_Mem
    startup_stm32f427xx.o(.text) refers to startup_stm32f427xx.o(STACK) for Stack_Mem
    system_stm32f4xx.o(i.SystemCoreClockUpdate) refers to system_stm32f4xx.o(.data) for SystemCoreClock
    system_stm32f4xx.o(i.SystemInit) refers to system_stm32f4xx.o(i.SetSysClock) for SetSysClock
    stm32f4xx_adc.o(i.ADC_DeInit) refers to stm32f4xx_rcc.o(i.RCC_APB2PeriphResetCmd) for RCC_APB2PeriphResetCmd
    stm32f4xx_can.o(i.CAN_DeInit) refers to stm32f4xx_rcc.o(i.RCC_APB1PeriphResetCmd) for RCC_APB1PeriphResetCmd
    stm32f4xx_can.o(i.CAN_GetITStatus) refers to stm32f4xx_can.o(i.CheckITStatus) for CheckITStatus
    stm32f4xx_cryp.o(i.CRYP_DeInit) refers to stm32f4xx_rcc.o(i.RCC_AHB2PeriphResetCmd) for RCC_AHB2PeriphResetCmd
    stm32f4xx_cryp_aes.o(i.CRYP_AES_CBC) refers to stm32f4xx_cryp.o(i.CRYP_KeyStructInit) for CRYP_KeyStructInit
    stm32f4xx_cryp_aes.o(i.CRYP_AES_CBC) refers to stm32f4xx_cryp.o(i.CRYP_FIFOFlush) for CRYP_FIFOFlush
    stm32f4xx_cryp_aes.o(i.CRYP_AES_CBC) refers to stm32f4xx_cryp.o(i.CRYP_Init) for CRYP_Init
    stm32f4xx_cryp_aes.o(i.CRYP_AES_CBC) refers to stm32f4xx_cryp.o(i.CRYP_KeyInit) for CRYP_KeyInit
    stm32f4xx_cryp_aes.o(i.CRYP_AES_CBC) refers to stm32f4xx_cryp.o(i.CRYP_Cmd) for CRYP_Cmd
    stm32f4xx_cryp_aes.o(i.CRYP_AES_CBC) refers to stm32f4xx_cryp.o(i.CRYP_GetFlagStatus) for CRYP_GetFlagStatus
    stm32f4xx_cryp_aes.o(i.CRYP_AES_CBC) refers to stm32f4xx_cryp.o(i.CRYP_IVInit) for CRYP_IVInit
    stm32f4xx_cryp_aes.o(i.CRYP_AES_CBC) refers to stm32f4xx_cryp.o(i.CRYP_GetCmdStatus) for CRYP_GetCmdStatus
    stm32f4xx_cryp_aes.o(i.CRYP_AES_CBC) refers to stm32f4xx_cryp.o(i.CRYP_DataIn) for CRYP_DataIn
    stm32f4xx_cryp_aes.o(i.CRYP_AES_CBC) refers to stm32f4xx_cryp.o(i.CRYP_DataOut) for CRYP_DataOut
    stm32f4xx_cryp_aes.o(i.CRYP_AES_CCM) refers to stm32f4xx_cryp.o(i.CRYP_KeyStructInit) for CRYP_KeyStructInit
    stm32f4xx_cryp_aes.o(i.CRYP_AES_CCM) refers to stm32f4xx_cryp.o(i.CRYP_FIFOFlush) for CRYP_FIFOFlush
    stm32f4xx_cryp_aes.o(i.CRYP_AES_CCM) refers to stm32f4xx_cryp.o(i.CRYP_KeyInit) for CRYP_KeyInit
    stm32f4xx_cryp_aes.o(i.CRYP_AES_CCM) refers to stm32f4xx_cryp.o(i.CRYP_IVInit) for CRYP_IVInit
    stm32f4xx_cryp_aes.o(i.CRYP_AES_CCM) refers to stm32f4xx_cryp.o(i.CRYP_Init) for CRYP_Init
    stm32f4xx_cryp_aes.o(i.CRYP_AES_CCM) refers to stm32f4xx_cryp.o(i.CRYP_PhaseConfig) for CRYP_PhaseConfig
    stm32f4xx_cryp_aes.o(i.CRYP_AES_CCM) refers to stm32f4xx_cryp.o(i.CRYP_DataIn) for CRYP_DataIn
    stm32f4xx_cryp_aes.o(i.CRYP_AES_CCM) refers to stm32f4xx_cryp.o(i.CRYP_Cmd) for CRYP_Cmd
    stm32f4xx_cryp_aes.o(i.CRYP_AES_CCM) refers to stm32f4xx_cryp.o(i.CRYP_GetCmdStatus) for CRYP_GetCmdStatus
[...]
    Z_MOTION_motor1_position_pid             0x08005658   Data          12  xyz_motion_task.o(.constdata)
    Z_MOTION_motor2_position_pid             0x08005664   Data          12  xyz_motion_task.o(.constdata)
    fliter_num                               0x08005670   Data          12  xyz_motion_task.o(.constdata)
    .constdata                               0x0800567c   Section       36  gimbal_task.o(.constdata)
    Pitch_speed_pid                          0x0800567c   Data          12  gimbal_task.o(.constdata)
    Yaw_speed_pid                            0x08005688   Data          12  gimbal_task.o(.constdata)
    fliter_num                               0x08005694   Data          12  gimbal_task.o(.constdata)
    .data                                    0x20000000   Section       20  system_stm32f4xx.o(.data)
    .data                                    0x20000014   Section       16  stm32f4xx_rcc.o(.data)
    APBAHBPrescTable                         0x20000014   Data          16  stm32f4xx_rcc.o(.data)
    .data                                    0x20000024   Section       16  delay.o(.data)
    fac_us                                   0x20000024   Data           1  delay.o(.data)
    fac_ms                                   0x20000028   Data           4  delay.o(.data)
    .data                                    0x20000034   Section        2  led.o(.data)
    Cnt                                      0x20000034   Data           1  led.o(.data)
    a                                        0x20000035   Data           1  led.o(.data)
    .data                                    0x20000036   Section        1  can_receive.o(.data)
    i                                        0x20000036   Data           1  can_receive.o(.data)
    .data                                    0x20000037   Section        1  chassis_behaviour.o(.data)
    chassis_behaviour_mode                   0x20000037   Data           1  chassis_behaviour.o(.data)
    .data                                    0x20000038   Section        2  remote_control.o(.data)
    this_time_rx_len                         0x20000038   Data           2  remote_control.o(.data)
    .data                                    0x2000003c   Section       84  start_task.o(.data)
    sched_tasks                              0x2000003c   Data          84  start_task.o(.data)
    .data                                    0x20000090   Section       33  gripper_task.o(.data)
    init_ecd1                                0x20000090   Data           4  gripper_task.o(.data)
    init_ecd2                                0x20000094   Data           4  gripper_task.o(.data)
    last_turn_keyboard                       0x20000098   Data           2  gripper_task.o(.data)
    mode_turn_flag                           0x2000009a   Data           1  gripper_task.o(.data)
    gripper_motor1_position_set              0x200000a0   Data           8  gripper_task.o(.data)
    gripper_motor2_position_set              0x200000a8   Data           8  gripper_task.o(.data)
    i                                        0x200000b0   Data           1  gripper_task.o(.data)
    .data                                    0x200000b4   Section       50  referee_usart_task.o(.data)
    datalength                               0x200000e2   Data           1  referee_usart_task.o(.data)
    i                                        0x200000e3   Data           1  referee_usart_task.o(.data)
    this_time_rx_len                         0x200000e4   Data           2  referee_usart_task.o(.data)
    .data                                    0x200000e6   Section        2  crc8_crc16.o(.data)
    .data                                    0x200000e8   Section       40  xyz_motion_task.o(.data)
    init_ecd                                 0x200000ec   Data           4  xyz_motion_task.o(.data)
    init_ecd2                                0x200000f0   Data           4  xyz_motion_task.o(.data)
    init_ecd3                                0x200000f4   Data           4  xyz_motion_task.o(.data)
    speed_fliter_1                           0x200000f8   Data           4  xyz_motion_task.o(.data)
    speed_fliter_2                           0x200000fc   Data           4  xyz_motion_task.o(.data)
    speed_fliter_3                           0x20000100   Data           4  xyz_motion_task.o(.data)
    Y_position_set                           0x20000104   Data           4  xyz_motion_task.o(.data)
    Z_position_set                           0x20000108   Data           4  xyz_motion_task.o(.data)
    last_turn_keyboard                       0x2000010c   Data           2  xyz_motion_task.o(.data)
    mode_turn_flag                           0x2000010e   Data           1  xyz_motion_task.o(.data)
    i                                        0x2000010f   Data           1  xyz_motion_task.o(.data)
    .data                                    0x20000110   Section        6  gimbal_task.o(.data)
    .bss                                     0x20000118   Section      192  can_receive.o(.bss)
    GIMBAL_TxMessage                         0x2000019c   Data          20  can_receive.o(.bss)
    rx1_message                              0x200001b0   Data          20  can_receive.o(.bss)
    rx2_message                              0x200001c4   Data          20  can_receive.o(.bss)
    .bss                                     0x200001d8   Section      548  chassis_task.o(.bss)
    .bss                                     0x200003fc   Section      324  detect_task.o(.bss)
    errorList                                0x200003fc   Data         324  detect_task.o(.bss)
    .bss                                     0x20000540   Section       94  remote_control.o(.bss)
    .bss                                     0x200005a0   Section       36  start_task.o(.bss)
    .bss                                     0x200005c8   Section      464  gripper_task.o(.bss)
    .bss                                     0x20000798   Section       20  catch_task.o(.bss)
    .bss                                     0x200007ac   Section     2580  referee_usart_task.o(.bss)
    .bss                                     0x200011c0   Section      584  xyz_motion_task.o(.bss)
    .bss                                     0x20001408   Section      356  gimbal_task.o(.bss)
    speed_filter                             0x20001554   Data          24  gimbal_task.o(.bss)
    .bss                                     0x2000156c   Section       96  libspace.o(.bss)
    HEAP                                     0x200015d0   Section        0  startup_stm32f427xx.o(HEAP)
    STACK                                    0x200015d0   Section     1024  startup_stm32f427xx.o(STACK)
    Heap_Mem                                 0x200015d0   Data           0  startup_stm32f427xx.o(HEAP)
    Stack_Mem                                0x200015d0   Data        1024  startup_stm32f427xx.o(STACK)
    __initial_sp                             0x200019d0   Data           0  startup_stm32f427xx.o(STACK)

    Global Symbols

    Symbol Name                              Value     Ov Type        Size  Object(Section)

    BuildAttributes$$THM_ISAv4$E$P$D$K$B$S$7EM$VFPi3$EXTD16$VFPS$VFMA$PE$A:L22UL41UL21$X:L11$S22US41US21$IEEE1$IW$USESV6$~STKCKD$USESV7$~SHL$OTIME$ROPI$IEEEJ$EBA8$UX$STANDARDLIB$REQ8$PRES8$EABIv2 0x00000000   Number         0  anon$$obj.o ABSOLUTE
    __ARM_use_no_argv                        0x00000000   Number         0  main.o ABSOLUTE
    __ARM_exceptions_init                     - Undefined Weak Reference
    __alloca_initialize                       - Undefined Weak Reference
    __arm_preinit_                            - Undefined Weak Reference
    __cpp_initialize__aeabi_                  - Undefined Weak Reference
    __cxa_finalize                            - Undefined Weak Reference
    __rt_locale                               - Undefined Weak Reference
    __sigvec_lookup                           - Undefined Weak Reference
    __user_heap_extent                        - Undefined Weak Reference
    _atexit_init                              - Undefined Weak Reference
    _call_atexit_fns                          - Undefined Weak Reference
    _clock_init                               - Undefined Weak Reference
    _fp_trap_init                             - Undefined Weak Reference
    _fp_trap_shutdown                         - Undefined Weak Reference
    _get_lc_collate                           - Undefined Weak Reference
    _get_lc_ctype                             - Undefined Weak Reference
    _get_lc_monetary                          - Undefined Weak Reference
    _get_lc_numeric                           - Undefined Weak Reference
    _get_lc_time                              - Undefined Weak Reference
    _getenv_init                              - Undefined Weak Reference
    _handle_redirection                       - Undefined Weak Reference
    _initio                                   - Undefined Weak Reference
    _mutex_acquire                            - Undefined Weak Reference
    _mutex_free                               - Undefined Weak Reference
    _mutex_release                            - Undefined Weak Reference
    _rand_init                                - Undefined Weak Reference
    _signal_finish                            - Undefined Weak Reference
    _signal_init                              - Undefined Weak Reference
    _terminateio                              - Undefined Weak Reference
    __Vectors_Size                           0x000001ac   Number         0  startup_stm32f427xx.o ABSOLUTE
    __Vectors                                0x08000000   Data           4  startup_stm32f427xx.o(RESET)
    __Vectors_End                            0x080001ac   Data           0  startup_stm32f427xx.o(RESET)
    __main                                   0x080001ad   Thumb Code     8  __main.o(!!!main)
    __scatterload                            0x080001b5   Thumb Code     0  __scatter.o(!!!scatter)
    __scatterload_rt2                        0x080001b5   Thumb Code    44  __scatter.o(!!!scatter)
    __scatterload_rt2_thumb_only             0x080001b5   Thumb Code     0  __scatter.o(!!!scatter)
    __scatterload_null                       0x080001c3   Thumb Code     0  __scatter.o(!!!scatter)
    __scatterload_copy                       0x080001e9   Thumb Code    26  __scatter_copy.o(!!handler_copy)
    __scatterload_zeroinit                   0x08000205   Thumb Code    28  __scatter_zi.o(!!handler_zi)
    __rt_lib_init                            0x08000221   Thumb Code     0  libinit.o(.ARM.Collect$$libinit$$00000000)
    __rt_lib_init_fp_1                       0x08000223   Thumb Code     0  libinit2.o(.ARM.Collect$$libinit$$00000001)
    __rt_lib_init_alloca_1                   0x08000227   Thumb Code     0  libinit2.o(.ARM.Collect$$libinit$$0000002E)
    __rt_lib_init_argv_1                     0x08000227   Thumb Code     0  libinit2.o(.ARM.Collect$$libinit$$0000002C)
    __rt_lib_init_atexit_1                   0x08000227   Thumb Code     0  libinit2.o(.ARM.Collect$$libinit$$0000001B)
    __rt_lib_init_clock_1                    0x08000227   Thumb Code     0  libinit2.o(.ARM.Collect$$libinit$$00000021)
    __rt_lib_init_cpp_1                      0x08000227   Thumb Code     0  libinit2.o(.ARM.Collect$$libinit$$00000032)
    __rt_lib_init_exceptions_1               0x08000227   Thumb Code     0  libinit2.o(.ARM.Collect$$libinit$$00000030)
    __rt_lib_init_fp_trap_1                  0x08000227   Thumb Code     0  libinit2.o(.ARM.Collect$$libinit$$0000001F)
    __rt_lib_init_getenv_1                   0x08000227   Thumb Code     0  libinit2.o(.ARM.Collect$$libinit$$00000023)
    __rt_lib_init_heap_1                     0x08000227   Thumb Code     0  libinit2.o(.ARM.Collect$$libinit$$0000000A)
    __rt_lib_init_lc_collate_1               0x08000227   Thumb Code     0  libinit2.o(.ARM.Collect$$libinit$$00000011)
    __rt_lib_init_lc_ctype_1                 0x08000227   Thumb Code     0  libinit2.o(.ARM.Collect$$libinit$$00000013)
    __rt_lib_init_lc_monetary_1              0x08000227   Thumb Code     0  libinit2.o(.ARM.Collect$$libinit$$00000015)
    __rt_lib_init_lc_numeric_1               0x08000227   Thumb Code     0  libinit2.o(.ARM.Collect$$libinit$$00000017)
    __rt_lib_init_lc_time_1                  0x08000227   Thumb Code     0  libinit2.o(.ARM.Collect$$libinit$$00000019)
    __rt_lib_init_preinit_1                  0x08000227   Thumb Code     0  libinit2.o(.ARM.Collect$$libinit$$00000004)
    __rt_lib_init_rand_1                     0x08000227   Thumb Code     0  libinit2.o(.ARM.Collect$$libinit$$0000000E)
    __rt_lib_init_return                     0x08000227   Thumb Code     0  libinit2.o(.ARM.Collect$$libinit$$00000033)
    __rt_lib_init_signal_1                   0x08000227   Thumb Code     0  libinit2.o(.ARM.Collect$$libinit$$0000001D)
    __rt_lib_init_stdio_1                    0x08000227   Thumb Code     0  libinit2.o(.ARM.Collect$$libinit$$00000025)
    __rt_lib_init_user_alloc_1               0x08000227   Thumb Code     0  libinit2.o(.ARM.Collect$$libinit$$0000000C)
    __rt_lib_shutdown                        0x08000229   Thumb Code     0  libshutdown.o(.ARM.Collect$$libshutdown$$00000000)
    __rt_lib_shutdown_cpp_1                  0x0800022b   Thumb Code     0  libshutdown2.o(.ARM.Collect$$libshutdown$$00000002)
    __rt_lib_shutdown_fp_trap_1              0x0800022b   Thumb Code     0  libshutdown2.o(.ARM.Collect$$libshutdown$$00000007)
    __rt_lib_shutdown_heap_1                 0x0800022b   Thumb Code     0  libshutdown2.o(.ARM.Collect$$libshutdown$$0000000F)
    __rt_lib_shutdown_return                 0x0800022b   Thumb Code     0  libshutdown2.o(.ARM.Collect$$libshutdown$$00000010)
    __rt_lib_shutdown_signal_1               0x0800022b   Thumb Code     0  libshutdown2.o(.ARM.Collect$$libshutdown$$0000000A)
    __rt_lib_shutdown_stdio_1                0x0800022b   Thumb Code     0  libshutdown2.o(.ARM.Collect$$libshutdown$$00000004)
    __rt_lib_shutdown_user_alloc_1           0x0800022b   Thumb Code     0  libshutdown2.o(.ARM.Collect$$libshutdown$$0000000C)
    __rt_entry                               0x0800022d   Thumb Code     0  __rtentry.o(.ARM.Collect$$rtentry$$00000000)
    __rt_entry_presh_1                       0x0800022d   Thumb Code     0  __rtentry2.o(.ARM.Collect$$rtentry$$00000002)
    __rt_entry_sh                            0x0800022d   Thumb Code     0  __rtentry4.o(.ARM.Collect$$rtentry$$00000004)
    __rt_entry_li                            0x08000233   Thumb Code     0  __rtentry2.o(.ARM.Collect$$rtentry$$0000000A)
    __rt_entry_postsh_1                      0x08000233   Thumb Code     0  __rtentry2.o(.ARM.Collect$$rtentry$$00000009)
    __rt_entry_main                          0x08000237   Thumb Code     0  __rtentry2.o(.ARM.Collect$$rtentry$$0000000D)
    __rt_entry_postli_1                      0x08000237   Thumb Code     0  __rtentry2.o(.ARM.Collect$$rtentry$$0000000C)
    __rt_exit                                0x0800023f   Thumb Code     0  rtexit.o(.ARM.Collect$$rtexit$$00000000)
    __rt_exit_ls                             0x08000241   Thumb Code     0  rtexit2.o(.ARM.Collect$$rtexit$$00000003)
    __rt_exit_prels_1                        0x08000241   Thumb Code     0  rtexit2.o(.ARM.Collect$$rtexit$$00000002)
    __rt_exit_exit                           0x08000245   Thumb Code     0  rtexit2.o(.ARM.Collect$$rtexit$$00000004)
    Reset_Handler                            0x0800024d   Thumb Code    18  startup_stm32f427xx.o(.text)
    SVC_Handler                              0x08000269   Thumb Code     2  startup_stm32f427xx.o(.text)
    PendSV_Handler                           0x0800026d   Thumb Code     2  startup_stm32f427xx.o(.text)
    ADC_IRQHandler                           0x08000271   Thumb Code     0  startup_stm32f427xx.o(.text)
    CAN1_RX1_IRQHandler                      0x08000271   Thumb Code     0  startup_stm32f427xx.o(.text)
    CAN1_SCE_IRQHandler                      0x08000271   Thumb Code     0  startup_stm32f427xx.o(.text)
    CAN1_TX_IRQHandler                       0x08000271   Thumb Code     0  startup_stm32f427xx.o(.text)
    CAN2_RX1_IRQHandler                      0x08000271   Thumb Code     0  startup_stm32f427xx.o(.text)
    CAN2_SCE_IRQHandler                      0x08000271   Thumb Code     0  startup_stm32f427xx.o(.text)
    CAN2_TX_IRQHandler                       0x08000271   Thumb Code     0  startup_stm32f427xx.o(.text)
    DCMI_IRQHandler                          0x08000271   Thumb Code     0  startup_stm32f427xx.o(.text)
    DMA1_Stream0_IRQHandler                  0x08000271   Thumb Code     0  startup_stm32f427xx.o(.text)
    DMA1_Stream1_IRQHandler                  0x08000271   Thumb Code     0  startup_stm32f427xx.o(.text)
    DMA1_Stream2_IRQHandler                  0x08000271   Thumb Code     0  startup_stm32f427xx.o(.text)
    DMA1_Stream3_IRQHandler                  0x08000271   Thumb Code     0  startup_stm32f427xx.o(.text)
    DMA1_Stream4_IRQHandler                  0x08000271   Thumb Code     0  startup_stm32f427xx.o(.text)
    DMA1_Stream5_IRQHandler                  0x08000271   Thumb Code     0  startup_stm32f427xx.o(.text)
    DMA1_Stream6_IRQHandler                  0x08000271   Thumb Code     0  startup_stm32f427xx.o(.text)
    DMA1_Stream7_IRQHandler                  0x08000271   Thumb Code     0  startup_stm32f427xx.o(.text)
    DMA2D_IRQHandler                         0x08000271   Thumb Code     0  startup_stm32f427xx.o(.text)
    DMA2_Stream0_IRQHandler                  0x08000271   Thumb Code     0  startup_stm32f427xx.o(.text)
    DMA2_Stream1_IRQHandler                  0x08000271   Thumb Code     0  startup_stm32f427xx.o(.text)
    DMA2_Stream2_IRQHandler                  0x08000271   Thumb Code     0  startup_stm32f427xx.o(.text)
    DMA2_Stream3_IRQHandler                  0x08000271   Thumb Code     0  startup_stm32f427xx.o(.text)
    DMA2_Stream4_IRQHandler                  0x08000271   Thumb Code     0  startup_stm32f427xx.o(.text)
    DMA2_Stream5_IRQHandler                  0x08000271   Thumb Code     0  startup_stm32f427xx.o(.text)
    DMA2_Stream6_IRQHandler                  0x08000271   Thumb Code     0  startup_stm32f427xx.o(.text)
    DMA2_Stream7_IRQHandler                  0x08000271   Thumb Code     0  startup_stm32f427xx.o(.text)
    ETH_IRQHandler                           0x08000271   Thumb Code     0  startup_stm32f427xx.o(.text)
    ETH_WKUP_IRQHandler                      0x08000271   Thumb Code     0  startup_stm32f427xx.o(.text)
    EXTI0_IRQHandler                         0x08000271   Thumb Code     0  startup_stm32f427xx.o(.text)
    EXTI15_10_IRQHandler                     0x08000271   Thumb Code     0  startup_stm32f427xx.o(.text)
    EXTI1_IRQHandler                         0x08000271   Thumb Code     0  startup_stm32f427xx.o(.text)
    EXTI2_IRQHandler                         0x08000271   Thumb Code     0  startup_stm32f427xx.o(.text)
    EXTI3_IRQHandler                         0x08000271   Thumb Code     0  startup_stm32f427xx.o(.text)
    EXTI4_IRQHandler                         0x08000271   Thumb Code     0  startup_stm32f427xx.o(.text)
    EXTI9_5_IRQHandler                       0x08000271   Thumb Code     0  startup_stm32f427xx.o(.text)
    FLASH_IRQHandler                         0x08000271   Thumb Code     0  startup_stm32f427xx.o(.text)
    FMC_IRQHandler                           0x08000271   Thumb Code     0  startup_stm32f427xx.o(.text)
    FPU_IRQHandler                           0x08000271   Thumb Code     0  startup_stm32f427xx.o(.text)
    HASH_RNG_IRQHandler                      0x08000271   Thumb Code     0  startup_stm32f427xx.o(.text)
    I2C1_ER_IRQHandler                       0x08000271   Thumb Code     0  startup_stm32f427xx.o(.text)
    I2C1_EV_IRQHandler                       0x08000271   Thumb Code     0  startup_stm32f427xx.o(.text)
    I2C2_ER_IRQHandler                       0x08000271   Thumb Code     0  startup_stm32f427xx.o(.text)
    I2C2_EV_IRQHandler                       0x08000271   Thumb Code     0  startup_stm32f427xx.o(.text)
    I2C3_ER_IRQHandler                       0x08000271   Thumb Code     0  startup_stm32f427xx.o(.text)
    I2C3_EV_IRQHandler                       0x08000271   Thumb Code     0  startup_stm32f427xx.o(.text)
    OTG_FS_IRQHandler                        0x08000271   Thumb Code     0  startup_stm32f427xx.o(.text)
    OTG_FS_WKUP_IRQHandler                   0x08000271   Thumb Code     0  startup_stm32f427xx.o(.text)
    OTG_HS_EP1_IN_IRQHandler                 0x08000271   Thumb Code     0  startup_stm32f427xx.o(.text)
    OTG_HS_EP1_OUT_IRQHandler                0x08000271   Thumb Code     0  startup_stm32f427xx.o(.text)
    OTG_HS_IRQHandler                        0x08000271   Thumb Code     0  startup_stm32f427xx.o(.text)
    OTG_HS_WKUP_IRQHandler                   0x08000271   Thumb Code     0  startup_stm32f427xx.o(.text)
    PVD_IRQHandler                           0x08000271   Thumb Code     0  startup_stm32f427xx.o(.text)
    RCC_IRQHandler                           0x08000271   Thumb Code     0  startup_stm32f427xx.o(.text)
    RTC_Alarm_IRQHandler                     0x08000271   Thumb Code     0  startup_stm32f427xx.o(.text)
    RTC_WKUP_IRQHandler                      0x08000271   Thumb Code     0  startup_stm32f427xx.o(.text)
    SAI1_IRQHandler                          0x08000271   Thumb Code     0  startup_stm32f427xx.o(.text)
    SDIO_IRQHandler                          0x08000271   Thumb Code     0  startup_stm32f427xx.o(.text)
    SPI1_IRQHandler                          0x08000271   Thumb Code     0  startup_stm32f427xx.o(.text)
    SPI2_IRQHandler                          0x08000271   Thumb Code     0  startup_stm32f427xx.o(.text)
    SPI3_IRQHandler                          0x08000271   Thumb Code     0  startup_stm32f427xx.o(.text)
    SPI4_IRQHandler                          0x08000271   Thumb Code     0  startup_stm32f427xx.o(.text)
    SPI5_IRQHandler                          0x08000271   Thumb Code     0  startup_stm32f427xx.o(.text)
    SPI6_IRQHandler                          0x08000271   Thumb Code     0  startup_stm32f427xx.o(.text)
    TAMP_STAMP_IRQHandler                    0x08000271   Thumb Code     0  startup_stm32f427xx.o(.text)
    TIM1_BRK_TIM9_IRQHandler                 0x08000271   Thumb Code     0  startup_stm32f427xx.o(.text)
    TIM1_CC_IRQHandler                       0x08000271   Thumb Code     0  startup_stm32f427xx.o(.text)
    TIM1_TRG_COM_TIM11_IRQHandler            0x08000271   Thumb Code     0  startup_stm32f427xx.o(.text)
    TIM1_UP_TIM10_IRQHandler                 0x08000271   Thumb Code     0  startup_stm32f427xx.o(.text)
    TIM2_IRQHandler                          0x08000271   Thumb Code     0  startup_stm32f427xx.o(.text)
    TIM3_IRQHandler                          0x08000271   Thumb Code     0  startup_stm32f427xx.o(.text)
    TIM4_IRQHandler                          0x08000271   Thumb Code     0  startup_stm32f427xx.o(.text)
    TIM5_IRQHandler                          0x08000271   Thumb Code     0  startup_stm32f427xx.o(.text)
    TIM7_IRQHandler                          0x08000271   Thumb Code     0  startup_stm32f427xx.o(.text)
    TIM8_BRK_TIM12_IRQHandler                0x08000271   Thumb Code     0  startup_stm32f427xx.o(.text)
    TIM8_CC_IRQHandler                       0x08000271   Thumb Code     0  startup_stm32f427xx.o(.text)
    TIM8_TRG_COM_TIM14_IRQHandler            0x08000271   Thumb Code     0  startup_stm32f427xx.o(.text)
    TIM8_UP_TIM13_IRQHandler                 0x08000271   Thumb Code     0  startup_stm32f427xx.o(.text)
    UART4_IRQHandler                         0x08000271   Thumb Code     0  startup_stm32f427xx.o(.text)
    UART5_IRQHandler                         0x08000271   Thumb Code     0  startup_stm32f427xx.o(.text)
    UART7_IRQHandler                         0x08000271   Thumb Code     0  startup_stm32f427xx.o(.text)
    UART8_IRQHandler                         0x08000271   Thumb Code     0  startup_stm32f427xx.o(.text)
    USART2_IRQHandler                        0x08000271   Thumb Code     0  startup_stm32f427xx.o(.text)
    USART3_IRQHandler                        0x08000271   Thumb Code     0  startup_stm32f427xx.o(.text)
    WWDG_IRQHandler                          0x08000271   Thumb Code     0  startup_stm32f427xx.o(.text)
    __user_initial_stackheap                 0x08000275   Thumb Code     0  startup_stm32f427xx.o(.text)
    __aeabi_memcpy                           0x08000299   Thumb Code     0  rt_memcpy_v6.o(.text)
    __rt_memcpy                              0x08000299   Thumb Code   138  rt_memcpy_v6.o(.text)
    _memcpy_lastbytes                        0x080002ff   Thumb Code     0  rt_memcpy_v6.o(.text)
    __aeabi_memcpy4                          0x08000323   Thumb Code     0  rt_memcpy_w.o(.text)
    __aeabi_memcpy8                          0x08000323   Thumb Code     0  rt_memcpy_w.o(.text)
    __rt_memcpy_w                            0x08000323   Thumb Code   100  rt_memcpy_w.o(.text)
    _memcpy_lastbytes_aligned                0x0800036b   Thumb Code     0  rt_memcpy_w.o(.text)
    __aeabi_memclr                           0x08000387   Thumb Code     0  rt_memclr.o(.text)
    __rt_memclr                              0x08000387   Thumb Code    68  rt_memclr.o(.text)
    _memset                                  0x0800038b   Thumb Code     0  rt_memclr.o(.text)
    __aeabi_memclr4                          0x080003cb   Thumb Code     0  rt_memclr_w.o(.text)
    __aeabi_memclr8                          0x080003cb   Thumb Code     0  rt_memclr_w.o(.text)
    __rt_memclr_w                            0x080003cb   Thumb Code    78  rt_memclr_w.o(.text)
    _memset_w                                0x080003cf   Thumb Code     0  rt_memclr_w.o(.text)
    __use_two_region_memory                  0x08000419   Thumb Code     2  heapauxi.o(.text)
    __rt_heap_escrow                         0x0800041b   Thumb Code     2  heapauxi.o(.text)
    __rt_heap_expand                         0x0800041d   Thumb Code     2  heapauxi.o(.text)
    __user_libspace                          0x08000421   Thumb Code     8  libspace.o(.text)
    __user_perproc_libspace                  0x08000421   Thumb Code     0  libspace.o(.text)
    __user_perthread_libspace                0x08000421   Thumb Code     0  libspace.o(.text)
    __I$use$semihosting                      0x08000429   Thumb Code     0  use_no_semi.o(.text)
    __use_no_semihosting_swi                 0x08000429   Thumb Code     2  use_no_semi.o(.text)
    __semihosting_library_function           0x0800042b   Thumb Code     0  indicate_semi.o(.text)
    __user_setup_stackheap                   0x0800042b   Thumb Code    74  sys_stackheap_outer.o(.text)
    exit                                     0x08000475   Thumb Code    18  exit.o(.text)
    _sys_exit                                0x08000489   Thumb Code     8  sys_exit.o(.text)
    AMMO17_off                               0x08000495   Thumb Code    14  ammo_out_task.o(i.AMMO17_off)
    AMMO42_off                               0x080004a9   Thumb Code    14  ammo_out_task.o(i.AMMO42_off)
    AMMO_OUT_PWM_configuration               0x080004bd   Thumb Code   256  ammo_out_task.o(i.AMMO_OUT_PWM_configuration)
    BSPInit_CompleteBeep                     0x080005c5   Thumb Code    22  buzzer.o(i.BSPInit_CompleteBeep)
    BSP_init                                 0x080005db   Thumb Code   150  main.o(i.BSP_init)
    BusFault_Handler                         0x08000671   Thumb Code     4  stm32f4xx_it.o(i.BusFault_Handler)
    CAN1_CMD_CHASSIS                         0x08000675   Thumb Code    94  can_receive.o(i.CAN1_CMD_CHASSIS)
    CAN1_RX0_IRQHandler                      0x080006d9   Thumb Code    38  can_receive.o(i.CAN1_RX0_IRQHandler)
    CAN1_mode_init                           0x08000869   Thumb Code   264  can.o(i.CAN1_mode_init)
    CAN2_RX0_IRQHandler                      0x08000979   Thumb Code    38  can_receive.o(i.CAN2_RX0_IRQHandler)
    CAN2_mode_init                           0x08000b31   Thumb Code   268  can.o(i.CAN2_mode_init)
    CAN_ClearITPendingBit                    0x08000c45   Thumb Code   162  stm32f4xx_can.o(i.CAN_ClearITPendingBit)
    CAN_FilterInit                           0x08000ced   Thumb Code   258  stm32f4xx_can.o(i.CAN_FilterInit)
    CAN_GetITStatus                          0x08000df5   Thumb Code   284  stm32f4xx_can.o(i.CAN_GetITStatus)
    CAN_ITConfig                             0x08000f15   Thumb Code    18  stm32f4xx_can.o(i.CAN_ITConfig)
    CAN_Init                                 0x08000f27   Thumb Code   276  stm32f4xx_can.o(i.CAN_Init)
    CAN_Receive                              0x0800103b   Thumb Code   240  stm32f4xx_can.o(i.CAN_Receive)
    CAN_Transmit                             0x0800112b   Thumb Code   294  stm32f4xx_can.o(i.CAN_Transmit)
    CATCH_Setup                              0x08001291   Thumb Code    10  catch_task.o(i.CATCH_Setup)
    CATCH_task                               0x0800138d   Thumb Code    28  catch_task.o(i.CATCH_task)
    Cylinder_GPIO_Init                       0x080013bf   Thumb Code    16  cylinder_gpio.o(i.Cylinder_GPIO_Init)
    DMA_ClearFlag                            0x080013d1   Thumb Code    38  stm32f4xx_dma.o(i.DMA_ClearFlag)
    DMA_Cmd                                  0x08001405   Thumb Code    22  stm32f4xx_dma.o(i.DMA_Cmd)
    DMA_DeInit                               0x0800141d   Thumb Code   324  stm32f4xx_dma.o(i.DMA_DeInit)
    DMA_DoubleBufferModeCmd                  0x08001575   Thumb Code    22  stm32f4xx_dma.o(i.DMA_DoubleBufferModeCmd)
    DMA_DoubleBufferModeConfig               0x0800158b   Thumb Code    24  stm32f4xx_dma.o(i.DMA_DoubleBufferModeConfig)
    DMA_GetCurrDataCounter                   0x080015a3   Thumb Code     8  stm32f4xx_dma.o(i.DMA_GetCurrDataCounter)
    DMA_GetCurrentMemoryTarget               0x080015ab   Thumb Code    20  stm32f4xx_dma.o(i.DMA_GetCurrentMemoryTarget)
    DMA_Init                                 0x080015c1   Thumb Code    82  stm32f4xx_dma.o(i.DMA_Init)
    DMA_SetCurrDataCounter                   0x08001619   Thumb Code     4  stm32f4xx_dma.o(i.DMA_SetCurrDataCounter)
    DebugMon_Handler                         0x0800161d   Thumb Code     2  stm32f4xx_it.o(i.DebugMon_Handler)
    DetectHook                               0x08001621   Thumb Code   286  detect_task.o(i.DetectHook)
    GPIO_CMD_Cylinder                        0x0800195d   Thumb Code    96  cylinder_gpio.o(i.GPIO_CMD_Cylinder)
    GPIO_Init                                0x080019c1   Thumb Code   144  stm32f4xx_gpio.o(i.GPIO_Init)
    GPIO_PinAFConfig                         0x08001a51   Thumb Code    70  stm32f4xx_gpio.o(i.GPIO_PinAFConfig)
    GPIO_ReadOutputDataBit                   0x08001a97   Thumb Code    18  stm32f4xx_gpio.o(i.GPIO_ReadOutputDataBit)
    GPIO_ResetBits                           0x08001aa9   Thumb Code     4  stm32f4xx_gpio.o(i.GPIO_ResetBits)
    GPIO_SetBits                             0x08001aad   Thumb Code     4  stm32f4xx_gpio.o(i.GPIO_SetBits)
    GPIO_ToggleBits                          0x08001ab1   Thumb Code     8  stm32f4xx_gpio.o(i.GPIO_ToggleBits)
    GRIPPER_Setup                            0x08001b99   Thumb Code    10  gripper_task.o(i.GRIPPER_Setup)
    GRIPPER_task                             0x08001f19   Thumb Code    34  gripper_task.o(i.GRIPPER_task)
    GetSysTime_us                            0x08001f41   Thumb Code    58  delay.o(i.GetSysTime_us)
    Gimbal_Setup                             0x080020ed   Thumb Code    10  gimbal_task.o(i.Gimbal_Setup)
    Gimbal_Task                              0x080020fd   Thumb Code    54  gimbal_task.o(i.Gimbal_Task)
    HOOK_OUT_PWM_configuration               0x08002141   Thumb Code   274  rescuehook_task.o(i.HOOK_OUT_PWM_configuration)
    HardFault_Handler                        0x08002261   Thumb Code     4  stm32f4xx_it.o(i.HardFault_Handler)
    MemManage_Handler                        0x0800251d   Thumb Code     4  stm32f4xx_it.o(i.MemManage_Handler)
    Motor_RoundCount_Position_Calc           0x08002521   Thumb Code    82  user_lib.o(i.Motor_RoundCount_Position_Calc)
    NMI_Handler                              0x08002573   Thumb Code     2  stm32f4xx_it.o(i.NMI_Handler)
    NVIC_Init                                0x08002575   Thumb Code   106  misc.o(i.NVIC_Init)
    NVIC_PriorityGroupConfig                 0x080025ed   Thumb Code    10  misc.o(i.NVIC_PriorityGroupConfig)
    PID_Calc                                 0x08002601   Thumb Code   492  pid.o(i.PID_Calc)
    PID_Init                                 0x080027f1   Thumb Code    92  pid.o(i.PID_Init)
    PID_clear                                0x08002851   Thumb Code    72  pid.o(i.PID_clear)
    RCC_AHB1PeriphClockCmd                   0x0800289d   Thumb Code    26  stm32f4xx_rcc.o(i.RCC_AHB1PeriphClockCmd)
    RCC_APB1PeriphClockCmd                   0x080028bd   Thumb Code    26  stm32f4xx_rcc.o(i.RCC_APB1PeriphClockCmd)
    RCC_APB1PeriphResetCmd                   0x080028dd   Thumb Code    26  stm32f4xx_rcc.o(i.RCC_APB1PeriphResetCmd)
    RCC_APB2PeriphClockCmd                   0x080028fd   Thumb Code    26  stm32f4xx_rcc.o(i.RCC_APB2PeriphClockCmd)
    RCC_APB2PeriphResetCmd                   0x0800291d   Thumb Code    26  stm32f4xx_rcc.o(i.RCC_APB2PeriphResetCmd)
    RCC_GetClocksFreq                        0x0800293d   Thumb Code   214  stm32f4xx_rcc.o(i.RCC_GetClocksFreq)
    RC_Init                                  0x08002a25   Thumb Code   312  rc.o(i.RC_Init)
    Referee_Task_Init                        0x08002b71   Thumb Code    34  referee_usart_task.o(i.Referee_Task_Init)
    Scheduler_Run                            0x08002cd9   Thumb Code    76  start_task.o(i.Scheduler_Run)
    Scheduler_Setup                          0x08002d29   Thumb Code    76  start_task.o(i.Scheduler_Setup)
    SysTick_CLKSourceConfig                  0x08002e99   Thumb Code    40  misc.o(i.SysTick_CLKSourceConfig)
    SysTick_GetTick                          0x08002ec1   Thumb Code     6  delay.o(i.SysTick_GetTick)
    SysTick_Handler                          0x08002ecd   Thumb Code    22  delay.o(i.SysTick_Handler)
    SystemInit                               0x08002ee9   Thumb Code    88  system_stm32f4xx.o(i.SystemInit)
    TIM6_DAC_IRQHandler                      0x08002f51   Thumb Code    30  can_receive.o(i.TIM6_DAC_IRQHandler)
    TIM_ARRPreloadConfig                     0x08002f75   Thumb Code    24  stm32f4xx_tim.o(i.TIM_ARRPreloadConfig)
    TIM_ClearFlag                            0x08002f8d   Thumb Code     6  stm32f4xx_tim.o(i.TIM_ClearFlag)
    TIM_Cmd                                  0x08002f93   Thumb Code    24  stm32f4xx_tim.o(i.TIM_Cmd)
    TIM_CtrlPWMOutputs                       0x08002fab   Thumb Code    30  stm32f4xx_tim.o(i.TIM_CtrlPWMOutputs)
    TIM_GetITStatus                          0x08002fc9   Thumb Code    34  stm32f4xx_tim.o(i.TIM_GetITStatus)
    TIM_OC1Init                              0x08002fed   Thumb Code   114  stm32f4xx_tim.o(i.TIM_OC1Init)
    TIM_OC1PreloadConfig                     0x08003069   Thumb Code    18  stm32f4xx_tim.o(i.TIM_OC1PreloadConfig)
    TIM_OC3Init                              0x0800307d   Thumb Code   150  stm32f4xx_tim.o(i.TIM_OC3Init)
    TIM_OC3PreloadConfig                     0x0800311d   Thumb Code    18  stm32f4xx_tim.o(i.TIM_OC3PreloadConfig)
    TIM_OC4Init                              0x08003131   Thumb Code   112  stm32f4xx_tim.o(i.TIM_OC4Init)
    TIM_OC4PreloadConfig                     0x080031a9   Thumb Code    26  stm32f4xx_tim.o(i.TIM_OC4PreloadConfig)
    TIM_SetCompare1                          0x080031c3   Thumb Code     4  stm32f4xx_tim.o(i.TIM_SetCompare1)
    TIM_SetCompare3                          0x080031c7   Thumb Code     4  stm32f4xx_tim.o(i.TIM_SetCompare3)
    TIM_SetCompare4                          0x080031cb   Thumb Code     4  stm32f4xx_tim.o(i.TIM_SetCompare4)
    TIM_TimeBaseInit                         0x080031d1   Thumb Code   104  stm32f4xx_tim.o(i.TIM_TimeBaseInit)
    USART1_IRQHandler                        0x08003255   Thumb Code   216  remote_control.o(i.USART1_IRQHandler)
    USART6_DMA_Init                          0x08003345   Thumb Code   324  usart6.o(i.USART6_DMA_Init)
    USART6_IRQHandler                        0x08003495   Thumb Code   198  referee_usart_task.o(i.USART6_IRQHandler)
    USART_ClearFlag                          0x08003579   Thumb Code    18  stm32f4xx_usart.o(i.USART_ClearFlag)
    USART_Cmd                                0x0800358b   Thumb Code    24  stm32f4xx_usart.o(i.USART_Cmd)
    USART_DMACmd                             0x080035a3   Thumb Code    18  stm32f4xx_usart.o(i.USART_DMACmd)
    USART_DeInit                             0x080035b5   Thumb Code   206  stm32f4xx_usart.o(i.USART_DeInit)
    USART_GetITStatus                        0x080036a5   Thumb Code    84  stm32f4xx_usart.o(i.USART_GetITStatus)
    USART_ITConfig                           0x080036f9   Thumb Code    74  stm32f4xx_usart.o(i.USART_ITConfig)
    USART_Init                               0x08003745   Thumb Code   204  stm32f4xx_usart.o(i.USART_Init)
    USART_ReceiveData                        0x08003819   Thumb Code    10  stm32f4xx_usart.o(i.USART_ReceiveData)
    UsageFault_Handler                       0x08003823   Thumb Code     4  stm32f4xx_it.o(i.UsageFault_Handler)
    XYZ_MOTION_Setup                         0x08003829   Thumb Code    10  xyz_motion_task.o(i.XYZ_MOTION_Setup)
    XYZ_MOTION_task                          0x08003d1d   Thumb Code    34  xyz_motion_task.o(i.XYZ_MOTION_task)
    __hardfp_fabs                            0x08003e6b   Thumb Code    20  fabs.o(i.__hardfp_fabs)
    buzzer_init                              0x08003e85   Thumb Code   174  buzzer.o(i.buzzer_init)
    buzzer_off                               0x08003f3d   Thumb Code    12  buzzer.o(i.buzzer_off)
    buzzer_on                                0x08003f4d   Thumb Code    22  buzzer.o(i.buzzer_on)
    chassis_Setup                            0x08003f69   Thumb Code    10  chassis_task.o(i.chassis_Setup)
    chassis_behaviour_control_set            0x08003f79   Thumb Code    70  chassis_behaviour.o(i.chassis_behaviour_control_set)
    chassis_behaviour_mode_set               0x08003fc5   Thumb Code    78  chassis_behaviour.o(i.chassis_behaviour_mode_set)
    chassis_rc_to_control_vector             0x08004479   Thumb Code   320  chassis_task.o(i.chassis_rc_to_control_vector)
    chassis_task                             0x08004685   Thumb Code    56  chassis_task.o(i.chassis_task)
    delay_init                               0x08004715   Thumb Code    90  delay.o(i.delay_init)
    delay_ms                                 0x08004781   Thumb Code    76  delay.o(i.delay_ms)
    delay_us                                 0x080047d1   Thumb Code    76  delay.o(i.delay_us)
    fifo_s_get                               0x08004821   Thumb Code    58  fifo.o(i.fifo_s_get)
    fifo_s_init                              0x0800485b   Thumb Code    22  fifo.o(i.fifo_s_init)
    fifo_s_puts                              0x08004871   Thumb Code   160  fifo.o(i.fifo_s_puts)
    fifo_s_used                              0x08004911   Thumb Code     6  fifo.o(i.fifo_s_used)
    first_order_filter_cali                  0x08004917   Thumb Code    84  user_lib.o(i.first_order_filter_cali)
    first_order_filter_init                  0x0800496d   Thumb Code    32  user_lib.o(i.first_order_filter_init)
    flow_led_Combo1                          0x08004991   Thumb Code    58  led.o(i.flow_led_Combo1)
    flow_led_off                             0x080049d5   Thumb Code    20  led.o(i.flow_led_off)
    flow_led_toggle                          0x080049ed   Thumb Code    20  led.o(i.flow_led_toggle)
    fp32_constrain                           0x08004a05   Thumb Code    42  user_lib.o(i.fp32_constrain)
    get_CRC16_check_sum                      0x08004a31   Thumb Code    46  crc8_crc16.o(i.get_CRC16_check_sum)
    get_CRC8_check_sum                       0x08004a65   Thumb Code    30  crc8_crc16.o(i.get_CRC8_check_sum)
    get_Chassis_Motor_Measure_Point          0x08004a89   Thumb Code    18  can_receive.o(i.get_Chassis_Motor_Measure_Point)
    get_GRIPPER_1_MOTOR_Measure_Point        0x08004aa1   Thumb Code     4  can_receive.o(i.get_GRIPPER_1_MOTOR_Measure_Point)
    get_GRIPPER_2_MOTOR_Measure_Point        0x08004aa9   Thumb Code     4  can_receive.o(i.get_GRIPPER_2_MOTOR_Measure_Point)
    get_PITCH_MOTOR_Measure_Point            0x08004ab1   Thumb Code     4  can_receive.o(i.get_PITCH_MOTOR_Measure_Point)
    get_YAW_MOTOR_Measure_Point              0x08004ab9   Thumb Code     4  can_receive.o(i.get_YAW_MOTOR_Measure_Point)
    get_Y_MOTION_MOTOR_Measure_Point         0x08004ac1   Thumb Code     4  can_receive.o(i.get_Y_MOTION_MOTOR_Measure_Point)
    get_Z_MOTION_MOTOR1_Measure_Point        0x08004ac9   Thumb Code     4  can_receive.o(i.get_Z_MOTION_MOTOR1_Measure_Point)
    get_Z_MOTION_MOTOR2_Measure_Point        0x08004ad1   Thumb Code     4  can_receive.o(i.get_Z_MOTION_MOTOR2_Measure_Point)
    get_remote_control_point                 0x08004ad9   Thumb Code     4  remote_control.o(i.get_remote_control_point)
    laser_configuration                      0x08004ba5   Thumb Code    54  laser.o(i.laser_configuration)
    laser_on                                 0x08004be1   Thumb Code    14  laser.o(i.laser_on)
    led_configuration                        0x08004bf5   Thumb Code   104  led.o(i.led_configuration)
    led_green_on                             0x08004c69   Thumb Code    14  led.o(i.led_green_on)
    led_red_on                               0x08004c7d   Thumb Code    14  led.o(i.led_red_on)
    main                                     0x08004c91   Thumb Code    22  main.o(i.main)
    power_ctrl_configuration                 0x08004ca9   Thumb Code    66  power_ctrl.o(i.power_ctrl_configuration)
    power_ctrl_off                           0x08004cf1   Thumb Code    26  power_ctrl.o(i.power_ctrl_off)
    power_ctrl_on                            0x08004d11   Thumb Code    26  power_ctrl.o(i.power_ctrl_on)
    referee_usart_task                       0x08004eb1   Thumb Code     8  referee_usart_task.o(i.referee_usart_task)
    remote_control_init                      0x08004eb9   Thumb Code    16  remote_control.o(i.remote_control_init)
    second_order_filter_calc                 0x08004ecd   Thumb Code    74  user_lib.o(i.second_order_filter_calc)
    second_order_filter_init                 0x08004f19   Thumb Code    64  user_lib.o(i.second_order_filter_init)
    sys_time                                 0x08004f5d   Thumb Code    12  delay.o(i.sys_time)
    verify_CRC16_check_sum                   0x08004f6d   Thumb Code    60  crc8_crc16.o(i.verify_CRC16_check_sum)
    verify_CRC8_check_sum                    0x08004fad   Thumb Code    46  crc8_crc16.o(i.verify_CRC8_check_sum)
    __aeabi_d2f                              0x08004fdd   Thumb Code     0  d2f.o(x$fpl$d2f)
    _d2f                                     0x08004fdd   Thumb Code    98  d2f.o(x$fpl$d2f)
    __fpl_dnaninf                            0x0800503f   Thumb Code   156  dnaninf.o(x$fpl$dnaninf)
    __fpl_dretinf                            0x080050db   Thumb Code    12  dretinf.o(x$fpl$dretinf)
    __aeabi_f2d                              0x080050e9   Thumb Code     0  f2d.o(x$fpl$f2d)
    _f2d                                     0x080050e9   Thumb Code    86  f2d.o(x$fpl$f2d)
    __aeabi_ul2f                             0x0800513f   Thumb Code     0  ffltll_clz.o(x$fpl$ffltll)
    _ll_uto_f                                0x0800513f   Thumb Code     6  ffltll_clz.o(x$fpl$ffltll)
    __aeabi_l2f                              0x08005145   Thumb Code     0  ffltll_clz.o(x$fpl$ffltll)
    _ll_sto_f                                0x08005145   Thumb Code    90  ffltll_clz.o(x$fpl$ffltll)
    __fpl_fnaninf                            0x0800519f   Thumb Code   140  fnaninf.o(x$fpl$fnaninf)
    _fp_init                                 0x0800522b   Thumb Code    10  fpinit.o(x$fpl$fpinit)
    __fplib_config_fpu_vfp                   0x08005233   Thumb Code     0  fpinit.o(x$fpl$fpinit)
    __fplib_config_pureend_doubles           0x08005233   Thumb Code     0  fpinit.o(x$fpl$fpinit)
    __fpl_fretinf                            0x08005235   Thumb Code    10  fretinf.o(x$fpl$fretinf)
    __aeabi_f2lz                             0x08005241   Thumb Code     0  ffixll.o(x$fpl$llsfromf)
    _ll_sfrom_f                              0x08005241   Thumb Code   134  ffixll.o(x$fpl$llsfromf)
    __I$use$fp                               0x080052c6   Number         0  usenofp.o(x$fpl$usenofp)
    CRC8_INIT                                0x08005324   Data           1  crc8_crc16.o(.constdata)
    CRC8_table                               0x08005325   Data         256  crc8_crc16.o(.constdata)
    wCRC_table                               0x08005426   Data         512  crc8_crc16.o(.constdata)
    Region$$Table$$Base                      0x080056a0   Number         0  anon$$obj.o(Region$$Table)
    Region$$Table$$Limit                     0x080056c0   Number         0  anon$$obj.o(Region$$Table)
    SystemCoreClock                          0x20000000   Data           4  system_stm32f4xx.o(.data)
    AHBPrescTable                            0x20000004   Data          16  system_stm32f4xx.o(.data)
    systime_ms                               0x2000002c   Data           4  delay.o(.data)
    sysTickUptime                            0x20000030   Data           4  delay.o(.data)
    game_state                               0x200000b4   Data           3  referee_usart_task.o(.data)
    game_result                              0x200000b7   Data           1  referee_usart_task.o(.data)
    field_event                              0x200000b8   Data           4  referee_usart_task.o(.data)
    supply_projectile_action_t               0x200000bc   Data           4  referee_usart_task.o(.data)
    supply_projectile_booking_t              0x200000c0   Data           3  referee_usart_task.o(.data)
    referee_warning_t                        0x200000c3   Data           2  referee_usart_task.o(.data)
    buff_musk_t                              0x200000c5   Data           1  referee_usart_task.o(.data)
    robot_energy_t                           0x200000c6   Data           2  referee_usart_task.o(.data)
    robot_hurt_t                             0x200000c8   Data           1  referee_usart_task.o(.data)
    shoot_data_t                             0x200000c9   Data           6  referee_usart_task.o(.data)
    bullet_remaining_t                       0x200000cf   Data           1  referee_usart_task.o(.data)
    Judge_Self_ID                            0x200000d0   Data           1  referee_usart_task.o(.data)
    Judge_SelfClient_ID                      0x200000d2   Data           2  referee_usart_task.o(.data)
    judge                                    0x200000d4   Data           4  referee_usart_task.o(.data)
    referee_receive_header                   0x200000d8   Data           5  referee_usart_task.o(.data)
    referee_send_header                      0x200000dd   Data           5  referee_usart_task.o(.data)
    CRC16_INIT                               0x200000e6   Data           2  crc8_crc16.o(.data)
    testt                                    0x200000e8   Data           1  xyz_motion_task.o(.data)
    Yaw_Can_Set_Current                      0x20000110   Data           2  gimbal_task.o(.data)
    Pitch_Can_Set_Current                    0x20000112   Data           2  gimbal_task.o(.data)
    Shoot_Can_Set_Current                    0x20000114   Data           2  gimbal_task.o(.data)
    Y_motion_motor                           0x20000118   Data          10  can_receive.o(.bss)
    Z_motion_motor1                          0x20000122   Data          10  can_receive.o(.bss)
    Z_motion_motor2                          0x2000012c   Data          10  can_receive.o(.bss)
    gripper_1_motor                          0x20000136   Data          10  can_receive.o(.bss)
    gripper_2_motor                          0x20000140   Data          10  can_receive.o(.bss)
    gimbal_yaw_motor                         0x2000014a   Data          10  can_receive.o(.bss)
    gimbal_pitch_motor                       0x20000154   Data          10  can_receive.o(.bss)
    motor_chassis                            0x2000015e   Data          40  can_receive.o(.bss)
    ammo17_hatch_motor                       0x20000186   Data          10  can_receive.o(.bss)
    ammo42_hatch_motor                       0x20000190   Data          10  can_receive.o(.bss)
    chassis_move                             0x200001d8   Data         548  chassis_task.o(.bss)
    rc_ctrl                                  0x20000540   Data          22  remote_control.o(.bss)
    SBUS_rx_buf                              0x20000556   Data          72  remote_control.o(.bss)
    test_dT_1000hz                           0x200005a0   Data          12  start_task.o(.bss)
    test_rT                                  0x200005ac   Data          24  start_task.o(.bss)
    GRIPPER_move                             0x200005c8   Data         464  gripper_task.o(.bss)
    CATCH_move                               0x20000798   Data          20  catch_task.o(.bss)
    usart6_buf                               0x200007ac   Data        1024  referee_usart_task.o(.bss)
    referee_fifo                             0x20000bac   Data          24  referee_usart_task.o(.bss)
    referee_fifo_buf                         0x20000bc4   Data        1024  referee_usart_task.o(.bss)
    game_robot_HP_t                          0x20000fc4   Data          28  referee_usart_task.o(.bss)
    robot_state                              0x20000fe0   Data          15  referee_usart_task.o(.bss)
    power_heat_data_t                        0x20000fef   Data          14  referee_usart_task.o(.bss)
    game_robot_pos_t                         0x20000ffd   Data          16  referee_usart_task.o(.bss)
    student_interactive_data                 0x2000100d   Data          12  referee_usart_task.o(.bss)
    RobotCommunatianData                     0x20001019   Data         128  referee_usart_task.o(.bss)
    client_com_graphic_single                0x20001099   Data          30  referee_usart_task.o(.bss)
    referee_unpack_obj                       0x200010b7   Data         137  referee_usart_task.o(.bss)
    TeammateTxBuffer                         0x20001140   Data         128  referee_usart_task.o(.bss)
    XYZ_MOTION_move                          0x200011c0   Data         584  xyz_motion_task.o(.bss)
    Gimbal_System                            0x20001408   Data         332  gimbal_task.o(.bss)
    __libspace_start                         0x2000156c   Data          96  libspace.o(.bss)
    __temporary_stack_top$libspace           0x200015cc   Data           0  libspace.o(.bss)



==============================================================================

Memory Map of the image

  Image Entry point : 0x080001ad

  Load Region LR_IROM1 (Base: 0x08000000, Size: 0x000057d8, Max: 0x00200000, ABSOLUTE)

    Execution Region ER_IROM1 (Exec base: 0x08000000, Load base: 0x08000000, Size: 0x000056c0, Max: 0x00200000, ABSOLUTE)

    Exec Addr    Load Addr    Size         Type   Attr      Idx    E Section Name        Object

    0x08000000   0x08000000   0x000001ac   Data   RO            3    RESET               startup_stm32f427xx.o
    0x080001ac   0x080001ac   0x00000008   Code   RO         7718  * !!!main             c_w.l(__main.o)
    0x080001b4   0x080001b4   0x00000034   Code   RO         7944    !!!scatter          c_w.l(__scatter.o)
    0x080001e8   0x080001e8   0x0000001a   Code   RO         7946    !!handler_copy      c_w.l(__scatter_copy.o)
    0x08000202   0x08000202   0x00000002   PAD
    0x08000204   0x08000204   0x0000001c   Code   RO         7948    !!handler_zi        c_w.l(__scatter_zi.o)
    0x08000220   0x08000220   0x00000002   Code   RO         7883    .ARM.Collect$$libinit$$00000000  c_w.l(libinit.o)
    0x08000222   0x08000222   0x00000004   Code   RO         7766    .ARM.Collect$$libinit$$00000001  c_w.l(libinit2.o)
    0x08000226   0x08000226   0x00000000   Code   RO         7769    .ARM.Collect$$libinit$$00000004  c_w.l(libinit2.o)
    0x08000226   0x08000226   0x00000000   Code   RO         7772    .ARM.Collect$$libinit$$0000000A  c_w.l(libinit2.o)
    0x08000226   0x08000226   0x00000000   Code   RO         7774    .ARM.Collect$$libinit$$0000000C  c_w.l(libinit2.o)
    0x08000226   0x08000226   0x00000000   Code   RO         7776    .ARM.Collect$$libinit$$0000000E  c_w.l(libinit2.o)
    0x08000226   0x08000226   0x00000000   Code   RO         7779    .ARM.Collect$$libinit$$00000011  c_w.l(libinit2.o)
    0x08000226   0x08000226   0x00000000   Code   RO         7781    .ARM.Collect$$libinit$$00000013  c_w.l(libinit2.o)
    0x08000226   0x08000226   0x00000000   Code   RO         7783    .ARM.Collect$$libinit$$00000015  c_w.l(libinit2.o)
    0x08000226   0x08000226   0x00000000   Code   RO         7785    .ARM.Collect$$libinit$$00000017  c_w.l(libinit2.o)
    0x08000226   0x08000226   0x00000000   Code   RO         7787    .ARM.Collect$$libinit$$00000019  c_w.l(libinit2.o)
    0x08000226   0x08000226   0x00000000   Code   RO         7789    .ARM.Collect$$libinit$$0000001B  c_w.l(libinit2.o)
    0x08000226   0x08000226   0x00000000   Code   RO         7791    .ARM.Collect$$libinit$$0000001D  c_w.l(libinit2.o)
    0x08000226   0x08000226   0x00000000   Code   RO         7793    .ARM.Collect$$libinit$$0000001F  c_w.l(libinit2.o)
    0x08000226   0x08000226   0x00000000   Code   RO         7795    .ARM.Collect$$libinit$$00000021  c_w.l(libinit2.o)
    0x08000226   0x08000226   0x00000000   Code   RO         7797    .ARM.Collect$$libinit$$00000023  c_w.l(libinit2.o)
    0x08000226   0x08000226   0x00000000   Code   RO         7799    .ARM.Collect$$libinit$$00000025  c_w.l(libinit2.o)
    0x08000226   0x08000226   0x00000000   Code   RO         7803    .ARM.Collect$$libinit$$0000002C  c_w.l(libinit2.o)
    0x08000226   0x08000226   0x00000000   Code   RO         7805    .ARM.Collect$$libinit$$0000002E  c_w.l(libinit2.o)
    0x08000226   0x08000226   0x00000000   Code   RO         7807    .ARM.Collect$$libinit$$00000030  c_w.l(libinit2.o)
    0x08000226   0x08000226   0x00000000   Code   RO         7809    .ARM.Collect$$libinit$$00000032  c_w.l(libinit2.o)
    0x08000226   0x08000226   0x00000002   Code   RO         7810    .ARM.Collect$$libinit$$00000033  c_w.l(libinit2.o)
    0x08000228   0x08000228   0x00000002   Code   RO         7941    .ARM.Collect$$libshutdown$$00000000  c_w.l(libshutdown.o)
    0x0800022a   0x0800022a   0x00000000   Code   RO         7897    .ARM.Collect$$libshutdown$$00000002  c_w.l(libshutdown2.o)
    0x0800022a   0x0800022a   0x00000000   Code   RO         7899    .ARM.Collect$$libshutdown$$00000004  c_w.l(libshutdown2.o)
    0x0800022a   0x0800022a   0x00000000   Code   RO         7902    .ARM.Collect$$libshutdown$$00000007  c_w.l(libshutdown2.o)
    0x0800022a   0x0800022a   0x00000000   Code   RO         7905    .ARM.Collect$$libshutdown$$0000000A  c_w.l(libshutdown2.o)
    0x0800022a   0x0800022a   0x00000000   Code   RO         7907    .ARM.Collect$$libshutdown$$0000000C  c_w.l(libshutdown2.o)
    0x0800022a   0x0800022a   0x00000000   Code   RO         7910    .ARM.Collect$$libshutdown$$0000000F  c_w.l(libshutdown2.o)
    0x0800022a   0x0800022a   0x00000002   Code   RO         7911    .ARM.Collect$$libshutdown$$00000010  c_w.l(libshutdown2.o)
    0x0800022c   0x0800022c   0x00000000   Code   RO         7738    .ARM.Collect$$rtentry$$00000000  c_w.l(__rtentry.o)
    0x0800022c   0x0800022c   0x00000000   Code   RO         7826    .ARM.Collect$$rtentry$$00000002  c_w.l(__rtentry2.o)
    0x0800022c   0x0800022c   0x00000006   Code   RO         7838    .ARM.Collect$$rtentry$$00000004  c_w.l(__rtentry4.o)
    0x08000232   0x08000232   0x00000000   Code   RO         7828    .ARM.Collect$$rtentry$$00000009  c_w.l(__rtentry2.o)
    0x08000232   0x08000232   0x00000004   Code   RO         7829    .ARM.Collect$$rtentry$$0000000A  c_w.l(__rtentry2.o)
    0x08000236   0x08000236   0x00000000   Code   RO         7831    .ARM.Collect$$rtentry$$0000000C  c_w.l(__rtentry2.o)
    0x08000236   0x08000236   0x00000008   Code   RO         7832    .ARM.Collect$$rtentry$$0000000D  c_w.l(__rtentry2.o)
    0x0800023e   0x0800023e   0x00000002   Code   RO         7886    .ARM.Collect$$rtexit$$00000000  c_w.l(rtexit.o)
    0x08000240   0x08000240   0x00000000   Code   RO         7915    .ARM.Collect$$rtexit$$00000002  c_w.l(rtexit2.o)
    0x08000240   0x08000240   0x00000004   Code   RO         7916    .ARM.Collect$$rtexit$$00000003  c_w.l(rtexit2.o)
    0x08000244   0x08000244   0x00000006   Code   RO         7917    .ARM.Collect$$rtexit$$00000004  c_w.l(rtexit2.o)
    0x0800024a   0x0800024a   0x00000002   PAD
    0x0800024c   0x0800024c   0x0000004c   Code   RO            4    .text               startup_stm32f427xx.o
    0x08000298   0x08000298   0x0000008a   Code   RO         7708    .text               c_w.l(rt_memcpy_v6.o)
    0x08000322   0x08000322   0x00000064   Code   RO         7710    .text               c_w.l(rt_memcpy_w.o)
    0x08000386   0x08000386   0x00000044   Code   RO         7712    .text               c_w.l(rt_memclr.o)
    0x080003ca   0x080003ca   0x0000004e   Code   RO         7714    .text               c_w.l(rt_memclr_w.o)
    0x08000418   0x08000418   0x00000006   Code   RO         7716    .text               c_w.l(heapauxi.o)
    0x0800041e   0x0800041e   0x00000002   PAD
    0x08000420   0x08000420   0x00000008   Code   RO         7822    .text               c_w.l(libspace.o)
    0x08000428   0x08000428   0x00000002   Code   RO         7859    .text               c_w.l(use_no_semi.o)
    0x0800042a   0x0800042a   0x00000000   Code   RO         7861    .text               c_w.l(indicate_semi.o)
    0x0800042a   0x0800042a   0x0000004a   Code   RO         7862    .text               c_w.l(sys_stackheap_outer.o)
    0x08000474   0x08000474   0x00000012   Code   RO         7868    .text               c_w.l(exit.o)
    0x08000486   0x08000486   0x00000002   PAD
    0x08000488   0x08000488   0x0000000c   Code   RO         7884    .text               c_w.l(sys_exit.o)
    0x08000494   0x08000494   0x00000014   Code   RO         6797    i.AMMO17_off        ammo_out_task.o
    0x080004a8   0x080004a8   0x00000014   Code   RO         6799    i.AMMO42_off        ammo_out_task.o
    0x080004bc   0x080004bc   0x00000108   Code   RO         6803    i.AMMO_OUT_PWM_configuration  ammo_out_task.o
    0x080005c4   0x080005c4   0x00000016   Code   RO         5591    i.BSPInit_CompleteBeep  buzzer.o
    0x080005da   0x080005da   0x00000096   Code   RO         5423    i.BSP_init          main.o
    0x08000670   0x08000670   0x00000004   Code   RO           13    i.BusFault_Handler  stm32f4xx_it.o
    0x08000674   0x08000674   0x00000064   Code   RO         6271    i.CAN1_CMD_CHASSIS  can_receive.o
    0x080006d8   0x080006d8   0x00000030   Code   RO         6273    i.CAN1_RX0_IRQHandler  can_receive.o
    0x08000708   0x08000708   0x00000160   Code   RO         6274    i.CAN1_hook         can_receive.o
    0x08000868   0x08000868   0x00000110   Code   RO         5642    i.CAN1_mode_init    can.o
    0x08000978   0x08000978   0x00000030   Code   RO         6276    i.CAN2_RX0_IRQHandler  can_receive.o
    0x080009a8   0x080009a8   0x00000188   Code   RO         6277    i.CAN2_hook         can_receive.o
    0x08000b30   0x08000b30   0x00000114   Code   RO         5643    i.CAN2_mode_init    can.o
    0x08000c44   0x08000c44   0x000000a8   Code   RO          527    i.CAN_ClearITPendingBit  stm32f4xx_can.o
    0x08000cec   0x08000cec   0x00000108   Code   RO          531    i.CAN_FilterInit    stm32f4xx_can.o
    0x08000df4   0x08000df4   0x00000120   Code   RO          533    i.CAN_GetITStatus   stm32f4xx_can.o
    0x08000f14   0x08000f14   0x00000012   Code   RO          537    i.CAN_ITConfig      stm32f4xx_can.o
    0x08000f26   0x08000f26   0x00000114   Code   RO          538    i.CAN_Init          stm32f4xx_can.o
    0x0800103a   0x0800103a   0x000000f0   Code   RO          541    i.CAN_Receive       stm32f4xx_can.o
    0x0800112a   0x0800112a   0x00000126   Code   RO          546    i.CAN_Transmit      stm32f4xx_can.o
    0x08001250   0x08001250   0x00000040   Code   RO         6226    i.CATCH_GPIO_init   cylinder_gpio.o
    0x08001290   0x08001290   0x00000010   Code   RO         6935    i.CATCH_Setup       catch_task.o
    0x080012a0   0x080012a0   0x00000026   Code   RO         6936    i.CATCH_contorl     catch_task.o
    0x080012c6   0x080012c6   0x00000002   PAD
    0x080012c8   0x080012c8   0x00000058   Code   RO         6937    i.CATCH_feedback_update  catch_task.o
    0x08001320   0x08001320   0x00000024   Code   RO         6938    i.CATCH_init        catch_task.o
    0x08001344   0x08001344   0x00000016   Code   RO         6939    i.CATCH_mode_transit  catch_task.o
    0x0800135a   0x0800135a   0x00000002   PAD
    0x0800135c   0x0800135c   0x00000030   Code   RO         6940    i.CATCH_set_mode    catch_task.o
    0x0800138c   0x0800138c   0x00000020   Code   RO         6941    i.CATCH_task        catch_task.o
    0x080013ac   0x080013ac   0x00000012   Code   RO          549    i.CheckITStatus     stm32f4xx_can.o
    0x080013be   0x080013be   0x00000010   Code   RO         6227    i.Cylinder_GPIO_Init  cylinder_gpio.o
    0x080013ce   0x080013ce   0x00000002   PAD
    0x080013d0   0x080013d0   0x00000034   Code   RO         1304    i.DMA_ClearFlag     stm32f4xx_dma.o
    0x08001404   0x08001404   0x00000016   Code   RO         1306    i.DMA_Cmd           stm32f4xx_dma.o
    0x0800141a   0x0800141a   0x00000002   PAD
    0x0800141c   0x0800141c   0x00000158   Code   RO         1307    i.DMA_DeInit        stm32f4xx_dma.o
    0x08001574   0x08001574   0x00000016   Code   RO         1308    i.DMA_DoubleBufferModeCmd  stm32f4xx_dma.o
    0x0800158a   0x0800158a   0x00000018   Code   RO         1309    i.DMA_DoubleBufferModeConfig  stm32f4xx_dma.o
    0x080015a2   0x080015a2   0x00000008   Code   RO         1312    i.DMA_GetCurrDataCounter  stm32f4xx_dma.o
    0x080015aa   0x080015aa   0x00000014   Code   RO         1313    i.DMA_GetCurrentMemoryTarget  stm32f4xx_dma.o
    0x080015be   0x080015be   0x00000002   PAD
    0x080015c0   0x080015c0   0x00000058   Code   RO         1318    i.DMA_Init          stm32f4xx_dma.o
    0x08001618   0x08001618   0x00000004   Code   RO         1321    i.DMA_SetCurrDataCounter  stm32f4xx_dma.o
    0x0800161c   0x0800161c   0x00000002   Code   RO           14    i.DebugMon_Handler  stm32f4xx_it.o
    0x0800161e   0x0800161e   0x00000002   PAD
    0x08001620   0x08001620   0x00000128   Code   RO         6542    i.DetectHook        detect_task.o
    0x08001748   0x08001748   0x00000030   Code   RO         7565    i.GIMBAL_PID_Init   gimbal_task.o
    0x08001778   0x08001778   0x000001e4   Code   RO         7566    i.GImbal_Feedback_Update  gimbal_task.o
    0x0800195c   0x0800195c   0x00000064   Code   RO         6228    i.GPIO_CMD_Cylinder  cylinder_gpio.o
    0x080019c0   0x080019c0   0x00000090   Code   RO         2151    i.GPIO_Init         stm32f4xx_gpio.o
    0x08001a50   0x08001a50   0x00000046   Code   RO         2152    i.GPIO_PinAFConfig  stm32f4xx_gpio.o
    0x08001a96   0x08001a96   0x00000012   Code   RO         2157    i.GPIO_ReadOutputDataBit  stm32f4xx_gpio.o
    0x08001aa8   0x08001aa8   0x00000004   Code   RO         2158    i.GPIO_ResetBits    stm32f4xx_gpio.o
    0x08001aac   0x08001aac   0x00000004   Code   RO         2159    i.GPIO_SetBits      stm32f4xx_gpio.o
    0x08001ab0   0x08001ab0   0x00000008   Code   RO         2161    i.GPIO_ToggleBits   stm32f4xx_gpio.o
    0x08001ab8   0x08001ab8   0x0000006c   Code   RO         6857    i.GPRIPPER_MOTOR1_PID_Task  gripper_task.o
    0x08001b24   0x08001b24   0x00000074   Code   RO         6858    i.GPRIPPER_MOTOR2_PID_Task  gripper_task.o
    0x08001b98   0x08001b98   0x00000010   Code   RO         6859    i.GRIPPER_Setup     gripper_task.o
    0x08001ba8   0x08001ba8   0x00000024   Code   RO         6860    i.GRIPPER_control_loop  gripper_task.o
    0x08001bcc   0x08001bcc   0x00000110   Code   RO         6861    i.GRIPPER_feedback_update  gripper_task.o
    0x08001cdc   0x08001cdc   0x000000cc   Code   RO         6862    i.GRIPPER_init      gripper_task.o
    0x08001da8   0x08001da8   0x00000016   Code   RO         6863    i.GRIPPER_mode_transit  gripper_task.o
    0x08001dbe   0x08001dbe   0x00000002   PAD
    0x08001dc0   0x08001dc0   0x00000128   Code   RO         6864    i.GRIPPER_set_contorl  gripper_task.o
    0x08001ee8   0x08001ee8   0x00000030   Code   RO         6865    i.GRIPPER_set_mode  gripper_task.o
    0x08001f18   0x08001f18   0x00000028   Code   RO         6866    i.GRIPPER_task      gripper_task.o
    0x08001f40   0x08001f40   0x00000040   Code   RO         5675    i.GetSysTime_us     delay.o
    0x08001f80   0x08001f80   0x00000008   Code   RO         7567    i.Gimbal_Calculate  gimbal_task.o
    0x08001f88   0x08001f88   0x0000011c   Code   RO         7568    i.Gimbal_Init       gimbal_task.o
    0x080020a4   0x080020a4   0x00000008   Code   RO         7569    i.Gimbal_Mode_Change_Save  gimbal_task.o
    0x080020ac   0x080020ac   0x00000030   Code   RO         7570    i.Gimbal_PID_clear  gimbal_task.o
    0x080020dc   0x080020dc   0x00000008   Code   RO         7571    i.Gimbal_Set_Contorl  gimbal_task.o
    0x080020e4   0x080020e4   0x00000008   Code   RO         7572    i.Gimbal_Set_Mode   gimbal_task.o
    0x080020ec   0x080020ec   0x00000010   Code   RO         7573    i.Gimbal_Setup      gimbal_task.o
    0x080020fc   0x080020fc   0x00000044   Code   RO         7574    i.Gimbal_Task       gimbal_task.o
    0x08002140   0x08002140   0x00000120   Code   RO         6996    i.HOOK_OUT_PWM_configuration  rescuehook_task.o
    0x08002260   0x08002260   0x00000004   Code   RO           15    i.HardFault_Handler  stm32f4xx_it.o
    0x08002264   0x08002264   0x0000022c   Code   RO         7124    i.Judge_Read_Data   referee_usart_task.o
    0x08002490   0x08002490   0x00000054   Code   RO         6711    i.Loop_1000Hz       start_task.o
    0x080024e4   0x080024e4   0x00000024   Code   RO         6712    i.Loop_100Hz        start_task.o
    0x08002508   0x08002508   0x00000002   Code   RO         6713    i.Loop_200Hz        start_task.o
    0x0800250a   0x0800250a   0x00000002   Code   RO         6714    i.Loop_20Hz         start_task.o
    0x0800250c   0x0800250c   0x00000002   Code   RO         6715    i.Loop_2Hz          start_task.o
    0x0800250e   0x0800250e   0x0000000c   Code   RO         6716    i.Loop_500Hz        start_task.o
    0x0800251a   0x0800251a   0x00000002   Code   RO         6717    i.Loop_50Hz         start_task.o
    0x0800251c   0x0800251c   0x00000004   Code   RO           16    i.MemManage_Handler  stm32f4xx_it.o
    0x08002520   0x08002520   0x00000052   Code   RO         5296    i.Motor_RoundCount_Position_Calc  user_lib.o
    0x08002572   0x08002572   0x00000002   Code   RO           17    i.NMI_Handler       stm32f4xx_it.o
    0x08002574   0x08002574   0x00000078   Code   RO          231    i.NVIC_Init         misc.o
    0x080025ec   0x080025ec   0x00000014   Code   RO          232    i.NVIC_PriorityGroupConfig  misc.o
    0x08002600   0x08002600   0x000001f0   Code   RO         6601    i.PID_Calc          pid.o
    0x080027f0   0x080027f0   0x00000060   Code   RO         6602    i.PID_Init          pid.o
    0x08002850   0x08002850   0x0000004c   Code   RO         6603    i.PID_clear         pid.o
    0x0800289c   0x0800289c   0x00000020   Code   RO         3089    i.RCC_AHB1PeriphClockCmd  stm32f4xx_rcc.o
    0x080028bc   0x080028bc   0x00000020   Code   RO         3098    i.RCC_APB1PeriphClockCmd  stm32f4xx_rcc.o
    0x080028dc   0x080028dc   0x00000020   Code   RO         3100    i.RCC_APB1PeriphResetCmd  stm32f4xx_rcc.o
    0x080028fc   0x080028fc   0x00000020   Code   RO         3101    i.RCC_APB2PeriphClockCmd  stm32f4xx_rcc.o
    0x0800291c   0x0800291c   0x00000020   Code   RO         3103    i.RCC_APB2PeriphResetCmd  stm32f4xx_rcc.o
    0x0800293c   0x0800293c   0x000000e8   Code   RO         3110    i.RCC_GetClocksFreq  stm32f4xx_rcc.o
    0x08002a24   0x08002a24   0x0000014c   Code   RO         6009    i.RC_Init           rc.o
    0x08002b70   0x08002b70   0x00000030   Code   RO         7125    i.Referee_Task_Init  referee_usart_task.o
    0x08002ba0   0x08002ba0   0x0000001c   Code   RO         6998    i.RescueHook_Reset  rescuehook_task.o
    0x08002bbc   0x08002bbc   0x00000040   Code   RO         6229    i.Rescue_GPIO_init  cylinder_gpio.o
    0x08002bfc   0x08002bfc   0x000000da   Code   RO         6642    i.SBUS_TO_RC        remote_control.o
    0x08002cd6   0x08002cd6   0x00000002   PAD
    0x08002cd8   0x08002cd8   0x00000050   Code   RO         6718    i.Scheduler_Run     start_task.o
    0x08002d28   0x08002d28   0x00000050   Code   RO         6719    i.Scheduler_Setup   start_task.o
    0x08002d78   0x08002d78   0x00000120   Code   RO          190    i.SetSysClock       system_stm32f4xx.o
    0x08002e98   0x08002e98   0x00000028   Code   RO          235    i.SysTick_CLKSourceConfig  misc.o
    0x08002ec0   0x08002ec0   0x0000000c   Code   RO         5676    i.SysTick_GetTick   delay.o
    0x08002ecc   0x08002ecc   0x0000001c   Code   RO         5677    i.SysTick_Handler   delay.o
    0x08002ee8   0x08002ee8   0x00000068   Code   RO          192    i.SystemInit        system_stm32f4xx.o
    0x08002f50   0x08002f50   0x00000024   Code   RO         6279    i.TIM6_DAC_IRQHandler  can_receive.o
    0x08002f74   0x08002f74   0x00000018   Code   RO         4476    i.TIM_ARRPreloadConfig  stm32f4xx_tim.o
    0x08002f8c   0x08002f8c   0x00000006   Code   RO         4482    i.TIM_ClearFlag     stm32f4xx_tim.o
    0x08002f92   0x08002f92   0x00000018   Code   RO         4488    i.TIM_Cmd           stm32f4xx_tim.o
    0x08002faa   0x08002faa   0x0000001e   Code   RO         4490    i.TIM_CtrlPWMOutputs  stm32f4xx_tim.o
    0x08002fc8   0x08002fc8   0x00000022   Code   RO         4509    i.TIM_GetITStatus   stm32f4xx_tim.o
    0x08002fea   0x08002fea   0x00000002   PAD
    0x08002fec   0x08002fec   0x0000007c   Code   RO         4517    i.TIM_OC1Init       stm32f4xx_tim.o
    0x08003068   0x08003068   0x00000012   Code   RO         4520    i.TIM_OC1PreloadConfig  stm32f4xx_tim.o
    0x0800307a   0x0800307a   0x00000002   PAD
    0x0800307c   0x0800307c   0x000000a0   Code   RO         4527    i.TIM_OC3Init       stm32f4xx_tim.o
    0x0800311c   0x0800311c   0x00000012   Code   RO         4530    i.TIM_OC3PreloadConfig  stm32f4xx_tim.o
    0x0800312e   0x0800312e   0x00000002   PAD
    0x08003130   0x08003130   0x00000078   Code   RO         4532    i.TIM_OC4Init       stm32f4xx_tim.o
    0x080031a8   0x080031a8   0x0000001a   Code   RO         4534    i.TIM_OC4PreloadConfig  stm32f4xx_tim.o
    0x080031c2   0x080031c2   0x00000004   Code   RO         4550    i.TIM_SetCompare1   stm32f4xx_tim.o
    0x080031c6   0x080031c6   0x00000004   Code   RO         4552    i.TIM_SetCompare3   stm32f4xx_tim.o
    0x080031ca   0x080031ca   0x00000004   Code   RO         4553    i.TIM_SetCompare4   stm32f4xx_tim.o
    0x080031ce   0x080031ce   0x00000002   PAD
    0x080031d0   0x080031d0   0x00000084   Code   RO         4560    i.TIM_TimeBaseInit  stm32f4xx_tim.o
    0x08003254   0x08003254   0x000000f0   Code   RO         6643    i.USART1_IRQHandler  remote_control.o
    0x08003344   0x08003344   0x00000150   Code   RO         6199    i.USART6_DMA_Init   usart6.o
    0x08003494   0x08003494   0x000000e4   Code   RO         7126    i.USART6_IRQHandler  referee_usart_task.o
    0x08003578   0x08003578   0x00000012   Code   RO         5038    i.USART_ClearFlag   stm32f4xx_usart.o
    0x0800358a   0x0800358a   0x00000018   Code   RO         5042    i.USART_Cmd         stm32f4xx_usart.o
    0x080035a2   0x080035a2   0x00000012   Code   RO         5043    i.USART_DMACmd      stm32f4xx_usart.o
    0x080035b4   0x080035b4   0x000000f0   Code   RO         5044    i.USART_DeInit      stm32f4xx_usart.o
    0x080036a4   0x080036a4   0x00000054   Code   RO         5046    i.USART_GetITStatus  stm32f4xx_usart.o
    0x080036f8   0x080036f8   0x0000004a   Code   RO         5048    i.USART_ITConfig    stm32f4xx_usart.o
    0x08003742   0x08003742   0x00000002   PAD
    0x08003744   0x08003744   0x000000d4   Code   RO         5049    i.USART_Init        stm32f4xx_usart.o
    0x08003818   0x08003818   0x0000000a   Code   RO         5056    i.USART_ReceiveData  stm32f4xx_usart.o
    0x08003822   0x08003822   0x00000004   Code   RO           18    i.UsageFault_Handler  stm32f4xx_it.o
    0x08003826   0x08003826   0x00000002   PAD
    0x08003828   0x08003828   0x00000010   Code   RO         7486    i.XYZ_MOTION_Setup  xyz_motion_task.o
    0x08003838   0x08003838   0x0000001c   Code   RO         7487    i.XYZ_MOTION_control_loop  xyz_motion_task.o
    0x08003854   0x08003854   0x00000180   Code   RO         7488    i.XYZ_MOTION_feedback_update  xyz_motion_task.o
    0x080039d4   0x080039d4   0x00000108   Code   RO         7489    i.XYZ_MOTION_init   xyz_motion_task.o
    0x08003adc   0x08003adc   0x00000016   Code   RO         7490    i.XYZ_MOTION_mode_transit  xyz_motion_task.o
    0x08003af2   0x08003af2   0x00000002   PAD
    0x08003af4   0x08003af4   0x000001f8   Code   RO         7491    i.XYZ_MOTION_set_control  xyz_motion_task.o
    0x08003cec   0x08003cec   0x00000030   Code   RO         7492    i.XYZ_MOTION_set_mode  xyz_motion_task.o
    0x08003d1c   0x08003d1c   0x00000028   Code   RO         7493    i.XYZ_MOTION_task   xyz_motion_task.o
    0x08003d44   0x08003d44   0x0000003c   Code   RO         6230    i.X_Motion_GPIO_Init  cylinder_gpio.o
    0x08003d80   0x08003d80   0x0000004e   Code   RO         7494    i.Y_MOTION_System_PID_Task  xyz_motion_task.o
    0x08003dce   0x08003dce   0x00000096   Code   RO         7495    i.Z_MOTION_System_PID_Task  xyz_motion_task.o
    0x08003e64   0x08003e64   0x00000006   Code   RO         7204    i.__get_PRIMASK     fifo.o
    0x08003e6a   0x08003e6a   0x00000014   Code   RO         7730    i.__hardfp_fabs     m_wm.l(fabs.o)
    0x08003e7e   0x08003e7e   0x00000006   Code   RO         7205    i.__set_PRIMASK     fifo.o
    0x08003e84   0x08003e84   0x000000b8   Code   RO         5593    i.buzzer_init       buzzer.o
    0x08003f3c   0x08003f3c   0x00000010   Code   RO         5594    i.buzzer_off        buzzer.o
    0x08003f4c   0x08003f4c   0x0000001c   Code   RO         5595    i.buzzer_on         buzzer.o
    0x08003f68   0x08003f68   0x00000010   Code   RO         6466    i.chassis_Setup     chassis_task.o
    0x08003f78   0x08003f78   0x0000004c   Code   RO         6411    i.chassis_behaviour_control_set  chassis_behaviour.o
    0x08003fc4   0x08003fc4   0x00000054   Code   RO         6412    i.chassis_behaviour_mode_set  chassis_behaviour.o
    0x08004018   0x08004018   0x000001c4   Code   RO         6467    i.chassis_control_loop  chassis_task.o
    0x080041dc   0x080041dc   0x00000108   Code   RO         6468    i.chassis_feedback_update  chassis_task.o
    0x080042e4   0x080042e4   0x000000cc   Code   RO         6469    i.chassis_init      chassis_task.o
    0x080043b0   0x080043b0   0x00000058   Code   RO         6470    i.chassis_mode_change_control_transit  chassis_task.o
    0x08004408   0x08004408   0x00000044   Code   RO         6413    i.chassis_no_follow_yaw_control  chassis_behaviour.o
    0x0800444c   0x0800444c   0x0000002c   Code   RO         6414    i.chassis_no_move_control  chassis_behaviour.o
    0x08004478   0x08004478   0x0000016c   Code   RO         6471    i.chassis_rc_to_control_vector  chassis_task.o
    0x080045e4   0x080045e4   0x0000008c   Code   RO         6472    i.chassis_set_contorl  chassis_task.o
    0x08004670   0x08004670   0x00000012   Code   RO         6473    i.chassis_set_mode  chassis_task.o
    0x08004682   0x08004682   0x00000002   PAD
    0x08004684   0x08004684   0x0000003c   Code   RO         6474    i.chassis_task      chassis_task.o
    0x080046c0   0x080046c0   0x00000054   Code   RO         6475    i.chassis_vector_to_mecanum_wheel_speed  chassis_task.o
    0x08004714   0x08004714   0x0000006c   Code   RO         5678    i.delay_init        delay.o
    0x08004780   0x08004780   0x00000050   Code   RO         5679    i.delay_ms          delay.o
    0x080047d0   0x080047d0   0x00000050   Code   RO         5680    i.delay_us          delay.o
    0x08004820   0x08004820   0x0000003a   Code   RO         7223    i.fifo_s_get        fifo.o
    0x0800485a   0x0800485a   0x00000016   Code   RO         7226    i.fifo_s_init       fifo.o
    0x08004870   0x08004870   0x000000a0   Code   RO         7232    i.fifo_s_puts       fifo.o
    0x08004910   0x08004910   0x00000006   Code   RO         7234    i.fifo_s_used       fifo.o
    0x08004916   0x08004916   0x00000054   Code   RO         5298    i.first_order_filter_cali  user_lib.o
    0x0800496a   0x0800496a   0x00000002   PAD
    0x0800496c   0x0800496c   0x00000024   Code   RO         5299    i.first_order_filter_init  user_lib.o
    0x08004990   0x08004990   0x00000044   Code   RO         5876    i.flow_led_Combo1   led.o
    0x080049d4   0x080049d4   0x00000018   Code   RO         5877    i.flow_led_off      led.o
    0x080049ec   0x080049ec   0x00000018   Code   RO         5879    i.flow_led_toggle   led.o
    0x08004a04   0x08004a04   0x0000002a   Code   RO         5300    i.fp32_constrain    user_lib.o
    0x08004a2e   0x08004a2e   0x00000002   PAD
    0x08004a30   0x08004a30   0x00000034   Code   RO         7427    i.get_CRC16_check_sum  crc8_crc16.o
    0x08004a64   0x08004a64   0x00000024   Code   RO         7428    i.get_CRC8_check_sum  crc8_crc16.o
    0x08004a88   0x08004a88   0x00000018   Code   RO         6282    i.get_Chassis_Motor_Measure_Point  can_receive.o
    0x08004aa0   0x08004aa0   0x00000008   Code   RO         6283    i.get_GRIPPER_1_MOTOR_Measure_Point  can_receive.o
    0x08004aa8   0x08004aa8   0x00000008   Code   RO         6284    i.get_GRIPPER_2_MOTOR_Measure_Point  can_receive.o
    0x08004ab0   0x08004ab0   0x00000008   Code   RO         6285    i.get_PITCH_MOTOR_Measure_Point  can_receive.o
    0x08004ab8   0x08004ab8   0x00000008   Code   RO         6286    i.get_YAW_MOTOR_Measure_Point  can_receive.o
    0x08004ac0   0x08004ac0   0x00000008   Code   RO         6287    i.get_Y_MOTION_MOTOR_Measure_Point  can_receive.o
    0x08004ac8   0x08004ac8   0x00000008   Code   RO         6288    i.get_Z_MOTION_MOTOR1_Measure_Point  can_receive.o
    0x08004ad0   0x08004ad0   0x00000008   Code   RO         6289    i.get_Z_MOTION_MOTOR2_Measure_Point  can_receive.o
    0x08004ad8   0x08004ad8   0x00000008   Code   RO         6644    i.get_remote_control_point  remote_control.o
    0x08004ae0   0x08004ae0   0x000000c4   Code   RO         7127    i.init_referee_struct_data  referee_usart_task.o
    0x08004ba4   0x08004ba4   0x0000003c   Code   RO         5837    i.laser_configuration  laser.o
    0x08004be0   0x08004be0   0x00000014   Code   RO         5839    i.laser_on          laser.o
    0x08004bf4   0x08004bf4   0x00000074   Code   RO         5880    i.led_configuration  led.o
    0x08004c68   0x08004c68   0x00000014   Code   RO         5882    i.led_green_on      led.o
    0x08004c7c   0x08004c7c   0x00000014   Code   RO         5885    i.led_red_on        led.o
    0x08004c90   0x08004c90   0x00000016   Code   RO         5424    i.main              main.o
    0x08004ca6   0x08004ca6   0x00000002   PAD
    0x08004ca8   0x08004ca8   0x00000048   Code   RO         5964    i.power_ctrl_configuration  power_ctrl.o
    0x08004cf0   0x08004cf0   0x00000020   Code   RO         5965    i.power_ctrl_off    power_ctrl.o
    0x08004d10   0x08004d10   0x00000020   Code   RO         5966    i.power_ctrl_on     power_ctrl.o
    0x08004d30   0x08004d30   0x00000180   Code   RO         7128    i.referee_data_solve  referee_usart_task.o
    0x08004eb0   0x08004eb0   0x00000008   Code   RO         7130    i.referee_usart_task  referee_usart_task.o
    0x08004eb8   0x08004eb8   0x00000014   Code   RO         6645    i.remote_control_init  remote_control.o
    0x08004ecc   0x08004ecc   0x0000004a   Code   RO         5308    i.second_order_filter_calc  user_lib.o
    0x08004f16   0x08004f16   0x00000002   PAD
    0x08004f18   0x08004f18   0x00000044   Code   RO         5309    i.second_order_filter_init  user_lib.o
    0x08004f5c   0x08004f5c   0x00000010   Code   RO         5681    i.sys_time          delay.o
    0x08004f6c   0x08004f6c   0x00000040   Code   RO         7429    i.verify_CRC16_check_sum  crc8_crc16.o
    0x08004fac   0x08004fac   0x0000002e   Code   RO         7430    i.verify_CRC8_check_sum  crc8_crc16.o
    0x08004fda   0x08004fda   0x00000002   PAD
    0x08004fdc   0x08004fdc   0x00000062   Code   RO         7720    x$fpl$d2f           fz_wm.l(d2f.o)
    0x0800503e   0x0800503e   0x0000009c   Code   RO         7811    x$fpl$dnaninf       fz_wm.l(dnaninf.o)
    0x080050da   0x080050da   0x0000000c   Code   RO         7813    x$fpl$dretinf       fz_wm.l(dretinf.o)
    0x080050e6   0x080050e6   0x00000002   PAD
    0x080050e8   0x080050e8   0x00000056   Code   RO         7722    x$fpl$f2d           fz_wm.l(f2d.o)
    0x0800513e   0x0800513e   0x00000060   Code   RO         7728    x$fpl$ffltll        fz_wm.l(ffltll_clz.o)
    0x0800519e   0x0800519e   0x0000008c   Code   RO         7815    x$fpl$fnaninf       fz_wm.l(fnaninf.o)
    0x0800522a   0x0800522a   0x0000000a   Code   RO         7857    x$fpl$fpinit        fz_wm.l(fpinit.o)
    0x08005234   0x08005234   0x0000000a   Code   RO         7817    x$fpl$fretinf       fz_wm.l(fretinf.o)
    0x0800523e   0x0800523e   0x00000002   PAD
    0x08005240   0x08005240   0x00000086   Code   RO         7724    x$fpl$llsfromf      fz_wm.l(ffixll.o)
    0x080052c6   0x080052c6   0x00000000   Code   RO         7819    x$fpl$usenofp       fz_wm.l(usenofp.o)
    0x080052c6   0x080052c6   0x00000002   PAD
    0x080052c8   0x080052c8   0x00000020   Data   RO         6477    .constdata          chassis_task.o
    0x080052e8   0x080052e8   0x0000003c   Data   RO         6868    .constdata          gripper_task.o
    0x08005324   0x08005324   0x00000302   Data   RO         7431    .constdata          crc8_crc16.o
    0x08005626   0x08005626   0x00000002   PAD
    0x08005628   0x08005628   0x00000054   Data   RO         7497    .constdata          xyz_motion_task.o
    0x0800567c   0x0800567c   0x00000024   Data   RO         7576    .constdata          gimbal_task.o
    0x080056a0   0x080056a0   0x00000020   Data   RO         7942    Region$$Table       anon$$obj.o


    Execution Region RW_IRAM1 (Exec base: 0x20000000, Load base: 0x080056c0, Size: 0x000019d0, Max: 0x00030000, ABSOLUTE)

    Exec Addr    Load Addr    Size         Type   Attr      Idx    E Section Name        Object

    0x20000000   0x080056c0   0x00000014   Data   RW          193    .data               system_stm32f4xx.o
    0x20000014   0x080056d4   0x00000010   Data   RW         3142    .data               stm32f4xx_rcc.o
    0x20000024   0x080056e4   0x00000010   Data   RW         5682    .data               delay.o
    0x20000034   0x080056f4   0x00000002   Data   RW         5887    .data               led.o
    0x20000036   0x080056f6   0x00000001   Data   RW         6291    .data               can_receive.o
    0x20000037   0x080056f7   0x00000001   Data   RW         6415    .data               chassis_behaviour.o
    0x20000038   0x080056f8   0x00000002   Data   RW         6649    .data               remote_control.o
    0x2000003a   0x080056fa   0x00000002   PAD
    0x2000003c   0x080056fc   0x00000054   Data   RW         6721    .data               start_task.o
    0x20000090   0x08005750   0x00000021   Data   RW         6869    .data               gripper_task.o
    0x200000b1   0x08005771   0x00000003   PAD
    0x200000b4   0x08005774   0x00000032   Data   RW         7132    .data               referee_usart_task.o
    0x200000e6   0x080057a6   0x00000002   Data   RW         7432    .data               crc8_crc16.o
    0x200000e8   0x080057a8   0x00000028   Data   RW         7498    .data               xyz_motion_task.o
    0x20000110   0x080057d0   0x00000006   Data   RW         7577    .data               gimbal_task.o
    0x20000116   0x080057d6   0x00000002   PAD
    0x20000118        -       0x000000c0   Zero   RW         6290    .bss                can_receive.o
    0x200001d8        -       0x00000224   Zero   RW         6476    .bss                chassis_task.o
    0x200003fc        -       0x00000144   Zero   RW         6547    .bss                detect_task.o
    0x20000540        -       0x0000005e   Zero   RW         6648    .bss                remote_control.o
    0x2000059e   0x080057d6   0x00000002   PAD
    0x200005a0        -       0x00000024   Zero   RW         6720    .bss                start_task.o
    0x200005c4   0x080057d6   0x00000004   PAD
    0x200005c8        -       0x000001d0   Zero   RW         6867    .bss                gripper_task.o
    0x20000798        -       0x00000014   Zero   RW         6942    .bss                catch_task.o
    0x200007ac        -       0x00000a14   Zero   RW         7131    .bss                referee_usart_task.o
    0x200011c0        -       0x00000248   Zero   RW         7496    .bss                xyz_motion_task.o
    0x20001408        -       0x00000164   Zero   RW         7575    .bss                gimbal_task.o
    0x2000156c        -       0x00000060   Zero   RW         7823    .bss                c_w.l(libspace.o)
    0x200015cc   0x080057d6   0x00000004   PAD
    0x200015d0        -       0x00000000   Zero   RW            2    HEAP                startup_stm32f427xx.o
    0x200015d0        -       0x00000400   Zero   RW            1    STACK               startup_stm32f427xx.o


==============================================================================

Image component sizes


      Code (inc. data)   RO Data    RW Data    ZI Data      Debug   Object Name

       304         20          0          0          0       1883   ammo_out_task.o
       250         20          0          0          0       2442   buzzer.o
       548         16          0          0          0       2110   can.o
      1056        128          0          1        192      11061   can_receive.o
       280         24          0          0         20       5296   catch_task.o
       272         22          0          1          0       9239   chassis_behaviour.o
      1690        132         32          0        548       8385   chassis_task.o
       198         16        770          2          0       3709   crc8_crc16.o
       304         24          0          0          0       2957   cylinder_gpio.o
       388         48          0         16          0       4709   delay.o
       296         10          0          0        324       2525   detect_task.o
       258          0          0          0          0       5495   fifo.o
       980         80         36          6        356       9601   gimbal_task.o
      1158         94         60         33        464       9566   gripper_task.o
        80         12          0          0          0       1065   laser.o
       272         42          0          2          0       3287   led.o
       172          0          0          0          0      10608   main.o
       180         24          0          0          0       2065   misc.o
       668         12          0          0          0       2910   pid.o
       136         18          0          0          0       1836   power_ctrl.o
       332         20          0          0          0       1306   rc.o
      1420        202          0         50       2580       7804   referee_usart_task.o
       486         32          0          2         94       4779   remote_control.o
       316         18          0          0          0       1353   rescuehook_task.o
       300         22          0         84         36       6195   start_task.o
        76         28        428          0       1024        892   startup_stm32f427xx.o
      1566         16          0          0          0       6398   stm32f4xx_can.o
       584         40          0          0          0       6708   stm32f4xx_dma.o
       248          0          0          0          0       4066   stm32f4xx_gpio.o
        20          0          0          0          0     322165   stm32f4xx_it.o
       392         48          0         16          0       5829   stm32f4xx_rcc.o
       728         56          0          0          0       9844   stm32f4xx_tim.o
       680         42          0          0          0       6098   stm32f4xx_usart.o
       392         32          0         20          0       1865   system_stm32f4xx.o
       336         12          0          0          0       1366   usart6.o
       386          8          0          0          0       5088   user_lib.o
      1534        148         84         40        584      11297   xyz_motion_task.o

    ----------------------------------------------------------------------
     19328       1466       1444        280       6228     503802   Object Totals
         0          0         32          0          0          0   (incl. Generated)
        42          0          2          7          6          0   (incl. Padding)

    ----------------------------------------------------------------------

      Code (inc. data)   RO Data    RW Data    ZI Data      Debug   Library Member Name

         8          0          0          0          0         68   __main.o
         0          0          0          0          0          0   __rtentry.o
        12          0          0          0          0          0   __rtentry2.o
         6          0          0          0          0          0   __rtentry4.o
        52          8          0          0          0          0   __scatter.o
        26          0          0          0          0          0   __scatter_copy.o
        28          0          0          0          0          0   __scatter_zi.o
        18          0          0          0          0         80   exit.o
         6          0          0          0          0        152   heapauxi.o
         0          0          0          0          0          0   indicate_semi.o
         2          0          0          0          0          0   libinit.o
         6          0          0          0          0          0   libinit2.o
         2          0          0          0          0          0   libshutdown.o
         2          0          0          0          0          0   libshutdown2.o
         8          4          0          0         96         68   libspace.o
        68          0          0          0          0         68   rt_memclr.o
        78          0          0          0          0         80   rt_memclr_w.o
       138          0          0          0          0         68   rt_memcpy_v6.o
       100          0          0          0          0         80   rt_memcpy_w.o
         2          0          0          0          0          0   rtexit.o
        10          0          0          0          0          0   rtexit2.o
        12          4          0          0          0         68   sys_exit.o
        74          0          0          0          0         80   sys_stackheap_outer.o
         2          0          0          0          0         68   use_no_semi.o
        98          4          0          0          0        140   d2f.o
       156          4          0          0          0        140   dnaninf.o
        12          0          0          0          0        116   dretinf.o
        86          4          0          0          0        132   f2d.o
       134          4          0          0          0        132   ffixll.o
        96          0          0          0          0        132   ffltll_clz.o
       140          4          0          0          0        132   fnaninf.o
        10          0          0          0          0        116   fpinit.o
        10          0          0          0          0        116   fretinf.o
         0          0          0          0          0          0   usenofp.o
        20          0          0          0          0        124   fabs.o

    ----------------------------------------------------------------------
      1436         36          0          0        100       2160   Library Totals
        14          0          0          0          4          0   (incl. Padding)

    ----------------------------------------------------------------------

      Code (inc. data)   RO Data    RW Data    ZI Data      Debug   Library Name

       660         16          0          0         96        880   c_w.l
       742         20          0          0          0       1156   fz_wm.l
        20          0          0          0          0        124   m_wm.l

    ----------------------------------------------------------------------
      1436         36          0          0        100       2160   Library Totals

    ----------------------------------------------------------------------

==============================================================================


      Code (inc. data)   RO Data    RW Data    ZI Data      Debug   

     20764       1502       1444        280       6328     485498   Grand Totals
     20764       1502       1444        280       6328     485498   ELF Image Totals
     20764       1502       1444        280          0          0   ROM Totals

==============================================================================

    Total RO  Size (Code + RO Data)                22208 (  21.69kB)
    Total RW  Size (RW Data + ZI Data)              6608 (   6.45kB)
    Total ROM Size (Code + RO Data + RW Data)      22488 (  21.96kB)

==============================================================================

