Component: ARM Compiler 5.06 update 6 (build 750) Tool: armlink [4d35ed]

==============================================================================

Section Cross References

    startup_stm32f427xx.o(STACK) refers (Special) to heapauxi.o(.text) for __use_two_region_memory
    startup_stm32f427xx.o(HEAP) refers (Special) to heapauxi.o(.text) for __use_two_region_memory
    startup_stm32f427xx.o(RESET) refers (Special) to heapauxi.o(.text) for __use_two_region_memory
    startup_stm32f427xx.o(RESET) refers to startup_stm32f427xx.o(STACK) for __initial_sp
    startup_stm32f427xx.o(RESET) refers to startup_stm32f427xx.o(.text) for Reset_Handler
    startup_stm32f427xx.o(RESET) refers to stm32f4xx_it.o(i.NMI_Handler) for NMI_Handler
    startup_stm32f427xx.o(RESET) refers to stm32f4xx_it.o(i.HardFault_Handler) for HardFault_Handler
    startup_stm32f427xx.o(RESET) refers to stm32f4xx_it.o(i.MemManage_Handler) for MemManage_Handler
    startup_stm32f427xx.o(RESET) refers to stm32f4xx_it.o(i.BusFault_Handler) for BusFault_Handler
    startup_stm32f427xx.o(RESET) refers to stm32f4xx_it.o(i.UsageFault_Handler) for UsageFault_Handler
    startup_stm32f427xx.o(RESET) refers to stm32f4xx_it.o(i.DebugMon_Handler) for DebugMon_Handler
    startup_stm32f427xx.o(RESET) refers to delay.o(i.SysTick_Handler) for SysTick_Handler
    startup_stm32f427xx.o(RESET) refers to can_receive.o(i.CAN1_RX0_IRQHandler) for CAN1_RX0_IRQHandler
    startup_stm32f427xx.o(RESET) refers to remote_control.o(i.USART1_IRQHandler) for USART1_IRQHandler
    startup_stm32f427xx.o(RESET) refers to can_receive.o(i.TIM6_DAC_IRQHandler) for TIM6_DAC_IRQHandler
    startup_stm32f427xx.o(.text) refers (Special) to heapauxi.o(.text) for __use_two_region_memory
    startup_stm32f427xx.o(.text) refers to system_stm32f4xx.o(i.SystemInit) for SystemInit
    startup_stm32f427xx.o(.text) refers to __main.o(!!!main) for __main
    startup_stm32f427xx.o(.text) refers to startup_stm32f427xx.o(HEAP) for Heap_Mem
    startup_stm32f427xx.o(.text) refers to startup_stm32f427xx.o(STACK) for Stack_Mem
    system_stm32f4xx.o(i.SystemCoreClockUpdate) refers to system_stm32f4xx.o(.data) for SystemCoreClock
    system_stm32f4xx.o(i.SystemInit) refers to system_stm32f4xx.o(i.SetSysClock) for SetSysClock
    stm32f4xx_adc.o(i.ADC_DeInit) refers to stm32f4xx_rcc.o(i.RCC_APB2PeriphResetCmd) for RCC_APB2PeriphResetCmd
    stm32f4xx_can.o(i.CAN_DeInit) refers to stm32f4xx_rcc.o(i.RCC_APB1PeriphResetCmd) for RCC_APB1PeriphResetCmd
    stm32f4xx_can.o(i.CAN_GetITStatus) refers to stm32f4xx_can.o(i.CheckITStatus) for CheckITStatus
    stm32f4xx_cryp.o(i.CRYP_DeInit) refers to stm32f4xx_rcc.o(i.RCC_AHB2PeriphResetCmd) for RCC_AHB2PeriphResetCmd
    stm32f4xx_cryp_aes.o(i.CRYP_AES_CBC) refers to stm32f4xx_cryp.o(i.CRYP_KeyStructInit) for CRYP_KeyStructInit
    stm32f4xx_cryp_aes.o(i.CRYP_AES_CBC) refers to stm32f4xx_cryp.o(i.CRYP_FIFOFlush) for CRYP_FIFOFlush
    stm32f4xx_cryp_aes.o(i.CRYP_AES_CBC) refers to stm32f4xx_cryp.o(i.CRYP_Init) for CRYP_Init
    stm32f4xx_cryp_aes.o(i.CRYP_AES_CBC) refers to stm32f4xx_cryp.o(i.CRYP_KeyInit) for CRYP_KeyInit
    stm32f4xx_cryp_aes.o(i.CRYP_AES_CBC) refers to stm32f4xx_cryp.o(i.CRYP_Cmd) for CRYP_Cmd
    stm32f4xx_cryp_aes.o(i.CRYP_AES_CBC) refers to stm32f4xx_cryp.o(i.CRYP_GetFlagStatus) for CRYP_GetFlagStatus
    stm32f4xx_cryp_aes.o(i.CRYP_AES_CBC) refers to stm32f4xx_cryp.o(i.CRYP_IVInit) for CRYP_IVInit
    stm32f4xx_cryp_aes.o(i.CRYP_AES_CBC) refers to stm32f4xx_cryp.o(i.CRYP_GetCmdStatus) for CRYP_GetCmdStatus
    stm32f4xx_cryp_aes.o(i.CRYP_AES_CBC) refers to stm32f4xx_cryp.o(i.CRYP_DataIn) for CRYP_DataIn
    stm32f4xx_cryp_aes.o(i.CRYP_AES_CBC) refers to stm32f4xx_cryp.o(i.CRYP_DataOut) for CRYP_DataOut
    stm32f4xx_cryp_aes.o(i.CRYP_AES_CCM) refers to stm32f4xx_cryp.o(i.CRYP_KeyStructInit) for CRYP_KeyStructInit
    stm32f4xx_cryp_aes.o(i.CRYP_AES_CCM) refers to stm32f4xx_cryp.o(i.CRYP_FIFOFlush) for CRYP_FIFOFlush
    stm32f4xx_cryp_aes.o(i.CRYP_AES_CCM) refers to stm32f4xx_cryp.o(i.CRYP_KeyInit) for CRYP_KeyInit
    stm32f4xx_cryp_aes.o(i.CRYP_AES_CCM) refers to stm32f4xx_cryp.o(i.CRYP_IVInit) for CRYP_IVInit
    stm32f4xx_cryp_aes.o(i.CRYP_AES_CCM) refers to stm32f4xx_cryp.o(i.CRYP_Init) for CRYP_Init
    stm32f4xx_cryp_aes.o(i.CRYP_AES_CCM) refers to stm32f4xx_cryp.o(i.CRYP_PhaseConfig) for CRYP_PhaseConfig
    stm32f4xx_cryp_aes.o(i.CRYP_AES_CCM) refers to stm32f4xx_cryp.o(i.CRYP_DataIn) for CRYP_DataIn
    stm32f4xx_cryp_aes.o(i.CRYP_AES_CCM) refers to stm32f4xx_cryp.o(i.CRYP_Cmd) for CRYP_Cmd
    stm32f4xx_cryp_aes.o(i.CRYP_AES_CCM) refers to stm32f4xx_cryp.o(i.CRYP_GetCmdStatus) for CRYP_GetCmdStatus
    stm32f4xx_cryp_aes.o(i.CRYP_AES_CCM) refers to stm32f4xx_cryp.o(i.CRYP_GetFlagStatus) for CRYP_GetFlagStatus
    stm32f4xx_cryp_aes.o(i.CRYP_AES_CCM) refers to stm32f4xx_cryp.o(i.CRYP_DataOut) for CRYP_DataOut
[...]
    i.HardFault_Handler                      0x080018f4   Section        0  stm32f4xx_it.o(i.HardFault_Handler)
    i.Loop_1000Hz                            0x080018f8   Section        0  start_task.o(i.Loop_1000Hz)
    Loop_1000Hz                              0x080018f9   Thumb Code   102  start_task.o(i.Loop_1000Hz)
    i.Loop_100Hz                             0x08001974   Section        0  start_task.o(i.Loop_100Hz)
    Loop_100Hz                               0x08001975   Thumb Code    32  start_task.o(i.Loop_100Hz)
    i.Loop_200Hz                             0x08001998   Section        0  start_task.o(i.Loop_200Hz)
    Loop_200Hz                               0x08001999   Thumb Code    16  start_task.o(i.Loop_200Hz)
    i.Loop_20Hz                              0x080019a8   Section        0  start_task.o(i.Loop_20Hz)
    Loop_20Hz                                0x080019a9   Thumb Code     2  start_task.o(i.Loop_20Hz)
    i.Loop_2Hz                               0x080019aa   Section        0  start_task.o(i.Loop_2Hz)
    Loop_2Hz                                 0x080019ab   Thumb Code     2  start_task.o(i.Loop_2Hz)
    i.Loop_500Hz                             0x080019ac   Section        0  start_task.o(i.Loop_500Hz)
    Loop_500Hz                               0x080019ad   Thumb Code     8  start_task.o(i.Loop_500Hz)
    i.Loop_50Hz                              0x080019b4   Section        0  start_task.o(i.Loop_50Hz)
    Loop_50Hz                                0x080019b5   Thumb Code     2  start_task.o(i.Loop_50Hz)
    i.MemManage_Handler                      0x080019b6   Section        0  stm32f4xx_it.o(i.MemManage_Handler)
    i.NMI_Handler                            0x080019ba   Section        0  stm32f4xx_it.o(i.NMI_Handler)
    i.NVIC_Init                              0x080019bc   Section        0  misc.o(i.NVIC_Init)
    i.NVIC_PriorityGroupConfig               0x08001a34   Section        0  misc.o(i.NVIC_PriorityGroupConfig)
    i.PID_Calc                               0x08001a48   Section        0  pid.o(i.PID_Calc)
    i.PID_Init                               0x08001c38   Section        0  pid.o(i.PID_Init)
    i.RCC_AHB1PeriphClockCmd                 0x08001c98   Section        0  stm32f4xx_rcc.o(i.RCC_AHB1PeriphClockCmd)
    i.RCC_APB1PeriphClockCmd                 0x08001cb8   Section        0  stm32f4xx_rcc.o(i.RCC_APB1PeriphClockCmd)
    i.RCC_APB1PeriphResetCmd                 0x08001cd8   Section        0  stm32f4xx_rcc.o(i.RCC_APB1PeriphResetCmd)
    i.RCC_APB2PeriphClockCmd                 0x08001cf8   Section        0  stm32f4xx_rcc.o(i.RCC_APB2PeriphClockCmd)
    i.RCC_APB2PeriphResetCmd                 0x08001d18   Section        0  stm32f4xx_rcc.o(i.RCC_APB2PeriphResetCmd)
    i.RCC_GetClocksFreq                      0x08001d38   Section        0  stm32f4xx_rcc.o(i.RCC_GetClocksFreq)
    i.RC_Init                                0x08001e20   Section        0  rc.o(i.RC_Init)
    i.RescueHook_ReachOut                    0x08001f6c   Section        0  rescuehook_task.o(i.RescueHook_ReachOut)
    RescueHook_ReachOut                      0x08001f6d   Thumb Code    24  rescuehook_task.o(i.RescueHook_ReachOut)
    i.RescueHook_Reset                       0x08001f88   Section        0  rescuehook_task.o(i.RescueHook_Reset)
    RescueHook_Reset                         0x08001f89   Thumb Code    24  rescuehook_task.o(i.RescueHook_Reset)
    i.Rescue_task                            0x08001fa4   Section        0  rescuehook_task.o(i.Rescue_task)
    i.ReviveCard_ReachOUT                    0x08001fd0   Section        0  revive_task.o(i.ReviveCard_ReachOUT)
    i.SBUS_TO_RC                             0x08001fe4   Section        0  remote_control.o(i.SBUS_TO_RC)
    SBUS_TO_RC                               0x08001fe5   Thumb Code   218  remote_control.o(i.SBUS_TO_RC)
    i.Scheduler_Run                          0x080020c0   Section        0  start_task.o(i.Scheduler_Run)
    i.Scheduler_Setup                        0x08002110   Section        0  start_task.o(i.Scheduler_Setup)
    i.SetSysClock                            0x08002160   Section        0  system_stm32f4xx.o(i.SetSysClock)
    SetSysClock                              0x08002161   Thumb Code   272  system_stm32f4xx.o(i.SetSysClock)
    i.SysTick_CLKSourceConfig                0x08002280   Section        0  misc.o(i.SysTick_CLKSourceConfig)
    i.SysTick_GetTick                        0x080022a8   Section        0  delay.o(i.SysTick_GetTick)
    i.SysTick_Handler                        0x080022b4   Section        0  delay.o(i.SysTick_Handler)
    i.SystemInit                             0x080022d0   Section        0  system_stm32f4xx.o(i.SystemInit)
    i.TIM6_DAC_IRQHandler                    0x08002338   Section        0  can_receive.o(i.TIM6_DAC_IRQHandler)
    i.TIM_ARRPreloadConfig                   0x0800235c   Section        0  stm32f4xx_tim.o(i.TIM_ARRPreloadConfig)
    i.TIM_ClearFlag                          0x08002374   Section        0  stm32f4xx_tim.o(i.TIM_ClearFlag)
    i.TIM_Cmd                                0x0800237a   Section        0  stm32f4xx_tim.o(i.TIM_Cmd)
    i.TIM_CtrlPWMOutputs                     0x08002392   Section        0  stm32f4xx_tim.o(i.TIM_CtrlPWMOutputs)
    i.TIM_GetITStatus                        0x080023b0   Section        0  stm32f4xx_tim.o(i.TIM_GetITStatus)
    i.TIM_OC1Init                            0x080023d4   Section        0  stm32f4xx_tim.o(i.TIM_OC1Init)
    i.TIM_OC1PreloadConfig                   0x08002450   Section        0  stm32f4xx_tim.o(i.TIM_OC1PreloadConfig)
    i.TIM_OC3Init                            0x08002464   Section        0  stm32f4xx_tim.o(i.TIM_OC3Init)
    i.TIM_OC3PreloadConfig                   0x08002504   Section        0  stm32f4xx_tim.o(i.TIM_OC3PreloadConfig)
    i.TIM_OC4Init                            0x08002518   Section        0  stm32f4xx_tim.o(i.TIM_OC4Init)
    i.TIM_OC4PreloadConfig                   0x08002590   Section        0  stm32f4xx_tim.o(i.TIM_OC4PreloadConfig)
    i.TIM_SetCompare1                        0x080025aa   Section        0  stm32f4xx_tim.o(i.TIM_SetCompare1)
    i.TIM_SetCompare3                        0x080025ae   Section        0  stm32f4xx_tim.o(i.TIM_SetCompare3)
    i.TIM_SetCompare4                        0x080025b2   Section        0  stm32f4xx_tim.o(i.TIM_SetCompare4)
    i.TIM_TimeBaseInit                       0x080025b8   Section        0  stm32f4xx_tim.o(i.TIM_TimeBaseInit)
    i.USART1_IRQHandler                      0x0800263c   Section        0  remote_control.o(i.USART1_IRQHandler)
    i.USART_ClearFlag                        0x0800272c   Section        0  stm32f4xx_usart.o(i.USART_ClearFlag)
    i.USART_Cmd                              0x0800273e   Section        0  stm32f4xx_usart.o(i.USART_Cmd)
    i.USART_DMACmd                           0x08002756   Section        0  stm32f4xx_usart.o(i.USART_DMACmd)
    i.USART_DeInit                           0x08002768   Section        0  stm32f4xx_usart.o(i.USART_DeInit)
    i.USART_GetITStatus                      0x08002858   Section        0  stm32f4xx_usart.o(i.USART_GetITStatus)
    i.USART_ITConfig                         0x080028ac   Section        0  stm32f4xx_usart.o(i.USART_ITConfig)
    i.USART_Init                             0x080028f8   Section        0  stm32f4xx_usart.o(i.USART_Init)
    i.USART_ReceiveData                      0x080029cc   Section        0  stm32f4xx_usart.o(i.USART_ReceiveData)
    i.UsageFault_Handler                     0x080029d6   Section        0  stm32f4xx_it.o(i.UsageFault_Handler)
    i.Y_MOTION_Setup                         0x080029dc   Section        0  y_motion_task.o(i.Y_MOTION_Setup)
    i.Y_MOTION_control_loop                  0x080029ec   Section        0  y_motion_task.o(i.Y_MOTION_control_loop)
    Y_MOTION_control_loop                    0x080029ed   Thumb Code   144  y_motion_task.o(i.Y_MOTION_control_loop)
    i.Y_MOTION_feedback_update               0x08002a80   Section        0  y_motion_task.o(i.Y_MOTION_feedback_update)
    Y_MOTION_feedback_update                 0x08002a81   Thumb Code   100  y_motion_task.o(i.Y_MOTION_feedback_update)
    i.Y_MOTION_init                          0x08002af0   Section        0  y_motion_task.o(i.Y_MOTION_init)
    Y_MOTION_init                            0x08002af1   Thumb Code   144  y_motion_task.o(i.Y_MOTION_init)
    i.Y_MOTION_rc_filter                     0x08002ba0   Section        0  y_motion_task.o(i.Y_MOTION_rc_filter)
    i.Y_MOTION_rc_to_motor_speed             0x08002c30   Section        0  y_motion_task.o(i.Y_MOTION_rc_to_motor_speed)
    Y_MOTION_rc_to_motor_speed               0x08002c31   Thumb Code    52  y_motion_task.o(i.Y_MOTION_rc_to_motor_speed)
    i.Y_MOTION_set_contorl                   0x08002c6c   Section        0  y_motion_task.o(i.Y_MOTION_set_contorl)
    Y_MOTION_set_contorl                     0x08002c6d   Thumb Code    90  y_motion_task.o(i.Y_MOTION_set_contorl)
    i.Y_MOTION_set_mode                      0x08002ccc   Section        0  y_motion_task.o(i.Y_MOTION_set_mode)
    Y_MOTION_set_mode                        0x08002ccd   Thumb Code    42  y_motion_task.o(i.Y_MOTION_set_mode)
    i.Y_MOTION_task                          0x08002cfc   Section        0  y_motion_task.o(i.Y_MOTION_task)
    i.__hardfp_fabs                          0x08002d1c   Section        0  fabs.o(i.__hardfp_fabs)
    i.buzzer_init                            0x08002d30   Section        0  buzzer.o(i.buzzer_init)
    i.buzzer_off                             0x08002de8   Section        0  buzzer.o(i.buzzer_off)
    i.buzzer_on                              0x08002df8   Section        0  buzzer.o(i.buzzer_on)
    i.chassis_Setup                          0x08002e14   Section        0  chassis_task.o(i.chassis_Setup)
    i.chassis_behaviour_control_set          0x08002e24   Section        0  chassis_behaviour.o(i.chassis_behaviour_control_set)
    i.chassis_behaviour_mode_set             0x08002e70   Section        0  chassis_behaviour.o(i.chassis_behaviour_mode_set)
    i.chassis_control_loop                   0x08002ec4   Section        0  chassis_task.o(i.chassis_control_loop)
    chassis_control_loop                     0x08002ec5   Thumb Code   448  chassis_task.o(i.chassis_control_loop)
    i.chassis_feedback_update                0x08003088   Section        0  chassis_task.o(i.chassis_feedback_update)
    chassis_feedback_update                  0x08003089   Thumb Code   250  chassis_task.o(i.chassis_feedback_update)
    i.chassis_init                           0x08003190   Section        0  chassis_task.o(i.chassis_init)
    chassis_init                             0x08003191   Thumb Code   164  chassis_task.o(i.chassis_init)
    i.chassis_mode_change_control_transit    0x0800325c   Section        0  chassis_task.o(i.chassis_mode_change_control_transit)
    chassis_mode_change_control_transit      0x0800325d   Thumb Code    82  chassis_task.o(i.chassis_mode_change_control_transit)
    i.chassis_no_follow_yaw_control          0x080032b4   Section        0  chassis_behaviour.o(i.chassis_no_follow_yaw_control)
    chassis_no_follow_yaw_control            0x080032b5   Thumb Code    64  chassis_behaviour.o(i.chassis_no_follow_yaw_control)
    i.chassis_no_move_control                0x080032f8   Section        0  chassis_behaviour.o(i.chassis_no_move_control)
    chassis_no_move_control                  0x080032f9   Thumb Code    38  chassis_behaviour.o(i.chassis_no_move_control)
    i.chassis_rc_to_control_vector           0x08003324   Section        0  chassis_task.o(i.chassis_rc_to_control_vector)
    i.chassis_set_contorl                    0x08003490   Section        0  chassis_task.o(i.chassis_set_contorl)
    chassis_set_contorl                      0x08003491   Thumb Code   136  chassis_task.o(i.chassis_set_contorl)
    i.chassis_set_mode                       0x0800351c   Section        0  chassis_task.o(i.chassis_set_mode)
    chassis_set_mode                         0x0800351d   Thumb Code    18  chassis_task.o(i.chassis_set_mode)
    i.chassis_task                           0x08003530   Section        0  chassis_task.o(i.chassis_task)
    i.chassis_vector_to_mecanum_wheel_speed  0x0800356c   Section        0  chassis_task.o(i.chassis_vector_to_mecanum_wheel_speed)
    chassis_vector_to_mecanum_wheel_speed    0x0800356d   Thumb Code    74  chassis_task.o(i.chassis_vector_to_mecanum_wheel_speed)
    i.delay_init                             0x080035c0   Section        0  delay.o(i.delay_init)
    i.delay_ms                               0x0800362c   Section        0  delay.o(i.delay_ms)
    i.first_order_filter_cali                0x0800367c   Section        0  user_lib.o(i.first_order_filter_cali)
    i.first_order_filter_init                0x080036d0   Section        0  user_lib.o(i.first_order_filter_init)
    i.flow_led_Combo1                        0x080036f4   Section        0  led.o(i.flow_led_Combo1)
    i.flow_led_off                           0x08003738   Section        0  led.o(i.flow_led_off)
    i.flow_led_toggle                        0x08003750   Section        0  led.o(i.flow_led_toggle)
    i.fp32_constrain                         0x08003768   Section        0  user_lib.o(i.fp32_constrain)
    i.get_Chassis_Motor_Measure_Point        0x08003794   Section        0  can_receive.o(i.get_Chassis_Motor_Measure_Point)
    i.get_GRIPPER_1_MOTOR_Measure_Point      0x080037ac   Section        0  can_receive.o(i.get_GRIPPER_1_MOTOR_Measure_Point)
    i.get_GRIPPER_2_MOTOR_Measure_Point      0x080037b4   Section        0  can_receive.o(i.get_GRIPPER_2_MOTOR_Measure_Point)
    i.get_Y_LEFT_MOTOR_Measure_Point         0x080037bc   Section        0  can_receive.o(i.get_Y_LEFT_MOTOR_Measure_Point)
    i.get_Y_RIGHT_MOTOR_Measure_Point        0x080037c4   Section        0  can_receive.o(i.get_Y_RIGHT_MOTOR_Measure_Point)
    i.get_remote_control_point               0x080037cc   Section        0  remote_control.o(i.get_remote_control_point)
    i.laser_configuration                    0x080037d4   Section        0  laser.o(i.laser_configuration)
    i.laser_on                               0x08003810   Section        0  laser.o(i.laser_on)
    i.led_configuration                      0x08003824   Section        0  led.o(i.led_configuration)
    i.led_green_on                           0x08003898   Section        0  led.o(i.led_green_on)
    i.led_red_on                             0x080038ac   Section        0  led.o(i.led_red_on)
    i.main                                   0x080038c0   Section        0  main.o(i.main)
    i.motor_ecd_to_angle_change              0x080038d8   Section        0  gripper_task.o(i.motor_ecd_to_angle_change)
    motor_ecd_to_angle_change                0x080038d9   Thumb Code    48  gripper_task.o(i.motor_ecd_to_angle_change)
    i.power_ctrl_configuration               0x0800390c   Section        0  power_ctrl.o(i.power_ctrl_configuration)
    i.power_ctrl_off                         0x08003954   Section        0  power_ctrl.o(i.power_ctrl_off)
    i.remote_control_init                    0x08003974   Section        0  remote_control.o(i.remote_control_init)
    i.sys_time                               0x08003988   Section        0  delay.o(i.sys_time)
    x$fpl$d2f                                0x08003998   Section       98  d2f.o(x$fpl$d2f)
    $v0                                      0x08003998   Number         0  d2f.o(x$fpl$d2f)
    x$fpl$dmul                               0x080039fc   Section      340  dmul.o(x$fpl$dmul)
    $v0                                      0x080039fc   Number         0  dmul.o(x$fpl$dmul)
    x$fpl$dnaninf                            0x08003b50   Section      156  dnaninf.o(x$fpl$dnaninf)
    $v0                                      0x08003b50   Number         0  dnaninf.o(x$fpl$dnaninf)
    x$fpl$dretinf                            0x08003bec   Section       12  dretinf.o(x$fpl$dretinf)
    $v0                                      0x08003bec   Number         0  dretinf.o(x$fpl$dretinf)
    x$fpl$f2d                                0x08003bf8   Section       86  f2d.o(x$fpl$f2d)
    $v0                                      0x08003bf8   Number         0  f2d.o(x$fpl$f2d)
    x$fpl$fnaninf                            0x08003c4e   Section      140  fnaninf.o(x$fpl$fnaninf)
    $v0                                      0x08003c4e   Number         0  fnaninf.o(x$fpl$fnaninf)
    x$fpl$fpinit                             0x08003cda   Section       10  fpinit.o(x$fpl$fpinit)
    $v0                                      0x08003cda   Number         0  fpinit.o(x$fpl$fpinit)
    x$fpl$fretinf                            0x08003ce4   Section       10  fretinf.o(x$fpl$fretinf)
    $v0                                      0x08003ce4   Number         0  fretinf.o(x$fpl$fretinf)
    x$fpl$usenofp                            0x08003cee   Section        0  usenofp.o(x$fpl$usenofp)
    .constdata                               0x08003cf0   Section       32  chassis_task.o(.constdata)
    motor_speed_pid                          0x08003cf0   Data          12  chassis_task.o(.constdata)
    chassis_yaw_pid                          0x08003cfc   Data          12  chassis_task.o(.constdata)
    chassis_x_order_filter                   0x08003d08   Data           4  chassis_task.o(.constdata)
    chassis_y_order_filter                   0x08003d0c   Data           4  chassis_task.o(.constdata)
    .constdata                               0x08003d10   Section       28  y_motion_task.o(.constdata)
    Y_MOTION_motor_speed_pid                 0x08003d10   Data          12  y_motion_task.o(.constdata)
    Y_MOTION_motor_position_pid              0x08003d1c   Data          12  y_motion_task.o(.constdata)
    chassis_y_order_filter                   0x08003d28   Data           4  y_motion_task.o(.constdata)
    .constdata                               0x08003d2c   Section       28  gripper_task.o(.constdata)
    GRIPPER_motor_angular_speed_pid          0x08003d2c   Data          12  gripper_task.o(.constdata)
    GRIPPER_motor_position_pid               0x08003d38   Data          12  gripper_task.o(.constdata)
    Gripper_order_filter                     0x08003d44   Data           4  gripper_task.o(.constdata)
    .data                                    0x20000000   Section       20  system_stm32f4xx.o(.data)
    .data                                    0x20000014   Section       16  stm32f4xx_rcc.o(.data)
    APBAHBPrescTable                         0x20000014   Data          16  stm32f4xx_rcc.o(.data)
    .data                                    0x20000024   Section       16  delay.o(.data)
    fac_us                                   0x20000024   Data           1  delay.o(.data)
    fac_ms                                   0x20000028   Data           4  delay.o(.data)
    .data                                    0x20000034   Section        2  led.o(.data)
    Cnt                                      0x20000034   Data           1  led.o(.data)
    a                                        0x20000035   Data           1  led.o(.data)
    .data                                    0x20000036   Section        1  can_receive.o(.data)
    i                                        0x20000036   Data           1  can_receive.o(.data)
    .data                                    0x20000037   Section        1  chassis_behaviour.o(.data)
    chassis_behaviour_mode                   0x20000037   Data           1  chassis_behaviour.o(.data)
    .data                                    0x20000038   Section        2  remote_control.o(.data)
    this_time_rx_len                         0x20000038   Data           2  remote_control.o(.data)
    .data                                    0x2000003c   Section       84  start_task.o(.data)
    sched_tasks                              0x2000003c   Data          84  start_task.o(.data)
    .data                                    0x20000090   Section        8  catch_task.o(.data)
    .data                                    0x20000098   Section        4  revive_task.o(.data)
    .bss                                     0x2000009c   Section      120  can_receive.o(.bss)
    GIMBAL_TxMessage                         0x200000ec   Data          20  can_receive.o(.bss)
    rx1_message                              0x20000100   Data          20  can_receive.o(.bss)
    .bss                                     0x20000114   Section      548  chassis_task.o(.bss)
    .bss                                     0x20000338   Section      324  detect_task.o(.bss)
    errorList                                0x20000338   Data         324  detect_task.o(.bss)
    .bss                                     0x2000047c   Section       94  remote_control.o(.bss)
    .bss                                     0x200004dc   Section       36  start_task.o(.bss)
    .bss                                     0x20000500   Section      376  y_motion_task.o(.bss)
    .bss                                     0x20000678   Section      404  gripper_task.o(.bss)
    .bss                                     0x2000080c   Section       96  libspace.o(.bss)
    HEAP                                     0x20000870   Section        0  startup_stm32f427xx.o(HEAP)
    STACK                                    0x20000870   Section     1024  startup_stm32f427xx.o(STACK)
    Heap_Mem                                 0x20000870   Data           0  startup_stm32f427xx.o(HEAP)
    Stack_Mem                                0x20000870   Data        1024  startup_stm32f427xx.o(STACK)
    __initial_sp                             0x20000c70   Data           0  startup_stm32f427xx.o(STACK)

    Global Symbols

    Symbol Name                              Value     Ov Type        Size  Object(Section)

    BuildAttributes$$THM_ISAv4$E$P$D$K$B$S$7EM$VFPi3$EXTD16$VFPS$VFMA$PE$A:L22UL41UL21$X:L11$S22US41US21$IEEE1$IW$USESV6$~STKCKD$USESV7$~SHL$OTIME$ROPI$IEEEJ$EBA8$UX$STANDARDLIB$REQ8$PRES8$EABIv2 0x00000000   Number         0  anon$$obj.o ABSOLUTE
    __ARM_use_no_argv                        0x00000000   Number         0  main.o ABSOLUTE
    __ARM_exceptions_init                     - Undefined Weak Reference
    __alloca_initialize                       - Undefined Weak Reference
    __arm_preinit_                            - Undefined Weak Reference
    __cpp_initialize__aeabi_                  - Undefined Weak Reference
    __cxa_finalize                            - Undefined Weak Reference
    __rt_locale                               - Undefined Weak Reference
    __sigvec_lookup                           - Undefined Weak Reference
    _atexit_init                              - Undefined Weak Reference
    _call_atexit_fns                          - Undefined Weak Reference
    _clock_init                               - Undefined Weak Reference
    _fp_trap_init                             - Undefined Weak Reference
    _fp_trap_shutdown                         - Undefined Weak Reference
    _get_lc_collate                           - Undefined Weak Reference
    _get_lc_ctype                             - Undefined Weak Reference
    _get_lc_monetary                          - Undefined Weak Reference
    _get_lc_numeric                           - Undefined Weak Reference
    _get_lc_time                              - Undefined Weak Reference
    _getenv_init                              - Undefined Weak Reference
    _handle_redirection                       - Undefined Weak Reference
    _init_alloc                               - Undefined Weak Reference
    _init_user_alloc                          - Undefined Weak Reference
    _initio                                   - Undefined Weak Reference
    _rand_init                                - Undefined Weak Reference
    _signal_finish                            - Undefined Weak Reference
    _signal_init                              - Undefined Weak Reference
    _terminate_alloc                          - Undefined Weak Reference
    _terminate_user_alloc                     - Undefined Weak Reference
    _terminateio                              - Undefined Weak Reference
    __Vectors_Size                           0x000001ac   Number         0  startup_stm32f427xx.o ABSOLUTE
    __Vectors                                0x08000000   Data           4  startup_stm32f427xx.o(RESET)
    __Vectors_End                            0x080001ac   Data           0  startup_stm32f427xx.o(RESET)
    __main                                   0x080001ad   Thumb Code     8  __main.o(!!!main)
    __scatterload                            0x080001b5   Thumb Code     0  __scatter.o(!!!scatter)
    __scatterload_rt2                        0x080001b5   Thumb Code    44  __scatter.o(!!!scatter)
    __scatterload_rt2_thumb_only             0x080001b5   Thumb Code     0  __scatter.o(!!!scatter)
    __scatterload_null                       0x080001c3   Thumb Code     0  __scatter.o(!!!scatter)
    __scatterload_copy                       0x080001e9   Thumb Code    26  __scatter_copy.o(!!handler_copy)
    __scatterload_zeroinit                   0x08000205   Thumb Code    28  __scatter_zi.o(!!handler_zi)
    __rt_lib_init                            0x08000221   Thumb Code     0  libinit.o(.ARM.Collect$$libinit$$00000000)
    __rt_lib_init_fp_1                       0x08000223   Thumb Code     0  libinit2.o(.ARM.Collect$$libinit$$00000001)
    __rt_lib_init_alloca_1                   0x08000227   Thumb Code     0  libinit2.o(.ARM.Collect$$libinit$$0000002E)
    __rt_lib_init_argv_1                     0x08000227   Thumb Code     0  libinit2.o(.ARM.Collect$$libinit$$0000002C)
    __rt_lib_init_atexit_1                   0x08000227   Thumb Code     0  libinit2.o(.ARM.Collect$$libinit$$0000001B)
    __rt_lib_init_clock_1                    0x08000227   Thumb Code     0  libinit2.o(.ARM.Collect$$libinit$$00000021)
    __rt_lib_init_cpp_1                      0x08000227   Thumb Code     0  libinit2.o(.ARM.Collect$$libinit$$00000032)
    __rt_lib_init_exceptions_1               0x08000227   Thumb Code     0  libinit2.o(.ARM.Collect$$libinit$$00000030)
    __rt_lib_init_fp_trap_1                  0x08000227   Thumb Code     0  libinit2.o(.ARM.Collect$$libinit$$0000001F)
    __rt_lib_init_getenv_1                   0x08000227   Thumb Code     0  libinit2.o(.ARM.Collect$$libinit$$00000023)
    __rt_lib_init_heap_1                     0x08000227   Thumb Code     0  libinit2.o(.ARM.Collect$$libinit$$0000000A)
    __rt_lib_init_lc_collate_1               0x08000227   Thumb Code     0  libinit2.o(.ARM.Collect$$libinit$$00000011)
    __rt_lib_init_lc_ctype_1                 0x08000227   Thumb Code     0  libinit2.o(.ARM.Collect$$libinit$$00000013)
    __rt_lib_init_lc_monetary_1              0x08000227   Thumb Code     0  libinit2.o(.ARM.Collect$$libinit$$00000015)
    __rt_lib_init_lc_numeric_1               0x08000227   Thumb Code     0  libinit2.o(.ARM.Collect$$libinit$$00000017)
    __rt_lib_init_lc_time_1                  0x08000227   Thumb Code     0  libinit2.o(.ARM.Collect$$libinit$$00000019)
    __rt_lib_init_preinit_1                  0x08000227   Thumb Code     0  libinit2.o(.ARM.Collect$$libinit$$00000004)
    __rt_lib_init_rand_1                     0x08000227   Thumb Code     0  libinit2.o(.ARM.Collect$$libinit$$0000000E)
    __rt_lib_init_return                     0x08000227   Thumb Code     0  libinit2.o(.ARM.Collect$$libinit$$00000033)
    __rt_lib_init_signal_1                   0x08000227   Thumb Code     0  libinit2.o(.ARM.Collect$$libinit$$0000001D)
    __rt_lib_init_stdio_1                    0x08000227   Thumb Code     0  libinit2.o(.ARM.Collect$$libinit$$00000025)
    __rt_lib_init_user_alloc_1               0x08000227   Thumb Code     0  libinit2.o(.ARM.Collect$$libinit$$0000000C)
    __rt_lib_shutdown                        0x08000229   Thumb Code     0  libshutdown.o(.ARM.Collect$$libshutdown$$00000000)
    __rt_lib_shutdown_cpp_1                  0x0800022b   Thumb Code     0  libshutdown2.o(.ARM.Collect$$libshutdown$$00000002)
    __rt_lib_shutdown_fp_trap_1              0x0800022b   Thumb Code     0  libshutdown2.o(.ARM.Collect$$libshutdown$$00000007)
    __rt_lib_shutdown_heap_1                 0x0800022b   Thumb Code     0  libshutdown2.o(.ARM.Collect$$libshutdown$$0000000F)
    __rt_lib_shutdown_return                 0x0800022b   Thumb Code     0  libshutdown2.o(.ARM.Collect$$libshutdown$$00000010)
    __rt_lib_shutdown_signal_1               0x0800022b   Thumb Code     0  libshutdown2.o(.ARM.Collect$$libshutdown$$0000000A)
    __rt_lib_shutdown_stdio_1                0x0800022b   Thumb Code     0  libshutdown2.o(.ARM.Collect$$libshutdown$$00000004)
    __rt_lib_shutdown_user_alloc_1           0x0800022b   Thumb Code     0  libshutdown2.o(.ARM.Collect$$libshutdown$$0000000C)
    __rt_entry                               0x0800022d   Thumb Code     0  __rtentry.o(.ARM.Collect$$rtentry$$00000000)
    __rt_entry_presh_1                       0x0800022d   Thumb Code     0  __rtentry2.o(.ARM.Collect$$rtentry$$00000002)
    __rt_entry_sh                            0x0800022d   Thumb Code     0  __rtentry4.o(.ARM.Collect$$rtentry$$00000004)
    __rt_entry_li                            0x08000233   Thumb Code     0  __rtentry2.o(.ARM.Collect$$rtentry$$0000000A)
    __rt_entry_postsh_1                      0x08000233   Thumb Code     0  __rtentry2.o(.ARM.Collect$$rtentry$$00000009)
    __rt_entry_main                          0x08000237   Thumb Code     0  __rtentry2.o(.ARM.Collect$$rtentry$$0000000D)
    __rt_entry_postli_1                      0x08000237   Thumb Code     0  __rtentry2.o(.ARM.Collect$$rtentry$$0000000C)
    __rt_exit                                0x0800023f   Thumb Code     0  rtexit.o(.ARM.Collect$$rtexit$$00000000)
    __rt_exit_ls                             0x08000241   Thumb Code     0  rtexit2.o(.ARM.Collect$$rtexit$$00000003)
    __rt_exit_prels_1                        0x08000241   Thumb Code     0  rtexit2.o(.ARM.Collect$$rtexit$$00000002)
    __rt_exit_exit                           0x08000245   Thumb Code     0  rtexit2.o(.ARM.Collect$$rtexit$$00000004)
    Reset_Handler                            0x0800024d   Thumb Code    18  startup_stm32f427xx.o(.text)
    SVC_Handler                              0x08000269   Thumb Code     2  startup_stm32f427xx.o(.text)
    PendSV_Handler                           0x0800026d   Thumb Code     2  startup_stm32f427xx.o(.text)
    ADC_IRQHandler                           0x08000271   Thumb Code     0  startup_stm32f427xx.o(.text)
    CAN1_RX1_IRQHandler                      0x08000271   Thumb Code     0  startup_stm32f427xx.o(.text)
    CAN1_SCE_IRQHandler                      0x08000271   Thumb Code     0  startup_stm32f427xx.o(.text)
    CAN1_TX_IRQHandler                       0x08000271   Thumb Code     0  startup_stm32f427xx.o(.text)
    CAN2_RX0_IRQHandler                      0x08000271   Thumb Code     0  startup_stm32f427xx.o(.text)
    CAN2_RX1_IRQHandler                      0x08000271   Thumb Code     0  startup_stm32f427xx.o(.text)
    CAN2_SCE_IRQHandler                      0x08000271   Thumb Code     0  startup_stm32f427xx.o(.text)
    CAN2_TX_IRQHandler                       0x08000271   Thumb Code     0  startup_stm32f427xx.o(.text)
    DCMI_IRQHandler                          0x08000271   Thumb Code     0  startup_stm32f427xx.o(.text)
    DMA1_Stream0_IRQHandler                  0x08000271   Thumb Code     0  startup_stm32f427xx.o(.text)
    DMA1_Stream1_IRQHandler                  0x08000271   Thumb Code     0  startup_stm32f427xx.o(.text)
    DMA1_Stream2_IRQHandler                  0x08000271   Thumb Code     0  startup_stm32f427xx.o(.text)
    DMA1_Stream3_IRQHandler                  0x08000271   Thumb Code     0  startup_stm32f427xx.o(.text)
    DMA1_Stream4_IRQHandler                  0x08000271   Thumb Code     0  startup_stm32f427xx.o(.text)
    DMA1_Stream5_IRQHandler                  0x08000271   Thumb Code     0  startup_stm32f427xx.o(.text)
    DMA1_Stream6_IRQHandler                  0x08000271   Thumb Code     0  startup_stm32f427xx.o(.text)
    DMA1_Stream7_IRQHandler                  0x08000271   Thumb Code     0  startup_stm32f427xx.o(.text)
    DMA2D_IRQHandler                         0x08000271   Thumb Code     0  startup_stm32f427xx.o(.text)
    DMA2_Stream0_IRQHandler                  0x08000271   Thumb Code     0  startup_stm32f427xx.o(.text)
    DMA2_Stream1_IRQHandler                  0x08000271   Thumb Code     0  startup_stm32f427xx.o(.text)
    DMA2_Stream2_IRQHandler                  0x08000271   Thumb Code     0  startup_stm32f427xx.o(.text)
    DMA2_Stream3_IRQHandler                  0x08000271   Thumb Code     0  startup_stm32f427xx.o(.text)
    DMA2_Stream4_IRQHandler                  0x08000271   Thumb Code     0  startup_stm32f427xx.o(.text)
    DMA2_Stream5_IRQHandler                  0x08000271   Thumb Code     0  startup_stm32f427xx.o(.text)
    DMA2_Stream6_IRQHandler                  0x08000271   Thumb Code     0  startup_stm32f427xx.o(.text)
    DMA2_Stream7_IRQHandler                  0x08000271   Thumb Code     0  startup_stm32f427xx.o(.text)
    ETH_IRQHandler                           0x08000271   Thumb Code     0  startup_stm32f427xx.o(.text)
    ETH_WKUP_IRQHandler                      0x08000271   Thumb Code     0  startup_stm32f427xx.o(.text)
    EXTI0_IRQHandler                         0x08000271   Thumb Code     0  startup_stm32f427xx.o(.text)
    EXTI15_10_IRQHandler                     0x08000271   Thumb Code     0  startup_stm32f427xx.o(.text)
    EXTI1_IRQHandler                         0x08000271   Thumb Code     0  startup_stm32f427xx.o(.text)
    EXTI2_IRQHandler                         0x08000271   Thumb Code     0  startup_stm32f427xx.o(.text)
    EXTI3_IRQHandler                         0x08000271   Thumb Code     0  startup_stm32f427xx.o(.text)
    EXTI4_IRQHandler                         0x08000271   Thumb Code     0  startup_stm32f427xx.o(.text)
    EXTI9_5_IRQHandler                       0x08000271   Thumb Code     0  startup_stm32f427xx.o(.text)
    FLASH_IRQHandler                         0x08000271   Thumb Code     0  startup_stm32f427xx.o(.text)
    FMC_IRQHandler                           0x08000271   Thumb Code     0  startup_stm32f427xx.o(.text)
    FPU_IRQHandler                           0x08000271   Thumb Code     0  startup_stm32f427xx.o(.text)
    HASH_RNG_IRQHandler                      0x08000271   Thumb Code     0  startup_stm32f427xx.o(.text)
    I2C1_ER_IRQHandler                       0x08000271   Thumb Code     0  startup_stm32f427xx.o(.text)
    I2C1_EV_IRQHandler                       0x08000271   Thumb Code     0  startup_stm32f427xx.o(.text)
    I2C2_ER_IRQHandler                       0x08000271   Thumb Code     0  startup_stm32f427xx.o(.text)
    I2C2_EV_IRQHandler                       0x08000271   Thumb Code     0  startup_stm32f427xx.o(.text)
    I2C3_ER_IRQHandler                       0x08000271   Thumb Code     0  startup_stm32f427xx.o(.text)
    I2C3_EV_IRQHandler                       0x08000271   Thumb Code     0  startup_stm32f427xx.o(.text)
    OTG_FS_IRQHandler                        0x08000271   Thumb Code     0  startup_stm32f427xx.o(.text)
    OTG_FS_WKUP_IRQHandler                   0x08000271   Thumb Code     0  startup_stm32f427xx.o(.text)
    OTG_HS_EP1_IN_IRQHandler                 0x08000271   Thumb Code     0  startup_stm32f427xx.o(.text)
    OTG_HS_EP1_OUT_IRQHandler                0x08000271   Thumb Code     0  startup_stm32f427xx.o(.text)
    OTG_HS_IRQHandler                        0x08000271   Thumb Code     0  startup_stm32f427xx.o(.text)
    OTG_HS_WKUP_IRQHandler                   0x08000271   Thumb Code     0  startup_stm32f427xx.o(.text)
    PVD_IRQHandler                           0x08000271   Thumb Code     0  startup_stm32f427xx.o(.text)
    RCC_IRQHandler                           0x08000271   Thumb Code     0  startup_stm32f427xx.o(.text)
    RTC_Alarm_IRQHandler                     0x08000271   Thumb Code     0  startup_stm32f427xx.o(.text)
    RTC_WKUP_IRQHandler                      0x08000271   Thumb Code     0  startup_stm32f427xx.o(.text)
    SAI1_IRQHandler                          0x08000271   Thumb Code     0  startup_stm32f427xx.o(.text)
    SDIO_IRQHandler                          0x08000271   Thumb Code     0  startup_stm32f427xx.o(.text)
    SPI1_IRQHandler                          0x08000271   Thumb Code     0  startup_stm32f427xx.o(.text)
    SPI2_IRQHandler                          0x08000271   Thumb Code     0  startup_stm32f427xx.o(.text)
    SPI3_IRQHandler                          0x08000271   Thumb Code     0  startup_stm32f427xx.o(.text)
    SPI4_IRQHandler                          0x08000271   Thumb Code     0  startup_stm32f427xx.o(.text)
    SPI5_IRQHandler                          0x08000271   Thumb Code     0  startup_stm32f427xx.o(.text)
    SPI6_IRQHandler                          0x08000271   Thumb Code     0  startup_stm32f427xx.o(.text)
    TAMP_STAMP_IRQHandler                    0x08000271   Thumb Code     0  startup_stm32f427xx.o(.text)
    TIM1_BRK_TIM9_IRQHandler                 0x08000271   Thumb Code     0  startup_stm32f427xx.o(.text)
    TIM1_CC_IRQHandler                       0x08000271   Thumb Code     0  startup_stm32f427xx.o(.text)
    TIM1_TRG_COM_TIM11_IRQHandler            0x08000271   Thumb Code     0  startup_stm32f427xx.o(.text)
    TIM1_UP_TIM10_IRQHandler                 0x08000271   Thumb Code     0  startup_stm32f427xx.o(.text)
    TIM2_IRQHandler                          0x08000271   Thumb Code     0  startup_stm32f427xx.o(.text)
    TIM3_IRQHandler                          0x08000271   Thumb Code     0  startup_stm32f427xx.o(.text)
    TIM4_IRQHandler                          0x08000271   Thumb Code     0  startup_stm32f427xx.o(.text)
    TIM5_IRQHandler                          0x08000271   Thumb Code     0  startup_stm32f427xx.o(.text)
    TIM7_IRQHandler                          0x08000271   Thumb Code     0  startup_stm32f427xx.o(.text)
    TIM8_BRK_TIM12_IRQHandler                0x08000271   Thumb Code     0  startup_stm32f427xx.o(.text)
    TIM8_CC_IRQHandler                       0x08000271   Thumb Code     0  startup_stm32f427xx.o(.text)
    TIM8_TRG_COM_TIM14_IRQHandler            0x08000271   Thumb Code     0  startup_stm32f427xx.o(.text)
    TIM8_UP_TIM13_IRQHandler                 0x08000271   Thumb Code     0  startup_stm32f427xx.o(.text)
    UART4_IRQHandler                         0x08000271   Thumb Code     0  startup_stm32f427xx.o(.text)
    UART5_IRQHandler                         0x08000271   Thumb Code     0  startup_stm32f427xx.o(.text)
    UART7_IRQHandler                         0x08000271   Thumb Code     0  startup_stm32f427xx.o(.text)
    UART8_IRQHandler                         0x08000271   Thumb Code     0  startup_stm32f427xx.o(.text)
    USART2_IRQHandler                        0x08000271   Thumb Code     0  startup_stm32f427xx.o(.text)
    USART3_IRQHandler                        0x08000271   Thumb Code     0  startup_stm32f427xx.o(.text)
    USART6_IRQHandler                        0x08000271   Thumb Code     0  startup_stm32f427xx.o(.text)
    WWDG_IRQHandler                          0x08000271   Thumb Code     0  startup_stm32f427xx.o(.text)
    __user_initial_stackheap                 0x08000275   Thumb Code     0  startup_stm32f427xx.o(.text)
    __use_two_region_memory                  0x08000299   Thumb Code     2  heapauxi.o(.text)
    __rt_heap_escrow$2region                 0x0800029b   Thumb Code     2  heapauxi.o(.text)
    __rt_heap_expand$2region                 0x0800029d   Thumb Code     2  heapauxi.o(.text)
    __user_setup_stackheap                   0x0800029f   Thumb Code    74  sys_stackheap_outer.o(.text)
    exit                                     0x080002e9   Thumb Code    18  exit.o(.text)
    __user_libspace                          0x080002fd   Thumb Code     8  libspace.o(.text)
    __user_perproc_libspace                  0x080002fd   Thumb Code     0  libspace.o(.text)
    __user_perthread_libspace                0x080002fd   Thumb Code     0  libspace.o(.text)
    _sys_exit                                0x08000305   Thumb Code     8  sys_exit.o(.text)
    __I$use$semihosting                      0x08000311   Thumb Code     0  use_no_semi.o(.text)
    __use_no_semihosting_swi                 0x08000311   Thumb Code     2  use_no_semi.o(.text)
    __semihosting_library_function           0x08000313   Thumb Code     0  indicate_semi.o(.text)
    AMMO17_off                               0x08000315   Thumb Code    14  ammo_out_task.o(i.AMMO17_off)
    AMMO17_out                               0x08000329   Thumb Code    14  ammo_out_task.o(i.AMMO17_out)
    AMMO42_off                               0x0800033d   Thumb Code    14  ammo_out_task.o(i.AMMO42_off)
    AMMO42_out                               0x08000351   Thumb Code    14  ammo_out_task.o(i.AMMO42_out)
    AMMO_17mm_OUT_task                       0x08000365   Thumb Code    40  ammo_out_task.o(i.AMMO_17mm_OUT_task)
    AMMO_42mm_OUT_task                       0x08000391   Thumb Code    40  ammo_out_task.o(i.AMMO_42mm_OUT_task)
    AMMO_OUT_PWM_configuration               0x080003bd   Thumb Code   256  ammo_out_task.o(i.AMMO_OUT_PWM_configuration)
    BSPInit_CompleteBeep                     0x080004c5   Thumb Code    22  buzzer.o(i.BSPInit_CompleteBeep)
    BSP_init                                 0x080004db   Thumb Code   106  main.o(i.BSP_init)
    BusFault_Handler                         0x08000545   Thumb Code     4  stm32f4xx_it.o(i.BusFault_Handler)
    CAN1_RX0_IRQHandler                      0x08000549   Thumb Code    38  can_receive.o(i.CAN1_RX0_IRQHandler)
    CAN1_mode_init                           0x08000579   Thumb Code   264  can.o(i.CAN1_mode_init)
    CAN_CMD_CHASSIS                          0x08000689   Thumb Code    94  can_receive.o(i.CAN_CMD_CHASSIS)
    CAN_CMD_Upper                            0x080006ed   Thumb Code    68  can_receive.o(i.CAN_CMD_Upper)
    CAN_ClearITPendingBit                    0x08000739   Thumb Code   162  stm32f4xx_can.o(i.CAN_ClearITPendingBit)
    CAN_FilterInit                           0x080007e1   Thumb Code   258  stm32f4xx_can.o(i.CAN_FilterInit)
    CAN_GetITStatus                          0x080008e9   Thumb Code   284  stm32f4xx_can.o(i.CAN_GetITStatus)
    CAN_ITConfig                             0x08000a09   Thumb Code    18  stm32f4xx_can.o(i.CAN_ITConfig)
    CAN_Init                                 0x08000a1b   Thumb Code   276  stm32f4xx_can.o(i.CAN_Init)
    CAN_Receive                              0x08000b2f   Thumb Code   240  stm32f4xx_can.o(i.CAN_Receive)
    CAN_Transmit                             0x08000c1f   Thumb Code   294  stm32f4xx_can.o(i.CAN_Transmit)
    CATCH_Setup                              0x08000f21   Thumb Code    10  catch_task.o(i.CATCH_Setup)
    CATCH_task                               0x08000fa9   Thumb Code    16  catch_task.o(i.CATCH_task)
    DMA_ClearFlag                            0x08000fd1   Thumb Code    38  stm32f4xx_dma.o(i.DMA_ClearFlag)
    DMA_Cmd                                  0x08001005   Thumb Code    22  stm32f4xx_dma.o(i.DMA_Cmd)
    DMA_DeInit                               0x0800101d   Thumb Code   324  stm32f4xx_dma.o(i.DMA_DeInit)
    DMA_DoubleBufferModeCmd                  0x08001175   Thumb Code    22  stm32f4xx_dma.o(i.DMA_DoubleBufferModeCmd)
    DMA_DoubleBufferModeConfig               0x0800118b   Thumb Code    24  stm32f4xx_dma.o(i.DMA_DoubleBufferModeConfig)
    DMA_GetCurrDataCounter                   0x080011a3   Thumb Code     8  stm32f4xx_dma.o(i.DMA_GetCurrDataCounter)
    DMA_GetCurrentMemoryTarget               0x080011ab   Thumb Code    20  stm32f4xx_dma.o(i.DMA_GetCurrentMemoryTarget)
    DMA_Init                                 0x080011c1   Thumb Code    82  stm32f4xx_dma.o(i.DMA_Init)
    DMA_SetCurrDataCounter                   0x08001219   Thumb Code     4  stm32f4xx_dma.o(i.DMA_SetCurrDataCounter)
    DebugMon_Handler                         0x0800121d   Thumb Code     2  stm32f4xx_it.o(i.DebugMon_Handler)
    DetectHook                               0x08001221   Thumb Code   286  detect_task.o(i.DetectHook)
    GPIO_Init                                0x08001349   Thumb Code   144  stm32f4xx_gpio.o(i.GPIO_Init)
    GPIO_PinAFConfig                         0x080013d9   Thumb Code    70  stm32f4xx_gpio.o(i.GPIO_PinAFConfig)
    GPIO_ResetBits                           0x0800141f   Thumb Code     4  stm32f4xx_gpio.o(i.GPIO_ResetBits)
    GPIO_SetBits                             0x08001423   Thumb Code     4  stm32f4xx_gpio.o(i.GPIO_SetBits)
    GPIO_ToggleBits                          0x08001427   Thumb Code     8  stm32f4xx_gpio.o(i.GPIO_ToggleBits)
    GRIPPER_Setup                            0x08001435   Thumb Code    10  gripper_task.o(i.GRIPPER_Setup)
    GRIPPER_rc_filter                        0x08001659   Thumb Code   128  gripper_task.o(i.GRIPPER_rc_filter)
    GRIPPER_task                             0x08001775   Thumb Code    28  gripper_task.o(i.GRIPPER_task)
    GetSysTime_us                            0x08001795   Thumb Code    58  delay.o(i.GetSysTime_us)
    HOOK_OUT_PWM_configuration               0x080017d5   Thumb Code   274  rescuehook_task.o(i.HOOK_OUT_PWM_configuration)
    HardFault_Handler                        0x080018f5   Thumb Code     4  stm32f4xx_it.o(i.HardFault_Handler)
    MemManage_Handler                        0x080019b7   Thumb Code     4  stm32f4xx_it.o(i.MemManage_Handler)
    NMI_Handler                              0x080019bb   Thumb Code     2  stm32f4xx_it.o(i.NMI_Handler)
    NVIC_Init                                0x080019bd   Thumb Code   106  misc.o(i.NVIC_Init)
    NVIC_PriorityGroupConfig                 0x08001a35   Thumb Code    10  misc.o(i.NVIC_PriorityGroupConfig)
    PID_Calc                                 0x08001a49   Thumb Code   492  pid.o(i.PID_Calc)
    PID_Init                                 0x08001c39   Thumb Code    92  pid.o(i.PID_Init)
    RCC_AHB1PeriphClockCmd                   0x08001c99   Thumb Code    26  stm32f4xx_rcc.o(i.RCC_AHB1PeriphClockCmd)
    RCC_APB1PeriphClockCmd                   0x08001cb9   Thumb Code    26  stm32f4xx_rcc.o(i.RCC_APB1PeriphClockCmd)
    RCC_APB1PeriphResetCmd                   0x08001cd9   Thumb Code    26  stm32f4xx_rcc.o(i.RCC_APB1PeriphResetCmd)
    RCC_APB2PeriphClockCmd                   0x08001cf9   Thumb Code    26  stm32f4xx_rcc.o(i.RCC_APB2PeriphClockCmd)
    RCC_APB2PeriphResetCmd                   0x08001d19   Thumb Code    26  stm32f4xx_rcc.o(i.RCC_APB2PeriphResetCmd)
    RCC_GetClocksFreq                        0x08001d39   Thumb Code   214  stm32f4xx_rcc.o(i.RCC_GetClocksFreq)
    RC_Init                                  0x08001e21   Thumb Code   312  rc.o(i.RC_Init)
    Rescue_task                              0x08001fa5   Thumb Code    40  rescuehook_task.o(i.Rescue_task)
    ReviveCard_ReachOUT                      0x08001fd1   Thumb Code    12  revive_task.o(i.ReviveCard_ReachOUT)
    Scheduler_Run                            0x080020c1   Thumb Code    76  start_task.o(i.Scheduler_Run)
    Scheduler_Setup                          0x08002111   Thumb Code    76  start_task.o(i.Scheduler_Setup)
    SysTick_CLKSourceConfig                  0x08002281   Thumb Code    40  misc.o(i.SysTick_CLKSourceConfig)
    SysTick_GetTick                          0x080022a9   Thumb Code     6  delay.o(i.SysTick_GetTick)
    SysTick_Handler                          0x080022b5   Thumb Code    22  delay.o(i.SysTick_Handler)
    SystemInit                               0x080022d1   Thumb Code    88  system_stm32f4xx.o(i.SystemInit)
    TIM6_DAC_IRQHandler                      0x08002339   Thumb Code    30  can_receive.o(i.TIM6_DAC_IRQHandler)
    TIM_ARRPreloadConfig                     0x0800235d   Thumb Code    24  stm32f4xx_tim.o(i.TIM_ARRPreloadConfig)
    TIM_ClearFlag                            0x08002375   Thumb Code     6  stm32f4xx_tim.o(i.TIM_ClearFlag)
    TIM_Cmd                                  0x0800237b   Thumb Code    24  stm32f4xx_tim.o(i.TIM_Cmd)
    TIM_CtrlPWMOutputs                       0x08002393   Thumb Code    30  stm32f4xx_tim.o(i.TIM_CtrlPWMOutputs)
    TIM_GetITStatus                          0x080023b1   Thumb Code    34  stm32f4xx_tim.o(i.TIM_GetITStatus)
    TIM_OC1Init                              0x080023d5   Thumb Code   114  stm32f4xx_tim.o(i.TIM_OC1Init)
    TIM_OC1PreloadConfig                     0x08002451   Thumb Code    18  stm32f4xx_tim.o(i.TIM_OC1PreloadConfig)
    TIM_OC3Init                              0x08002465   Thumb Code   150  stm32f4xx_tim.o(i.TIM_OC3Init)
    TIM_OC3PreloadConfig                     0x08002505   Thumb Code    18  stm32f4xx_tim.o(i.TIM_OC3PreloadConfig)
    TIM_OC4Init                              0x08002519   Thumb Code   112  stm32f4xx_tim.o(i.TIM_OC4Init)
    TIM_OC4PreloadConfig                     0x08002591   Thumb Code    26  stm32f4xx_tim.o(i.TIM_OC4PreloadConfig)
    TIM_SetCompare1                          0x080025ab   Thumb Code     4  stm32f4xx_tim.o(i.TIM_SetCompare1)
    TIM_SetCompare3                          0x080025af   Thumb Code     4  stm32f4xx_tim.o(i.TIM_SetCompare3)
    TIM_SetCompare4                          0x080025b3   Thumb Code     4  stm32f4xx_tim.o(i.TIM_SetCompare4)
    TIM_TimeBaseInit                         0x080025b9   Thumb Code   104  stm32f4xx_tim.o(i.TIM_TimeBaseInit)
    USART1_IRQHandler                        0x0800263d   Thumb Code   216  remote_control.o(i.USART1_IRQHandler)
    USART_ClearFlag                          0x0800272d   Thumb Code    18  stm32f4xx_usart.o(i.USART_ClearFlag)
    USART_Cmd                                0x0800273f   Thumb Code    24  stm32f4xx_usart.o(i.USART_Cmd)
    USART_DMACmd                             0x08002757   Thumb Code    18  stm32f4xx_usart.o(i.USART_DMACmd)
    USART_DeInit                             0x08002769   Thumb Code   206  stm32f4xx_usart.o(i.USART_DeInit)
    USART_GetITStatus                        0x08002859   Thumb Code    84  stm32f4xx_usart.o(i.USART_GetITStatus)
    USART_ITConfig                           0x080028ad   Thumb Code    74  stm32f4xx_usart.o(i.USART_ITConfig)
    USART_Init                               0x080028f9   Thumb Code   204  stm32f4xx_usart.o(i.USART_Init)
    USART_ReceiveData                        0x080029cd   Thumb Code    10  stm32f4xx_usart.o(i.USART_ReceiveData)
    UsageFault_Handler                       0x080029d7   Thumb Code     4  stm32f4xx_it.o(i.UsageFault_Handler)
    Y_MOTION_Setup                           0x080029dd   Thumb Code    10  y_motion_task.o(i.Y_MOTION_Setup)
    Y_MOTION_rc_filter                       0x08002ba1   Thumb Code   128  y_motion_task.o(i.Y_MOTION_rc_filter)
    Y_MOTION_task                            0x08002cfd   Thumb Code    28  y_motion_task.o(i.Y_MOTION_task)
    __hardfp_fabs                            0x08002d1d   Thumb Code    20  fabs.o(i.__hardfp_fabs)
    buzzer_init                              0x08002d31   Thumb Code   174  buzzer.o(i.buzzer_init)
    buzzer_off                               0x08002de9   Thumb Code    12  buzzer.o(i.buzzer_off)
    buzzer_on                                0x08002df9   Thumb Code    22  buzzer.o(i.buzzer_on)
    chassis_Setup                            0x08002e15   Thumb Code    10  chassis_task.o(i.chassis_Setup)
    chassis_behaviour_control_set            0x08002e25   Thumb Code    70  chassis_behaviour.o(i.chassis_behaviour_control_set)
    chassis_behaviour_mode_set               0x08002e71   Thumb Code    78  chassis_behaviour.o(i.chassis_behaviour_mode_set)
    chassis_rc_to_control_vector             0x08003325   Thumb Code   320  chassis_task.o(i.chassis_rc_to_control_vector)
    chassis_task                             0x08003531   Thumb Code    56  chassis_task.o(i.chassis_task)
    delay_init                               0x080035c1   Thumb Code    90  delay.o(i.delay_init)
    delay_ms                                 0x0800362d   Thumb Code    76  delay.o(i.delay_ms)
    first_order_filter_cali                  0x0800367d   Thumb Code    84  user_lib.o(i.first_order_filter_cali)
    first_order_filter_init                  0x080036d1   Thumb Code    32  user_lib.o(i.first_order_filter_init)
    flow_led_Combo1                          0x080036f5   Thumb Code    58  led.o(i.flow_led_Combo1)
    flow_led_off                             0x08003739   Thumb Code    20  led.o(i.flow_led_off)
    flow_led_toggle                          0x08003751   Thumb Code    20  led.o(i.flow_led_toggle)
    fp32_constrain                           0x08003769   Thumb Code    42  user_lib.o(i.fp32_constrain)
    get_Chassis_Motor_Measure_Point          0x08003795   Thumb Code    18  can_receive.o(i.get_Chassis_Motor_Measure_Point)
    get_GRIPPER_1_MOTOR_Measure_Point        0x080037ad   Thumb Code     4  can_receive.o(i.get_GRIPPER_1_MOTOR_Measure_Point)
    get_GRIPPER_2_MOTOR_Measure_Point        0x080037b5   Thumb Code     4  can_receive.o(i.get_GRIPPER_2_MOTOR_Measure_Point)
    get_Y_LEFT_MOTOR_Measure_Point           0x080037bd   Thumb Code     4  can_receive.o(i.get_Y_LEFT_MOTOR_Measure_Point)
    get_Y_RIGHT_MOTOR_Measure_Point          0x080037c5   Thumb Code     4  can_receive.o(i.get_Y_RIGHT_MOTOR_Measure_Point)
    get_remote_control_point                 0x080037cd   Thumb Code     4  remote_control.o(i.get_remote_control_point)
    laser_configuration                      0x080037d5   Thumb Code    54  laser.o(i.laser_configuration)
    laser_on                                 0x08003811   Thumb Code    14  laser.o(i.laser_on)
    led_configuration                        0x08003825   Thumb Code   104  led.o(i.led_configuration)
    led_green_on                             0x08003899   Thumb Code    14  led.o(i.led_green_on)
    led_red_on                               0x080038ad   Thumb Code    14  led.o(i.led_red_on)
    main                                     0x080038c1   Thumb Code    22  main.o(i.main)
    power_ctrl_configuration                 0x0800390d   Thumb Code    66  power_ctrl.o(i.power_ctrl_configuration)
    power_ctrl_off                           0x08003955   Thumb Code    26  power_ctrl.o(i.power_ctrl_off)
    remote_control_init                      0x08003975   Thumb Code    16  remote_control.o(i.remote_control_init)
    sys_time                                 0x08003989   Thumb Code    12  delay.o(i.sys_time)
    __aeabi_d2f                              0x08003999   Thumb Code     0  d2f.o(x$fpl$d2f)
    _d2f                                     0x08003999   Thumb Code    98  d2f.o(x$fpl$d2f)
    __aeabi_dmul                             0x080039fd   Thumb Code     0  dmul.o(x$fpl$dmul)
    _dmul                                    0x080039fd   Thumb Code   332  dmul.o(x$fpl$dmul)
    __fpl_dnaninf                            0x08003b51   Thumb Code   156  dnaninf.o(x$fpl$dnaninf)
    __fpl_dretinf                            0x08003bed   Thumb Code    12  dretinf.o(x$fpl$dretinf)
    __aeabi_f2d                              0x08003bf9   Thumb Code     0  f2d.o(x$fpl$f2d)
    _f2d                                     0x08003bf9   Thumb Code    86  f2d.o(x$fpl$f2d)
    __fpl_fnaninf                            0x08003c4f   Thumb Code   140  fnaninf.o(x$fpl$fnaninf)
    _fp_init                                 0x08003cdb   Thumb Code    10  fpinit.o(x$fpl$fpinit)
    __fplib_config_fpu_vfp                   0x08003ce3   Thumb Code     0  fpinit.o(x$fpl$fpinit)
    __fplib_config_pureend_doubles           0x08003ce3   Thumb Code     0  fpinit.o(x$fpl$fpinit)
    __fpl_fretinf                            0x08003ce5   Thumb Code    10  fretinf.o(x$fpl$fretinf)
    __I$use$fp                               0x08003cee   Number         0  usenofp.o(x$fpl$usenofp)
    Region$$Table$$Base                      0x08003d48   Number         0  anon$$obj.o(Region$$Table)
    Region$$Table$$Limit                     0x08003d68   Number         0  anon$$obj.o(Region$$Table)
    SystemCoreClock                          0x20000000   Data           4  system_stm32f4xx.o(.data)
    AHBPrescTable                            0x20000004   Data          16  system_stm32f4xx.o(.data)
    systime_ms                               0x2000002c   Data           4  delay.o(.data)
    sysTickUptime                            0x20000030   Data           4  delay.o(.data)
    CATCH_move                               0x20000090   Data           8  catch_task.o(.data)
    ReviveCard_Current                       0x20000098   Data           4  revive_task.o(.data)
    Y_left_motor                             0x2000009c   Data          10  can_receive.o(.bss)
    Y_right_motor                            0x200000a6   Data          10  can_receive.o(.bss)
    gripper_1_motor                          0x200000b0   Data          10  can_receive.o(.bss)
    gripper_2_motor                          0x200000ba   Data          10  can_receive.o(.bss)
    motor_chassis                            0x200000c4   Data          40  can_receive.o(.bss)
    chassis_move                             0x20000114   Data         548  chassis_task.o(.bss)
    rc_ctrl                                  0x2000047c   Data          22  remote_control.o(.bss)
    SBUS_rx_buf                              0x20000492   Data          72  remote_control.o(.bss)
    test_dT_1000hz                           0x200004dc   Data          12  start_task.o(.bss)
    test_rT                                  0x200004e8   Data          24  start_task.o(.bss)
    Y_MOTION_move                            0x20000500   Data         376  y_motion_task.o(.bss)
    GRIPPER_move                             0x20000678   Data         404  gripper_task.o(.bss)
    __libspace_start                         0x2000080c   Data          96  libspace.o(.bss)
    __temporary_stack_top$libspace           0x2000086c   Data           0  libspace.o(.bss)



==============================================================================

Memory Map of the image

  Image Entry point : 0x080001ad

  Load Region LR_IROM1 (Base: 0x08000000, Size: 0x00003e04, Max: 0x00200000, ABSOLUTE)

    Execution Region ER_IROM1 (Exec base: 0x08000000, Load base: 0x08000000, Size: 0x00003d68, Max: 0x00200000, ABSOLUTE)

    Exec Addr    Load Addr    Size         Type   Attr      Idx    E Section Name        Object

    0x08000000   0x08000000   0x000001ac   Data   RO            3    RESET               startup_stm32f427xx.o
    0x080001ac   0x080001ac   0x00000008   Code   RO         7113  * !!!main             c_w.l(__main.o)
    0x080001b4   0x080001b4   0x00000034   Code   RO         7291    !!!scatter          c_w.l(__scatter.o)
    0x080001e8   0x080001e8   0x0000001a   Code   RO         7293    !!handler_copy      c_w.l(__scatter_copy.o)
    0x08000202   0x08000202   0x00000002   PAD
    0x08000204   0x08000204   0x0000001c   Code   RO         7295    !!handler_zi        c_w.l(__scatter_zi.o)
    0x08000220   0x08000220   0x00000002   Code   RO         7161    .ARM.Collect$$libinit$$00000000  c_w.l(libinit.o)
    0x08000222   0x08000222   0x00000004   Code   RO         7167    .ARM.Collect$$libinit$$00000001  c_w.l(libinit2.o)
    0x08000226   0x08000226   0x00000000   Code   RO         7170    .ARM.Collect$$libinit$$00000004  c_w.l(libinit2.o)
    0x08000226   0x08000226   0x00000000   Code   RO         7173    .ARM.Collect$$libinit$$0000000A  c_w.l(libinit2.o)
    0x08000226   0x08000226   0x00000000   Code   RO         7175    .ARM.Collect$$libinit$$0000000C  c_w.l(libinit2.o)
    0x08000226   0x08000226   0x00000000   Code   RO         7177    .ARM.Collect$$libinit$$0000000E  c_w.l(libinit2.o)
    0x08000226   0x08000226   0x00000000   Code   RO         7180    .ARM.Collect$$libinit$$00000011  c_w.l(libinit2.o)
    0x08000226   0x08000226   0x00000000   Code   RO         7182    .ARM.Collect$$libinit$$00000013  c_w.l(libinit2.o)
    0x08000226   0x08000226   0x00000000   Code   RO         7184    .ARM.Collect$$libinit$$00000015  c_w.l(libinit2.o)
    0x08000226   0x08000226   0x00000000   Code   RO         7186    .ARM.Collect$$libinit$$00000017  c_w.l(libinit2.o)
    0x08000226   0x08000226   0x00000000   Code   RO         7188    .ARM.Collect$$libinit$$00000019  c_w.l(libinit2.o)
    0x08000226   0x08000226   0x00000000   Code   RO         7190    .ARM.Collect$$libinit$$0000001B  c_w.l(libinit2.o)
    0x08000226   0x08000226   0x00000000   Code   RO         7192    .ARM.Collect$$libinit$$0000001D  c_w.l(libinit2.o)
    0x08000226   0x08000226   0x00000000   Code   RO         7194    .ARM.Collect$$libinit$$0000001F  c_w.l(libinit2.o)
    0x08000226   0x08000226   0x00000000   Code   RO         7196    .ARM.Collect$$libinit$$00000021  c_w.l(libinit2.o)
    0x08000226   0x08000226   0x00000000   Code   RO         7198    .ARM.Collect$$libinit$$00000023  c_w.l(libinit2.o)
    0x08000226   0x08000226   0x00000000   Code   RO         7200    .ARM.Collect$$libinit$$00000025  c_w.l(libinit2.o)
    0x08000226   0x08000226   0x00000000   Code   RO         7204    .ARM.Collect$$libinit$$0000002C  c_w.l(libinit2.o)
    0x08000226   0x08000226   0x00000000   Code   RO         7206    .ARM.Collect$$libinit$$0000002E  c_w.l(libinit2.o)
    0x08000226   0x08000226   0x00000000   Code   RO         7208    .ARM.Collect$$libinit$$00000030  c_w.l(libinit2.o)
    0x08000226   0x08000226   0x00000000   Code   RO         7210    .ARM.Collect$$libinit$$00000032  c_w.l(libinit2.o)
    0x08000226   0x08000226   0x00000002   Code   RO         7211    .ARM.Collect$$libinit$$00000033  c_w.l(libinit2.o)
    0x08000228   0x08000228   0x00000002   Code   RO         7231    .ARM.Collect$$libshutdown$$00000000  c_w.l(libshutdown.o)
    0x0800022a   0x0800022a   0x00000000   Code   RO         7244    .ARM.Collect$$libshutdown$$00000002  c_w.l(libshutdown2.o)
    0x0800022a   0x0800022a   0x00000000   Code   RO         7246    .ARM.Collect$$libshutdown$$00000004  c_w.l(libshutdown2.o)
    0x0800022a   0x0800022a   0x00000000   Code   RO         7249    .ARM.Collect$$libshutdown$$00000007  c_w.l(libshutdown2.o)
    0x0800022a   0x0800022a   0x00000000   Code   RO         7252    .ARM.Collect$$libshutdown$$0000000A  c_w.l(libshutdown2.o)
    0x0800022a   0x0800022a   0x00000000   Code   RO         7254    .ARM.Collect$$libshutdown$$0000000C  c_w.l(libshutdown2.o)
    0x0800022a   0x0800022a   0x00000000   Code   RO         7257    .ARM.Collect$$libshutdown$$0000000F  c_w.l(libshutdown2.o)
    0x0800022a   0x0800022a   0x00000002   Code   RO         7258    .ARM.Collect$$libshutdown$$00000010  c_w.l(libshutdown2.o)
    0x0800022c   0x0800022c   0x00000000   Code   RO         7127    .ARM.Collect$$rtentry$$00000000  c_w.l(__rtentry.o)
    0x0800022c   0x0800022c   0x00000000   Code   RO         7138    .ARM.Collect$$rtentry$$00000002  c_w.l(__rtentry2.o)
    0x0800022c   0x0800022c   0x00000006   Code   RO         7150    .ARM.Collect$$rtentry$$00000004  c_w.l(__rtentry4.o)
    0x08000232   0x08000232   0x00000000   Code   RO         7140    .ARM.Collect$$rtentry$$00000009  c_w.l(__rtentry2.o)
    0x08000232   0x08000232   0x00000004   Code   RO         7141    .ARM.Collect$$rtentry$$0000000A  c_w.l(__rtentry2.o)
    0x08000236   0x08000236   0x00000000   Code   RO         7143    .ARM.Collect$$rtentry$$0000000C  c_w.l(__rtentry2.o)
    0x08000236   0x08000236   0x00000008   Code   RO         7144    .ARM.Collect$$rtentry$$0000000D  c_w.l(__rtentry2.o)
    0x0800023e   0x0800023e   0x00000002   Code   RO         7165    .ARM.Collect$$rtexit$$00000000  c_w.l(rtexit.o)
    0x08000240   0x08000240   0x00000000   Code   RO         7213    .ARM.Collect$$rtexit$$00000002  c_w.l(rtexit2.o)
    0x08000240   0x08000240   0x00000004   Code   RO         7214    .ARM.Collect$$rtexit$$00000003  c_w.l(rtexit2.o)
    0x08000244   0x08000244   0x00000006   Code   RO         7215    .ARM.Collect$$rtexit$$00000004  c_w.l(rtexit2.o)
    0x0800024a   0x0800024a   0x00000002   PAD
    0x0800024c   0x0800024c   0x0000004c   Code   RO            4    .text               startup_stm32f427xx.o
    0x08000298   0x08000298   0x00000006   Code   RO         7111    .text               c_w.l(heapauxi.o)
    0x0800029e   0x0800029e   0x0000004a   Code   RO         7152    .text               c_w.l(sys_stackheap_outer.o)
    0x080002e8   0x080002e8   0x00000012   Code   RO         7154    .text               c_w.l(exit.o)
    0x080002fa   0x080002fa   0x00000002   PAD
    0x080002fc   0x080002fc   0x00000008   Code   RO         7162    .text               c_w.l(libspace.o)
    0x08000304   0x08000304   0x0000000c   Code   RO         7223    .text               c_w.l(sys_exit.o)
    0x08000310   0x08000310   0x00000002   Code   RO         7234    .text               c_w.l(use_no_semi.o)
    0x08000312   0x08000312   0x00000000   Code   RO         7236    .text               c_w.l(indicate_semi.o)
    0x08000312   0x08000312   0x00000002   PAD
    0x08000314   0x08000314   0x00000014   Code   RO         6845    i.AMMO17_off        ammo_out_task.o
    0x08000328   0x08000328   0x00000014   Code   RO         6846    i.AMMO17_out        ammo_out_task.o
    0x0800033c   0x0800033c   0x00000014   Code   RO         6847    i.AMMO42_off        ammo_out_task.o
    0x08000350   0x08000350   0x00000014   Code   RO         6848    i.AMMO42_out        ammo_out_task.o
    0x08000364   0x08000364   0x0000002c   Code   RO         6849    i.AMMO_17mm_OUT_task  ammo_out_task.o
    0x08000390   0x08000390   0x0000002c   Code   RO         6850    i.AMMO_42mm_OUT_task  ammo_out_task.o
    0x080003bc   0x080003bc   0x00000108   Code   RO         6851    i.AMMO_OUT_PWM_configuration  ammo_out_task.o
    0x080004c4   0x080004c4   0x00000016   Code   RO         5707    i.BSPInit_CompleteBeep  buzzer.o
    0x080004da   0x080004da   0x0000006a   Code   RO         5484    i.BSP_init          main.o
    0x08000544   0x08000544   0x00000004   Code   RO           13    i.BusFault_Handler  stm32f4xx_it.o
    0x08000548   0x08000548   0x00000030   Code   RO         6303    i.CAN1_RX0_IRQHandler  can_receive.o
    0x08000578   0x08000578   0x00000110   Code   RO         5758    i.CAN1_mode_init    can.o
    0x08000688   0x08000688   0x00000064   Code   RO         6304    i.CAN_CMD_CHASSIS   can_receive.o
    0x080006ec   0x080006ec   0x0000004c   Code   RO         6306    i.CAN_CMD_Upper     can_receive.o
    0x08000738   0x08000738   0x000000a8   Code   RO          603    i.CAN_ClearITPendingBit  stm32f4xx_can.o
    0x080007e0   0x080007e0   0x00000108   Code   RO          607    i.CAN_FilterInit    stm32f4xx_can.o
    0x080008e8   0x080008e8   0x00000120   Code   RO          609    i.CAN_GetITStatus   stm32f4xx_can.o
    0x08000a08   0x08000a08   0x00000012   Code   RO          613    i.CAN_ITConfig      stm32f4xx_can.o
    0x08000a1a   0x08000a1a   0x00000114   Code   RO          614    i.CAN_Init          stm32f4xx_can.o
    0x08000b2e   0x08000b2e   0x000000f0   Code   RO          617    i.CAN_Receive       stm32f4xx_can.o
    0x08000c1e   0x08000c1e   0x00000126   Code   RO          622    i.CAN_Transmit      stm32f4xx_can.o
    0x08000d44   0x08000d44   0x0000019c   Code   RO         6307    i.CAN_hook          can_receive.o
    0x08000ee0   0x08000ee0   0x00000040   Code   RO         6971    i.CATCH_GPIO_init   catch_task.o
    0x08000f20   0x08000f20   0x00000010   Code   RO         6972    i.CATCH_Setup       catch_task.o
    0x08000f30   0x08000f30   0x0000001a   Code   RO         6973    i.CATCH_init        catch_task.o
    0x08000f4a   0x08000f4a   0x00000002   PAD
    0x08000f4c   0x08000f4c   0x0000002c   Code   RO         6974    i.CATCH_set_contorl  catch_task.o
    0x08000f78   0x08000f78   0x00000030   Code   RO         6975    i.CATCH_set_mode    catch_task.o
    0x08000fa8   0x08000fa8   0x00000014   Code   RO         6976    i.CATCH_task        catch_task.o
    0x08000fbc   0x08000fbc   0x00000012   Code   RO          625    i.CheckITStatus     stm32f4xx_can.o
    0x08000fce   0x08000fce   0x00000002   PAD
    0x08000fd0   0x08000fd0   0x00000034   Code   RO         1380    i.DMA_ClearFlag     stm32f4xx_dma.o
    0x08001004   0x08001004   0x00000016   Code   RO         1382    i.DMA_Cmd           stm32f4xx_dma.o
    0x0800101a   0x0800101a   0x00000002   PAD
    0x0800101c   0x0800101c   0x00000158   Code   RO         1383    i.DMA_DeInit        stm32f4xx_dma.o
    0x08001174   0x08001174   0x00000016   Code   RO         1384    i.DMA_DoubleBufferModeCmd  stm32f4xx_dma.o
    0x0800118a   0x0800118a   0x00000018   Code   RO         1385    i.DMA_DoubleBufferModeConfig  stm32f4xx_dma.o
    0x080011a2   0x080011a2   0x00000008   Code   RO         1388    i.DMA_GetCurrDataCounter  stm32f4xx_dma.o
    0x080011aa   0x080011aa   0x00000014   Code   RO         1389    i.DMA_GetCurrentMemoryTarget  stm32f4xx_dma.o
    0x080011be   0x080011be   0x00000002   PAD
    0x080011c0   0x080011c0   0x00000058   Code   RO         1394    i.DMA_Init          stm32f4xx_dma.o
    0x08001218   0x08001218   0x00000004   Code   RO         1397    i.DMA_SetCurrDataCounter  stm32f4xx_dma.o
    0x0800121c   0x0800121c   0x00000002   Code   RO           14    i.DebugMon_Handler  stm32f4xx_it.o
    0x0800121e   0x0800121e   0x00000002   PAD
    0x08001220   0x08001220   0x00000128   Code   RO         6530    i.DetectHook        detect_task.o
    0x08001348   0x08001348   0x00000090   Code   RO         2227    i.GPIO_Init         stm32f4xx_gpio.o
    0x080013d8   0x080013d8   0x00000046   Code   RO         2228    i.GPIO_PinAFConfig  stm32f4xx_gpio.o
    0x0800141e   0x0800141e   0x00000004   Code   RO         2234    i.GPIO_ResetBits    stm32f4xx_gpio.o
    0x08001422   0x08001422   0x00000004   Code   RO         2235    i.GPIO_SetBits      stm32f4xx_gpio.o
    0x08001426   0x08001426   0x00000008   Code   RO         2237    i.GPIO_ToggleBits   stm32f4xx_gpio.o
    0x0800142e   0x0800142e   0x00000006   Code   RO         6902    i.GRIPPER_AngularVelocity_rc_to_motor_speed  gripper_task.o
    0x08001434   0x08001434   0x00000010   Code   RO         6903    i.GRIPPER_Setup     gripper_task.o
    0x08001444   0x08001444   0x00000098   Code   RO         6904    i.GRIPPER_control_loop  gripper_task.o
    0x080014dc   0x080014dc   0x000000a4   Code   RO         6905    i.GRIPPER_feedback_update  gripper_task.o
    0x08001580   0x08001580   0x000000d8   Code   RO         6906    i.GRIPPER_init      gripper_task.o
    0x08001658   0x08001658   0x0000008c   Code   RO         6907    i.GRIPPER_rc_filter  gripper_task.o
    0x080016e4   0x080016e4   0x00000060   Code   RO         6908    i.GRIPPER_set_contorl  gripper_task.o
    0x08001744   0x08001744   0x00000030   Code   RO         6909    i.GRIPPER_set_mode  gripper_task.o
    0x08001774   0x08001774   0x00000020   Code   RO         6910    i.GRIPPER_task      gripper_task.o
    0x08001794   0x08001794   0x00000040   Code   RO         5791    i.GetSysTime_us     delay.o
    0x080017d4   0x080017d4   0x00000120   Code   RO         7040    i.HOOK_OUT_PWM_configuration  rescuehook_task.o
    0x080018f4   0x080018f4   0x00000004   Code   RO           15    i.HardFault_Handler  stm32f4xx_it.o
    0x080018f8   0x080018f8   0x0000007c   Code   RO         6687    i.Loop_1000Hz       start_task.o
    0x08001974   0x08001974   0x00000024   Code   RO         6688    i.Loop_100Hz        start_task.o
    0x08001998   0x08001998   0x00000010   Code   RO         6689    i.Loop_200Hz        start_task.o
    0x080019a8   0x080019a8   0x00000002   Code   RO         6690    i.Loop_20Hz         start_task.o
    0x080019aa   0x080019aa   0x00000002   Code   RO         6691    i.Loop_2Hz          start_task.o
    0x080019ac   0x080019ac   0x00000008   Code   RO         6692    i.Loop_500Hz        start_task.o
    0x080019b4   0x080019b4   0x00000002   Code   RO         6693    i.Loop_50Hz         start_task.o
    0x080019b6   0x080019b6   0x00000004   Code   RO           16    i.MemManage_Handler  stm32f4xx_it.o
    0x080019ba   0x080019ba   0x00000002   Code   RO           17    i.NMI_Handler       stm32f4xx_it.o
    0x080019bc   0x080019bc   0x00000078   Code   RO          307    i.NVIC_Init         misc.o
    0x08001a34   0x08001a34   0x00000014   Code   RO          308    i.NVIC_PriorityGroupConfig  misc.o
    0x08001a48   0x08001a48   0x000001f0   Code   RO         6586    i.PID_Calc          pid.o
    0x08001c38   0x08001c38   0x00000060   Code   RO         6587    i.PID_Init          pid.o
    0x08001c98   0x08001c98   0x00000020   Code   RO         3165    i.RCC_AHB1PeriphClockCmd  stm32f4xx_rcc.o
    0x08001cb8   0x08001cb8   0x00000020   Code   RO         3174    i.RCC_APB1PeriphClockCmd  stm32f4xx_rcc.o
    0x08001cd8   0x08001cd8   0x00000020   Code   RO         3176    i.RCC_APB1PeriphResetCmd  stm32f4xx_rcc.o
    0x08001cf8   0x08001cf8   0x00000020   Code   RO         3177    i.RCC_APB2PeriphClockCmd  stm32f4xx_rcc.o
    0x08001d18   0x08001d18   0x00000020   Code   RO         3179    i.RCC_APB2PeriphResetCmd  stm32f4xx_rcc.o
    0x08001d38   0x08001d38   0x000000e8   Code   RO         3186    i.RCC_GetClocksFreq  stm32f4xx_rcc.o
    0x08001e20   0x08001e20   0x0000014c   Code   RO         6125    i.RC_Init           rc.o
    0x08001f6c   0x08001f6c   0x0000001c   Code   RO         7041    i.RescueHook_ReachOut  rescuehook_task.o
    0x08001f88   0x08001f88   0x0000001c   Code   RO         7042    i.RescueHook_Reset  rescuehook_task.o
    0x08001fa4   0x08001fa4   0x0000002c   Code   RO         7043    i.Rescue_task       rescuehook_task.o
    0x08001fd0   0x08001fd0   0x00000014   Code   RO         7080    i.ReviveCard_ReachOUT  revive_task.o
    0x08001fe4   0x08001fe4   0x000000da   Code   RO         6618    i.SBUS_TO_RC        remote_control.o
    0x080020be   0x080020be   0x00000002   PAD
    0x080020c0   0x080020c0   0x00000050   Code   RO         6694    i.Scheduler_Run     start_task.o
    0x08002110   0x08002110   0x00000050   Code   RO         6695    i.Scheduler_Setup   start_task.o
    0x08002160   0x08002160   0x00000120   Code   RO          190    i.SetSysClock       system_stm32f4xx.o
    0x08002280   0x08002280   0x00000028   Code   RO          311    i.SysTick_CLKSourceConfig  misc.o
    0x080022a8   0x080022a8   0x0000000c   Code   RO         5792    i.SysTick_GetTick   delay.o
    0x080022b4   0x080022b4   0x0000001c   Code   RO         5793    i.SysTick_Handler   delay.o
    0x080022d0   0x080022d0   0x00000068   Code   RO          192    i.SystemInit        system_stm32f4xx.o
    0x08002338   0x08002338   0x00000024   Code   RO         6308    i.TIM6_DAC_IRQHandler  can_receive.o
    0x0800235c   0x0800235c   0x00000018   Code   RO         4552    i.TIM_ARRPreloadConfig  stm32f4xx_tim.o
    0x08002374   0x08002374   0x00000006   Code   RO         4558    i.TIM_ClearFlag     stm32f4xx_tim.o
    0x0800237a   0x0800237a   0x00000018   Code   RO         4564    i.TIM_Cmd           stm32f4xx_tim.o
    0x08002392   0x08002392   0x0000001e   Code   RO         4566    i.TIM_CtrlPWMOutputs  stm32f4xx_tim.o
    0x080023b0   0x080023b0   0x00000022   Code   RO         4585    i.TIM_GetITStatus   stm32f4xx_tim.o
    0x080023d2   0x080023d2   0x00000002   PAD
    0x080023d4   0x080023d4   0x0000007c   Code   RO         4593    i.TIM_OC1Init       stm32f4xx_tim.o
    0x08002450   0x08002450   0x00000012   Code   RO         4596    i.TIM_OC1PreloadConfig  stm32f4xx_tim.o
    0x08002462   0x08002462   0x00000002   PAD
    0x08002464   0x08002464   0x000000a0   Code   RO         4603    i.TIM_OC3Init       stm32f4xx_tim.o
    0x08002504   0x08002504   0x00000012   Code   RO         4606    i.TIM_OC3PreloadConfig  stm32f4xx_tim.o
    0x08002516   0x08002516   0x00000002   PAD
    0x08002518   0x08002518   0x00000078   Code   RO         4608    i.TIM_OC4Init       stm32f4xx_tim.o
    0x08002590   0x08002590   0x0000001a   Code   RO         4610    i.TIM_OC4PreloadConfig  stm32f4xx_tim.o
    0x080025aa   0x080025aa   0x00000004   Code   RO         4626    i.TIM_SetCompare1   stm32f4xx_tim.o
    0x080025ae   0x080025ae   0x00000004   Code   RO         4628    i.TIM_SetCompare3   stm32f4xx_tim.o
    0x080025b2   0x080025b2   0x00000004   Code   RO         4629    i.TIM_SetCompare4   stm32f4xx_tim.o
    0x080025b6   0x080025b6   0x00000002   PAD
    0x080025b8   0x080025b8   0x00000084   Code   RO         4636    i.TIM_TimeBaseInit  stm32f4xx_tim.o
    0x0800263c   0x0800263c   0x000000f0   Code   RO         6619    i.USART1_IRQHandler  remote_control.o
    0x0800272c   0x0800272c   0x00000012   Code   RO         5114    i.USART_ClearFlag   stm32f4xx_usart.o
    0x0800273e   0x0800273e   0x00000018   Code   RO         5118    i.USART_Cmd         stm32f4xx_usart.o
    0x08002756   0x08002756   0x00000012   Code   RO         5119    i.USART_DMACmd      stm32f4xx_usart.o
    0x08002768   0x08002768   0x000000f0   Code   RO         5120    i.USART_DeInit      stm32f4xx_usart.o
    0x08002858   0x08002858   0x00000054   Code   RO         5122    i.USART_GetITStatus  stm32f4xx_usart.o
    0x080028ac   0x080028ac   0x0000004a   Code   RO         5124    i.USART_ITConfig    stm32f4xx_usart.o
    0x080028f6   0x080028f6   0x00000002   PAD
    0x080028f8   0x080028f8   0x000000d4   Code   RO         5125    i.USART_Init        stm32f4xx_usart.o
    0x080029cc   0x080029cc   0x0000000a   Code   RO         5132    i.USART_ReceiveData  stm32f4xx_usart.o
    0x080029d6   0x080029d6   0x00000004   Code   RO           18    i.UsageFault_Handler  stm32f4xx_it.o
    0x080029da   0x080029da   0x00000002   PAD
    0x080029dc   0x080029dc   0x00000010   Code   RO         6777    i.Y_MOTION_Setup    y_motion_task.o
    0x080029ec   0x080029ec   0x00000094   Code   RO         6778    i.Y_MOTION_control_loop  y_motion_task.o
    0x08002a80   0x08002a80   0x00000070   Code   RO         6779    i.Y_MOTION_feedback_update  y_motion_task.o
    0x08002af0   0x08002af0   0x000000b0   Code   RO         6780    i.Y_MOTION_init     y_motion_task.o
    0x08002ba0   0x08002ba0   0x00000090   Code   RO         6781    i.Y_MOTION_rc_filter  y_motion_task.o
    0x08002c30   0x08002c30   0x0000003c   Code   RO         6782    i.Y_MOTION_rc_to_motor_speed  y_motion_task.o
    0x08002c6c   0x08002c6c   0x00000060   Code   RO         6783    i.Y_MOTION_set_contorl  y_motion_task.o
    0x08002ccc   0x08002ccc   0x00000030   Code   RO         6784    i.Y_MOTION_set_mode  y_motion_task.o
    0x08002cfc   0x08002cfc   0x00000020   Code   RO         6785    i.Y_MOTION_task     y_motion_task.o
    0x08002d1c   0x08002d1c   0x00000014   Code   RO         7121    i.__hardfp_fabs     m_wm.l(fabs.o)
    0x08002d30   0x08002d30   0x000000b8   Code   RO         5709    i.buzzer_init       buzzer.o
    0x08002de8   0x08002de8   0x00000010   Code   RO         5710    i.buzzer_off        buzzer.o
    0x08002df8   0x08002df8   0x0000001c   Code   RO         5711    i.buzzer_on         buzzer.o
    0x08002e14   0x08002e14   0x00000010   Code   RO         6454    i.chassis_Setup     chassis_task.o
    0x08002e24   0x08002e24   0x0000004c   Code   RO         6396    i.chassis_behaviour_control_set  chassis_behaviour.o
    0x08002e70   0x08002e70   0x00000054   Code   RO         6397    i.chassis_behaviour_mode_set  chassis_behaviour.o
    0x08002ec4   0x08002ec4   0x000001c4   Code   RO         6455    i.chassis_control_loop  chassis_task.o
    0x08003088   0x08003088   0x00000108   Code   RO         6456    i.chassis_feedback_update  chassis_task.o
    0x08003190   0x08003190   0x000000cc   Code   RO         6457    i.chassis_init      chassis_task.o
    0x0800325c   0x0800325c   0x00000058   Code   RO         6458    i.chassis_mode_change_control_transit  chassis_task.o
    0x080032b4   0x080032b4   0x00000044   Code   RO         6398    i.chassis_no_follow_yaw_control  chassis_behaviour.o
    0x080032f8   0x080032f8   0x0000002c   Code   RO         6399    i.chassis_no_move_control  chassis_behaviour.o
    0x08003324   0x08003324   0x0000016c   Code   RO         6459    i.chassis_rc_to_control_vector  chassis_task.o
    0x08003490   0x08003490   0x0000008c   Code   RO         6460    i.chassis_set_contorl  chassis_task.o
    0x0800351c   0x0800351c   0x00000012   Code   RO         6461    i.chassis_set_mode  chassis_task.o
    0x0800352e   0x0800352e   0x00000002   PAD
    0x08003530   0x08003530   0x0000003c   Code   RO         6462    i.chassis_task      chassis_task.o
    0x0800356c   0x0800356c   0x00000054   Code   RO         6463    i.chassis_vector_to_mecanum_wheel_speed  chassis_task.o
    0x080035c0   0x080035c0   0x0000006c   Code   RO         5794    i.delay_init        delay.o
    0x0800362c   0x0800362c   0x00000050   Code   RO         5795    i.delay_ms          delay.o
    0x0800367c   0x0800367c   0x00000054   Code   RO         5373    i.first_order_filter_cali  user_lib.o
    0x080036d0   0x080036d0   0x00000024   Code   RO         5374    i.first_order_filter_init  user_lib.o
    0x080036f4   0x080036f4   0x00000044   Code   RO         5992    i.flow_led_Combo1   led.o
    0x08003738   0x08003738   0x00000018   Code   RO         5993    i.flow_led_off      led.o
    0x08003750   0x08003750   0x00000018   Code   RO         5995    i.flow_led_toggle   led.o
    0x08003768   0x08003768   0x0000002a   Code   RO         5375    i.fp32_constrain    user_lib.o
    0x08003792   0x08003792   0x00000002   PAD
    0x08003794   0x08003794   0x00000018   Code   RO         6309    i.get_Chassis_Motor_Measure_Point  can_receive.o
    0x080037ac   0x080037ac   0x00000008   Code   RO         6310    i.get_GRIPPER_1_MOTOR_Measure_Point  can_receive.o
    0x080037b4   0x080037b4   0x00000008   Code   RO         6311    i.get_GRIPPER_2_MOTOR_Measure_Point  can_receive.o
    0x080037bc   0x080037bc   0x00000008   Code   RO         6312    i.get_Y_LEFT_MOTOR_Measure_Point  can_receive.o
    0x080037c4   0x080037c4   0x00000008   Code   RO         6313    i.get_Y_RIGHT_MOTOR_Measure_Point  can_receive.o
    0x080037cc   0x080037cc   0x00000008   Code   RO         6620    i.get_remote_control_point  remote_control.o
    0x080037d4   0x080037d4   0x0000003c   Code   RO         5953    i.laser_configuration  laser.o
    0x08003810   0x08003810   0x00000014   Code   RO         5955    i.laser_on          laser.o
    0x08003824   0x08003824   0x00000074   Code   RO         5996    i.led_configuration  led.o
    0x08003898   0x08003898   0x00000014   Code   RO         5998    i.led_green_on      led.o
    0x080038ac   0x080038ac   0x00000014   Code   RO         6001    i.led_red_on        led.o
    0x080038c0   0x080038c0   0x00000016   Code   RO         5485    i.main              main.o
    0x080038d6   0x080038d6   0x00000002   PAD
    0x080038d8   0x080038d8   0x00000034   Code   RO         6911    i.motor_ecd_to_angle_change  gripper_task.o
    0x0800390c   0x0800390c   0x00000048   Code   RO         6080    i.power_ctrl_configuration  power_ctrl.o
    0x08003954   0x08003954   0x00000020   Code   RO         6081    i.power_ctrl_off    power_ctrl.o
    0x08003974   0x08003974   0x00000014   Code   RO         6621    i.remote_control_init  remote_control.o
    0x08003988   0x08003988   0x00000010   Code   RO         5797    i.sys_time          delay.o
    0x08003998   0x08003998   0x00000062   Code   RO         7115    x$fpl$d2f           fz_wm.l(d2f.o)
    0x080039fa   0x080039fa   0x00000002   PAD
    0x080039fc   0x080039fc   0x00000154   Code   RO         7117    x$fpl$dmul          fz_wm.l(dmul.o)
    0x08003b50   0x08003b50   0x0000009c   Code   RO         7128    x$fpl$dnaninf       fz_wm.l(dnaninf.o)
    0x08003bec   0x08003bec   0x0000000c   Code   RO         7130    x$fpl$dretinf       fz_wm.l(dretinf.o)
    0x08003bf8   0x08003bf8   0x00000056   Code   RO         7119    x$fpl$f2d           fz_wm.l(f2d.o)
    0x08003c4e   0x08003c4e   0x0000008c   Code   RO         7132    x$fpl$fnaninf       fz_wm.l(fnaninf.o)
    0x08003cda   0x08003cda   0x0000000a   Code   RO         7221    x$fpl$fpinit        fz_wm.l(fpinit.o)
    0x08003ce4   0x08003ce4   0x0000000a   Code   RO         7134    x$fpl$fretinf       fz_wm.l(fretinf.o)
    0x08003cee   0x08003cee   0x00000000   Code   RO         7136    x$fpl$usenofp       fz_wm.l(usenofp.o)
    0x08003cee   0x08003cee   0x00000002   PAD
    0x08003cf0   0x08003cf0   0x00000020   Data   RO         6465    .constdata          chassis_task.o
    0x08003d10   0x08003d10   0x0000001c   Data   RO         6787    .constdata          y_motion_task.o
    0x08003d2c   0x08003d2c   0x0000001c   Data   RO         6913    .constdata          gripper_task.o
    0x08003d48   0x08003d48   0x00000020   Data   RO         7289    Region$$Table       anon$$obj.o


    Execution Region RW_IRAM1 (Exec base: 0x20000000, Load base: 0x08003d68, Size: 0x00000c70, Max: 0x00030000, ABSOLUTE)

    Exec Addr    Load Addr    Size         Type   Attr      Idx    E Section Name        Object

    0x20000000   0x08003d68   0x00000014   Data   RW          193    .data               system_stm32f4xx.o
    0x20000014   0x08003d7c   0x00000010   Data   RW         3218    .data               stm32f4xx_rcc.o
    0x20000024   0x08003d8c   0x00000010   Data   RW         5798    .data               delay.o
    0x20000034   0x08003d9c   0x00000002   Data   RW         6003    .data               led.o
    0x20000036   0x08003d9e   0x00000001   Data   RW         6315    .data               can_receive.o
    0x20000037   0x08003d9f   0x00000001   Data   RW         6400    .data               chassis_behaviour.o
    0x20000038   0x08003da0   0x00000002   Data   RW         6625    .data               remote_control.o
    0x2000003a   0x08003da2   0x00000002   PAD
    0x2000003c   0x08003da4   0x00000054   Data   RW         6697    .data               start_task.o
    0x20000090   0x08003df8   0x00000008   Data   RW         6977    .data               catch_task.o
    0x20000098   0x08003e00   0x00000004   Data   RW         7081    .data               revive_task.o
    0x2000009c        -       0x00000078   Zero   RW         6314    .bss                can_receive.o
    0x20000114        -       0x00000224   Zero   RW         6464    .bss                chassis_task.o
    0x20000338        -       0x00000144   Zero   RW         6535    .bss                detect_task.o
    0x2000047c        -       0x0000005e   Zero   RW         6624    .bss                remote_control.o
    0x200004da   0x08003e04   0x00000002   PAD
    0x200004dc        -       0x00000024   Zero   RW         6696    .bss                start_task.o
    0x20000500        -       0x00000178   Zero   RW         6786    .bss                y_motion_task.o
    0x20000678        -       0x00000194   Zero   RW         6912    .bss                gripper_task.o
    0x2000080c        -       0x00000060   Zero   RW         7163    .bss                c_w.l(libspace.o)
    0x2000086c   0x08003e04   0x00000004   PAD
    0x20000870        -       0x00000000   Zero   RW            2    HEAP                startup_stm32f427xx.o
    0x20000870        -       0x00000400   Zero   RW            1    STACK               startup_stm32f427xx.o


==============================================================================

Image component sizes


      Code (inc. data)   RO Data    RW Data    ZI Data      Debug   Object Name

       432         40          0          0          0       4063   ammo_out_task.o
       250         20          0          0          0       2438   buzzer.o
       272          8          0          0          0       1053   can.o
       728         86          0          1        120       8562   can_receive.o
       218         24          0          8          0       6026   catch_task.o
       272         22          0          1          0       9935   chassis_behaviour.o
      1690        132         32          0        548       8369   chassis_task.o
       308         44          0         16          0       4014   delay.o
       296         10          0          0        324       2517   detect_task.o
       922         88         28          0        404       9398   gripper_task.o
        80         12          0          0          0       1061   laser.o
       272         42          0          2          0       3283   led.o
       128          0          0          0          0       1014   main.o
       180         24          0          0          0       2065   misc.o
       592          8          0          0          0       2398   pid.o
       104         12          0          0          0       1252   power_ctrl.o
       332         20          0          0          0       1302   rc.o
       486         32          0          2         94       4771   remote_control.o
       388         26          0          0          0       2423   rescuehook_task.o
        20          8          0          4          0        763   revive_task.o
       350         34          0         84         36       6167   start_task.o
        76         28        428          0       1024        892   startup_stm32f427xx.o
      1566         16          0          0          0       6394   stm32f4xx_can.o
       584         40          0          0          0       6692   stm32f4xx_dma.o
       230          0          0          0          0       3413   stm32f4xx_gpio.o
        20          0          0          0          0     321233   stm32f4xx_it.o
       392         48          0         16          0       5821   stm32f4xx_rcc.o
       728         56          0          0          0       9816   stm32f4xx_tim.o
       680         42          0          0          0       6094   stm32f4xx_usart.o
       392         32          0         20          0     301149   system_stm32f4xx.o
       162          4          0          0          0       2869   user_lib.o
       832         94         28          0        376      10048   y_motion_task.o

    ----------------------------------------------------------------------
     14012       1052        548        156       2928     757295   Object Totals
         0          0         32          0          0          0   (incl. Generated)
        30          0          0          2          2          0   (incl. Padding)

    ----------------------------------------------------------------------

      Code (inc. data)   RO Data    RW Data    ZI Data      Debug   Library Member Name

         8          0          0          0          0         68   __main.o
         0          0          0          0          0          0   __rtentry.o
        12          0          0          0          0          0   __rtentry2.o
         6          0          0          0          0          0   __rtentry4.o
        52          8          0          0          0          0   __scatter.o
        26          0          0          0          0          0   __scatter_copy.o
        28          0          0          0          0          0   __scatter_zi.o
        18          0          0          0          0         80   exit.o
         6          0          0          0          0        152   heapauxi.o
         0          0          0          0          0          0   indicate_semi.o
         2          0          0          0          0          0   libinit.o
         6          0          0          0          0          0   libinit2.o
         2          0          0          0          0          0   libshutdown.o
         2          0          0          0          0          0   libshutdown2.o
         8          4          0          0         96         68   libspace.o
         2          0          0          0          0          0   rtexit.o
        10          0          0          0          0          0   rtexit2.o
        12          4          0          0          0         68   sys_exit.o
        74          0          0          0          0         80   sys_stackheap_outer.o
         2          0          0          0          0         68   use_no_semi.o
        98          4          0          0          0        140   d2f.o
       340         12          0          0          0        152   dmul.o
       156          4          0          0          0        140   dnaninf.o
        12          0          0          0          0        116   dretinf.o
        86          4          0          0          0        132   f2d.o
       140          4          0          0          0        132   fnaninf.o
        10          0          0          0          0        116   fpinit.o
        10          0          0          0          0        116   fretinf.o
         0          0          0          0          0          0   usenofp.o
        20          0          0          0          0        124   fabs.o

    ----------------------------------------------------------------------
      1160         44          0          0        100       1752   Library Totals
        12          0          0          0          4          0   (incl. Padding)

    ----------------------------------------------------------------------

      Code (inc. data)   RO Data    RW Data    ZI Data      Debug   Library Name

       276         16          0          0         96        584   c_w.l
       852         28          0          0          0       1044   fz_wm.l
        20          0          0          0          0        124   m_wm.l

    ----------------------------------------------------------------------
      1160         44          0          0        100       1752   Library Totals

    ----------------------------------------------------------------------

==============================================================================


      Code (inc. data)   RO Data    RW Data    ZI Data      Debug   

     15172       1096        548        156       3028     742491   Grand Totals
     15172       1096        548        156       3028     742491   ELF Image Totals
     15172       1096        548        156          0          0   ROM Totals

==============================================================================

    Total RO  Size (Code + RO Data)                15720 (  15.35kB)
    Total RW  Size (RW Data + ZI Data)              3184 (   3.11kB)
    Total ROM Size (Code + RO Data + RW Data)      15876 (  15.50kB)

==============================================================================

