Component: ARM Compiler 5.06 update 6 (build 750) Tool: armlink [4d35ed]

==============================================================================

Section Cross References

    startup_stm32f427xx.o(STACK) refers (Special) to heapauxi.o(.text) for __use_two_region_memory
    startup_stm32f427xx.o(HEAP) refers (Special) to heapauxi.o(.text) for __use_two_region_memory
    startup_stm32f427xx.o(RESET) refers (Special) to heapauxi.o(.text) for __use_two_region_memory
    startup_stm32f427xx.o(RESET) refers to startup_stm32f427xx.o(STACK) for __initial_sp
    startup_stm32f427xx.o(RESET) refers to startup_stm32f427xx.o(.text) for Reset_Handler
    startup_stm32f427xx.o(RESET) refers to stm32f4xx_it.o(i.NMI_Handler) for NMI_Handler
    startup_stm32f427xx.o(RESET) refers to stm32f4xx_it.o(i.HardFault_Handler) for HardFault_Handler
    startup_stm32f427xx.o(RESET) refers to stm32f4xx_it.o(i.MemManage_Handler) for MemManage_Handler
    startup_stm32f427xx.o(RESET) refers to stm32f4xx_it.o(i.BusFault_Handler) for BusFault_Handler
    startup_stm32f427xx.o(RESET) refers to stm32f4xx_it.o(i.UsageFault_Handler) for UsageFault_Handler
    startup_stm32f427xx.o(RESET) refers to stm32f4xx_it.o(i.DebugMon_Handler) for DebugMon_Handler
    startup_stm32f427xx.o(RESET) refers to delay.o(i.SysTick_Handler) for SysTick_Handler
    startup_stm32f427xx.o(RESET) refers to can_receive.o(i.CAN1_RX0_IRQHandler) for CAN1_RX0_IRQHandler
    startup_stm32f427xx.o(RESET) refers to remote_control.o(i.USART1_IRQHandler) for USART1_IRQHandler
    startup_stm32f427xx.o(RESET) refers to can_receive.o(i.TIM6_DAC_IRQHandler) for TIM6_DAC_IRQHandler
    startup_stm32f427xx.o(RESET) refers to referee_usart_task.o(i.USART6_IRQHandler) for USART6_IRQHandler
    startup_stm32f427xx.o(.text) refers (Special) to heapauxi.o(.text) for __use_two_region_memory
    startup_stm32f427xx.o(.text) refers to system_stm32f4xx.o(i.SystemInit) for SystemInit
    startup_stm32f427xx.o(.text) refers to __main.o(!!!main) for __main
    startup_stm32f427xx.o(.text) refers to startup_stm32f427xx.o(HEAP) for Heap_Mem
    startup_stm32f427xx.o(.text) refers to startup_stm32f427xx.o(STACK) for Stack_Mem
    system_stm32f4xx.o(i.SystemCoreClockUpdate) refers to system_stm32f4xx.o(.data) for SystemCoreClock
    system_stm32f4xx.o(i.SystemInit) refers to system_stm32f4xx.o(i.SetSysClock) for SetSysClock
    stm32f4xx_adc.o(i.ADC_DeInit) refers to stm32f4xx_rcc.o(i.RCC_APB2PeriphResetCmd) for RCC_APB2PeriphResetCmd
    stm32f4xx_can.o(i.CAN_DeInit) refers to stm32f4xx_rcc.o(i.RCC_APB1PeriphResetCmd) for RCC_APB1PeriphResetCmd
    stm32f4xx_can.o(i.CAN_GetITStatus) refers to stm32f4xx_can.o(i.CheckITStatus) for CheckITStatus
    stm32f4xx_cryp.o(i.CRYP_DeInit) refers to stm32f4xx_rcc.o(i.RCC_AHB2PeriphResetCmd) for RCC_AHB2PeriphResetCmd
    stm32f4xx_cryp_aes.o(i.CRYP_AES_CBC) refers to stm32f4xx_cryp.o(i.CRYP_KeyStructInit) for CRYP_KeyStructInit
    stm32f4xx_cryp_aes.o(i.CRYP_AES_CBC) refers to stm32f4xx_cryp.o(i.CRYP_FIFOFlush) for CRYP_FIFOFlush
    stm32f4xx_cryp_aes.o(i.CRYP_AES_CBC) refers to stm32f4xx_cryp.o(i.CRYP_Init) for CRYP_Init
    stm32f4xx_cryp_aes.o(i.CRYP_AES_CBC) refers to stm32f4xx_cryp.o(i.CRYP_KeyInit) for CRYP_KeyInit
    stm32f4xx_cryp_aes.o(i.CRYP_AES_CBC) refers to stm32f4xx_cryp.o(i.CRYP_Cmd) for CRYP_Cmd
    stm32f4xx_cryp_aes.o(i.CRYP_AES_CBC) refers to stm32f4xx_cryp.o(i.CRYP_GetFlagStatus) for CRYP_GetFlagStatus
    stm32f4xx_cryp_aes.o(i.CRYP_AES_CBC) refers to stm32f4xx_cryp.o(i.CRYP_IVInit) for CRYP_IVInit
    stm32f4xx_cryp_aes.o(i.CRYP_AES_CBC) refers to stm32f4xx_cryp.o(i.CRYP_GetCmdStatus) for CRYP_GetCmdStatus
    stm32f4xx_cryp_aes.o(i.CRYP_AES_CBC) refers to stm32f4xx_cryp.o(i.CRYP_DataIn) for CRYP_DataIn
    stm32f4xx_cryp_aes.o(i.CRYP_AES_CBC) refers to stm32f4xx_cryp.o(i.CRYP_DataOut) for CRYP_DataOut
    stm32f4xx_cryp_aes.o(i.CRYP_AES_CCM) refers to stm32f4xx_cryp.o(i.CRYP_KeyStructInit) for CRYP_KeyStructInit
    stm32f4xx_cryp_aes.o(i.CRYP_AES_CCM) refers to stm32f4xx_cryp.o(i.CRYP_FIFOFlush) for CRYP_FIFOFlush
    stm32f4xx_cryp_aes.o(i.CRYP_AES_CCM) refers to stm32f4xx_cryp.o(i.CRYP_KeyInit) for CRYP_KeyInit
    stm32f4xx_cryp_aes.o(i.CRYP_AES_CCM) refers to stm32f4xx_cryp.o(i.CRYP_IVInit) for CRYP_IVInit
    stm32f4xx_cryp_aes.o(i.CRYP_AES_CCM) refers to stm32f4xx_cryp.o(i.CRYP_Init) for CRYP_Init
    stm32f4xx_cryp_aes.o(i.CRYP_AES_CCM) refers to stm32f4xx_cryp.o(i.CRYP_PhaseConfig) for CRYP_PhaseConfig
    stm32f4xx_cryp_aes.o(i.CRYP_AES_CCM) refers to stm32f4xx_cryp.o(i.CRYP_DataIn) for CRYP_DataIn
    stm32f4xx_cryp_aes.o(i.CRYP_AES_CCM) refers to stm32f4xx_cryp.o(i.CRYP_Cmd) for CRYP_Cmd
    stm32f4xx_cryp_aes.o(i.CRYP_AES_CCM) refers to stm32f4xx_cryp.o(i.CRYP_GetCmdStatus) for CRYP_GetCmdStatus
    stm32f4xx_cryp_aes.o(i.CRYP_AES_CCM) refers to stm32f4xx_cryp.o(i.CRYP_GetFlagStatus) for CRYP_GetFlagStatus
    stm32f4xx_cryp_aes.o(i.CRYP_AES_CCM) refers to stm32f4xx_cryp.o(i.CRYP_DataOut) for CRYP_DataOut
[...]
    i.chassis_task                           0x08003b70   Section        0  chassis_task.o(i.chassis_task)
    i.chassis_vector_to_mecanum_wheel_speed  0x08003bac   Section        0  chassis_task.o(i.chassis_vector_to_mecanum_wheel_speed)
    chassis_vector_to_mecanum_wheel_speed    0x08003bad   Thumb Code    74  chassis_task.o(i.chassis_vector_to_mecanum_wheel_speed)
    i.delay_init                             0x08003c00   Section        0  delay.o(i.delay_init)
    i.delay_ms                               0x08003c6c   Section        0  delay.o(i.delay_ms)
    i.delay_us                               0x08003cbc   Section        0  delay.o(i.delay_us)
    i.fifo_s_get                             0x08003d0c   Section        0  fifo.o(i.fifo_s_get)
    i.fifo_s_init                            0x08003d46   Section        0  fifo.o(i.fifo_s_init)
    i.fifo_s_puts                            0x08003d5c   Section        0  fifo.o(i.fifo_s_puts)
    i.fifo_s_used                            0x08003dfc   Section        0  fifo.o(i.fifo_s_used)
    i.first_order_filter_cali                0x08003e02   Section        0  user_lib.o(i.first_order_filter_cali)
    i.first_order_filter_init                0x08003e58   Section        0  user_lib.o(i.first_order_filter_init)
    i.flow_led_Combo1                        0x08003e7c   Section        0  led.o(i.flow_led_Combo1)
    i.flow_led_off                           0x08003ec0   Section        0  led.o(i.flow_led_off)
    i.flow_led_toggle                        0x08003ed8   Section        0  led.o(i.flow_led_toggle)
    i.fp32_constrain                         0x08003ef0   Section        0  user_lib.o(i.fp32_constrain)
    i.get_CRC16_check_sum                    0x08003f1c   Section        0  crc8_crc16.o(i.get_CRC16_check_sum)
    i.get_CRC8_check_sum                     0x08003f50   Section        0  crc8_crc16.o(i.get_CRC8_check_sum)
    i.get_Chassis_Motor_Measure_Point        0x08003f74   Section        0  can_receive.o(i.get_Chassis_Motor_Measure_Point)
    i.get_GRIPPER_1_MOTOR_Measure_Point      0x08003f8c   Section        0  can_receive.o(i.get_GRIPPER_1_MOTOR_Measure_Point)
    i.get_GRIPPER_2_MOTOR_Measure_Point      0x08003f94   Section        0  can_receive.o(i.get_GRIPPER_2_MOTOR_Measure_Point)
    i.get_Y_LEFT_MOTOR_Measure_Point         0x08003f9c   Section        0  can_receive.o(i.get_Y_LEFT_MOTOR_Measure_Point)
    i.get_Y_RIGHT_MOTOR_Measure_Point        0x08003fa4   Section        0  can_receive.o(i.get_Y_RIGHT_MOTOR_Measure_Point)
    i.get_remote_control_point               0x08003fac   Section        0  remote_control.o(i.get_remote_control_point)
    i.init_referee_struct_data               0x08003fb4   Section        0  referee_usart_task.o(i.init_referee_struct_data)
    init_referee_struct_data                 0x08003fb5   Thumb Code   120  referee_usart_task.o(i.init_referee_struct_data)
    i.laser_configuration                    0x08004078   Section        0  laser.o(i.laser_configuration)
    i.laser_on                               0x080040b4   Section        0  laser.o(i.laser_on)
    i.led_configuration                      0x080040c8   Section        0  led.o(i.led_configuration)
    i.led_green_on                           0x0800413c   Section        0  led.o(i.led_green_on)
    i.led_red_on                             0x08004150   Section        0  led.o(i.led_red_on)
    i.main                                   0x08004164   Section        0  main.o(i.main)
    i.motor_ecd_to_angle_change              0x0800417c   Section        0  gripper_task.o(i.motor_ecd_to_angle_change)
    motor_ecd_to_angle_change                0x0800417d   Thumb Code    48  gripper_task.o(i.motor_ecd_to_angle_change)
    i.power_ctrl_configuration               0x080041b0   Section        0  power_ctrl.o(i.power_ctrl_configuration)
    i.power_ctrl_off                         0x080041f8   Section        0  power_ctrl.o(i.power_ctrl_off)
    i.power_ctrl_on                          0x08004218   Section        0  power_ctrl.o(i.power_ctrl_on)
    i.referee_data_solve                     0x08004238   Section        0  referee_usart_task.o(i.referee_data_solve)
    referee_data_solve                       0x08004239   Thumb Code   316  referee_usart_task.o(i.referee_data_solve)
    i.referee_usart_task                     0x080043b8   Section        0  referee_usart_task.o(i.referee_usart_task)
    i.remote_control_init                    0x080043c0   Section        0  remote_control.o(i.remote_control_init)
    i.sys_time                               0x080043d4   Section        0  delay.o(i.sys_time)
    i.verify_CRC16_check_sum                 0x080043e4   Section        0  crc8_crc16.o(i.verify_CRC16_check_sum)
    i.verify_CRC8_check_sum                  0x08004424   Section        0  crc8_crc16.o(i.verify_CRC8_check_sum)
    x$fpl$d2f                                0x08004454   Section       98  d2f.o(x$fpl$d2f)
    $v0                                      0x08004454   Number         0  d2f.o(x$fpl$d2f)
    x$fpl$dmul                               0x080044b8   Section      340  dmul.o(x$fpl$dmul)
    $v0                                      0x080044b8   Number         0  dmul.o(x$fpl$dmul)
    x$fpl$dnaninf                            0x0800460c   Section      156  dnaninf.o(x$fpl$dnaninf)
    $v0                                      0x0800460c   Number         0  dnaninf.o(x$fpl$dnaninf)
    x$fpl$dretinf                            0x080046a8   Section       12  dretinf.o(x$fpl$dretinf)
    $v0                                      0x080046a8   Number         0  dretinf.o(x$fpl$dretinf)
    x$fpl$f2d                                0x080046b4   Section       86  f2d.o(x$fpl$f2d)
    $v0                                      0x080046b4   Number         0  f2d.o(x$fpl$f2d)
    x$fpl$fnaninf                            0x0800470a   Section      140  fnaninf.o(x$fpl$fnaninf)
    $v0                                      0x0800470a   Number         0  fnaninf.o(x$fpl$fnaninf)
    x$fpl$fpinit                             0x08004796   Section       10  fpinit.o(x$fpl$fpinit)
    $v0                                      0x08004796   Number         0  fpinit.o(x$fpl$fpinit)
    x$fpl$fretinf                            0x080047a0   Section       10  fretinf.o(x$fpl$fretinf)
    $v0                                      0x080047a0   Number         0  fretinf.o(x$fpl$fretinf)
    x$fpl$usenofp                            0x080047aa   Section        0  usenofp.o(x$fpl$usenofp)
    .constdata                               0x080047ac   Section       32  chassis_task.o(.constdata)
    motor_speed_pid                          0x080047ac   Data          12  chassis_task.o(.constdata)
    chassis_yaw_pid                          0x080047b8   Data          12  chassis_task.o(.constdata)
    chassis_x_order_filter                   0x080047c4   Data           4  chassis_task.o(.constdata)
    chassis_y_order_filter                   0x080047c8   Data           4  chassis_task.o(.constdata)
    .constdata                               0x080047cc   Section       28  y_motion_task.o(.constdata)
    Y_MOTION_motor_speed_pid                 0x080047cc   Data          12  y_motion_task.o(.constdata)
    Y_MOTION_motor_position_pid              0x080047d8   Data          12  y_motion_task.o(.constdata)
    chassis_y_order_filter                   0x080047e4   Data           4  y_motion_task.o(.constdata)
    .constdata                               0x080047e8   Section       28  gripper_task.o(.constdata)
    GRIPPER_motor_angular_speed_pid          0x080047e8   Data          12  gripper_task.o(.constdata)
    GRIPPER_motor_position_pid               0x080047f4   Data          12  gripper_task.o(.constdata)
    Gripper_order_filter                     0x08004800   Data           4  gripper_task.o(.constdata)
    .constdata                               0x08004804   Section      770  crc8_crc16.o(.constdata)
    .data                                    0x20000000   Section       20  system_stm32f4xx.o(.data)
    .data                                    0x20000014   Section       16  stm32f4xx_rcc.o(.data)
    APBAHBPrescTable                         0x20000014   Data          16  stm32f4xx_rcc.o(.data)
    .data                                    0x20000024   Section       16  delay.o(.data)
    fac_us                                   0x20000024   Data           1  delay.o(.data)
    fac_ms                                   0x20000028   Data           4  delay.o(.data)
    .data                                    0x20000034   Section        2  led.o(.data)
    Cnt                                      0x20000034   Data           1  led.o(.data)
    a                                        0x20000035   Data           1  led.o(.data)
    .data                                    0x20000036   Section        1  can_receive.o(.data)
    i                                        0x20000036   Data           1  can_receive.o(.data)
    .data                                    0x20000037   Section        1  chassis_behaviour.o(.data)
    chassis_behaviour_mode                   0x20000037   Data           1  chassis_behaviour.o(.data)
    .data                                    0x20000038   Section        2  remote_control.o(.data)
    this_time_rx_len                         0x20000038   Data           2  remote_control.o(.data)
    .data                                    0x2000003c   Section       84  start_task.o(.data)
    sched_tasks                              0x2000003c   Data          84  start_task.o(.data)
    .data                                    0x20000090   Section        8  catch_task.o(.data)
    .data                                    0x20000098   Section        4  revive_task.o(.data)
    .data                                    0x2000009c   Section       50  referee_usart_task.o(.data)
    datalength                               0x200000ca   Data           1  referee_usart_task.o(.data)
    i                                        0x200000cb   Data           1  referee_usart_task.o(.data)
    this_time_rx_len                         0x200000cc   Data           2  referee_usart_task.o(.data)
    .data                                    0x200000ce   Section        2  crc8_crc16.o(.data)
    .bss                                     0x200000d0   Section      120  can_receive.o(.bss)
    GIMBAL_TxMessage                         0x20000120   Data          20  can_receive.o(.bss)
    rx1_message                              0x20000134   Data          20  can_receive.o(.bss)
    .bss                                     0x20000148   Section      548  chassis_task.o(.bss)
    .bss                                     0x2000036c   Section      324  detect_task.o(.bss)
    errorList                                0x2000036c   Data         324  detect_task.o(.bss)
    .bss                                     0x200004b0   Section       94  remote_control.o(.bss)
    .bss                                     0x20000510   Section       36  start_task.o(.bss)
    .bss                                     0x20000534   Section      376  y_motion_task.o(.bss)
    .bss                                     0x200006ac   Section      404  gripper_task.o(.bss)
    .bss                                     0x20000840   Section     2580  referee_usart_task.o(.bss)
    .bss                                     0x20001254   Section       96  libspace.o(.bss)
    HEAP                                     0x200012b8   Section        0  startup_stm32f427xx.o(HEAP)
    STACK                                    0x200012b8   Section     1024  startup_stm32f427xx.o(STACK)
    Heap_Mem                                 0x200012b8   Data           0  startup_stm32f427xx.o(HEAP)
    Stack_Mem                                0x200012b8   Data        1024  startup_stm32f427xx.o(STACK)
    __initial_sp                             0x200016b8   Data           0  startup_stm32f427xx.o(STACK)

    Global Symbols

    Symbol Name                              Value     Ov Type        Size  Object(Section)

    BuildAttributes$$THM_ISAv4$E$P$D$K$B$S$7EM$VFPi3$EXTD16$VFPS$VFMA$PE$A:L22UL41UL21$X:L11$S22US41US21$IEEE1$IW$USESV6$~STKCKD$USESV7$~SHL$OTIME$ROPI$IEEEJ$EBA8$UX$STANDARDLIB$REQ8$PRES8$EABIv2 0x00000000   Number         0  anon$$obj.o ABSOLUTE
    __ARM_use_no_argv                        0x00000000   Number         0  main.o ABSOLUTE
    __ARM_exceptions_init                     - Undefined Weak Reference
    __alloca_initialize                       - Undefined Weak Reference
    __arm_preinit_                            - Undefined Weak Reference
    __cpp_initialize__aeabi_                  - Undefined Weak Reference
    __cxa_finalize                            - Undefined Weak Reference
    __rt_locale                               - Undefined Weak Reference
    __sigvec_lookup                           - Undefined Weak Reference
    __user_heap_extent                        - Undefined Weak Reference
    _atexit_init                              - Undefined Weak Reference
    _call_atexit_fns                          - Undefined Weak Reference
    _clock_init                               - Undefined Weak Reference
    _fp_trap_init                             - Undefined Weak Reference
    _fp_trap_shutdown                         - Undefined Weak Reference
    _get_lc_collate                           - Undefined Weak Reference
    _get_lc_ctype                             - Undefined Weak Reference
    _get_lc_monetary                          - Undefined Weak Reference
    _get_lc_numeric                           - Undefined Weak Reference
    _get_lc_time                              - Undefined Weak Reference
    _getenv_init                              - Undefined Weak Reference
    _handle_redirection                       - Undefined Weak Reference
    _initio                                   - Undefined Weak Reference
    _mutex_acquire                            - Undefined Weak Reference
    _mutex_free                               - Undefined Weak Reference
    _mutex_release                            - Undefined Weak Reference
    _rand_init                                - Undefined Weak Reference
    _signal_finish                            - Undefined Weak Reference
    _signal_init                              - Undefined Weak Reference
    _terminateio                              - Undefined Weak Reference
    __Vectors_Size                           0x000001ac   Number         0  startup_stm32f427xx.o ABSOLUTE
    __Vectors                                0x08000000   Data           4  startup_stm32f427xx.o(RESET)
    __Vectors_End                            0x080001ac   Data           0  startup_stm32f427xx.o(RESET)
    __main                                   0x080001ad   Thumb Code     8  __main.o(!!!main)
    __scatterload                            0x080001b5   Thumb Code     0  __scatter.o(!!!scatter)
    __scatterload_rt2                        0x080001b5   Thumb Code    44  __scatter.o(!!!scatter)
    __scatterload_rt2_thumb_only             0x080001b5   Thumb Code     0  __scatter.o(!!!scatter)
    __scatterload_null                       0x080001c3   Thumb Code     0  __scatter.o(!!!scatter)
    __scatterload_copy                       0x080001e9   Thumb Code    26  __scatter_copy.o(!!handler_copy)
    __scatterload_zeroinit                   0x08000205   Thumb Code    28  __scatter_zi.o(!!handler_zi)
    __rt_lib_init                            0x08000221   Thumb Code     0  libinit.o(.ARM.Collect$$libinit$$00000000)
    __rt_lib_init_fp_1                       0x08000223   Thumb Code     0  libinit2.o(.ARM.Collect$$libinit$$00000001)
    __rt_lib_init_alloca_1                   0x08000227   Thumb Code     0  libinit2.o(.ARM.Collect$$libinit$$0000002E)
    __rt_lib_init_argv_1                     0x08000227   Thumb Code     0  libinit2.o(.ARM.Collect$$libinit$$0000002C)
    __rt_lib_init_atexit_1                   0x08000227   Thumb Code     0  libinit2.o(.ARM.Collect$$libinit$$0000001B)
    __rt_lib_init_clock_1                    0x08000227   Thumb Code     0  libinit2.o(.ARM.Collect$$libinit$$00000021)
    __rt_lib_init_cpp_1                      0x08000227   Thumb Code     0  libinit2.o(.ARM.Collect$$libinit$$00000032)
    __rt_lib_init_exceptions_1               0x08000227   Thumb Code     0  libinit2.o(.ARM.Collect$$libinit$$00000030)
    __rt_lib_init_fp_trap_1                  0x08000227   Thumb Code     0  libinit2.o(.ARM.Collect$$libinit$$0000001F)
    __rt_lib_init_getenv_1                   0x08000227   Thumb Code     0  libinit2.o(.ARM.Collect$$libinit$$00000023)
    __rt_lib_init_heap_1                     0x08000227   Thumb Code     0  libinit2.o(.ARM.Collect$$libinit$$0000000A)
    __rt_lib_init_lc_collate_1               0x08000227   Thumb Code     0  libinit2.o(.ARM.Collect$$libinit$$00000011)
    __rt_lib_init_lc_ctype_1                 0x08000227   Thumb Code     0  libinit2.o(.ARM.Collect$$libinit$$00000013)
    __rt_lib_init_lc_monetary_1              0x08000227   Thumb Code     0  libinit2.o(.ARM.Collect$$libinit$$00000015)
    __rt_lib_init_lc_numeric_1               0x08000227   Thumb Code     0  libinit2.o(.ARM.Collect$$libinit$$00000017)
    __rt_lib_init_lc_time_1                  0x08000227   Thumb Code     0  libinit2.o(.ARM.Collect$$libinit$$00000019)
    __rt_lib_init_preinit_1                  0x08000227   Thumb Code     0  libinit2.o(.ARM.Collect$$libinit$$00000004)
    __rt_lib_init_rand_1                     0x08000227   Thumb Code     0  libinit2.o(.ARM.Collect$$libinit$$0000000E)
    __rt_lib_init_return                     0x08000227   Thumb Code     0  libinit2.o(.ARM.Collect$$libinit$$00000033)
    __rt_lib_init_signal_1                   0x08000227   Thumb Code     0  libinit2.o(.ARM.Collect$$libinit$$0000001D)
    __rt_lib_init_stdio_1                    0x08000227   Thumb Code     0  libinit2.o(.ARM.Collect$$libinit$$00000025)
    __rt_lib_init_user_alloc_1               0x08000227   Thumb Code     0  libinit2.o(.ARM.Collect$$libinit$$0000000C)
    __rt_lib_shutdown                        0x08000229   Thumb Code     0  libshutdown.o(.ARM.Collect$$libshutdown$$00000000)
    __rt_lib_shutdown_cpp_1                  0x0800022b   Thumb Code     0  libshutdown2.o(.ARM.Collect$$libshutdown$$00000002)
    __rt_lib_shutdown_fp_trap_1              0x0800022b   Thumb Code     0  libshutdown2.o(.ARM.Collect$$libshutdown$$00000007)
    __rt_lib_shutdown_heap_1                 0x0800022b   Thumb Code     0  libshutdown2.o(.ARM.Collect$$libshutdown$$0000000F)
    __rt_lib_shutdown_return                 0x0800022b   Thumb Code     0  libshutdown2.o(.ARM.Collect$$libshutdown$$00000010)
    __rt_lib_shutdown_signal_1               0x0800022b   Thumb Code     0  libshutdown2.o(.ARM.Collect$$libshutdown$$0000000A)
    __rt_lib_shutdown_stdio_1                0x0800022b   Thumb Code     0  libshutdown2.o(.ARM.Collect$$libshutdown$$00000004)
    __rt_lib_shutdown_user_alloc_1           0x0800022b   Thumb Code     0  libshutdown2.o(.ARM.Collect$$libshutdown$$0000000C)
    __rt_entry                               0x0800022d   Thumb Code     0  __rtentry.o(.ARM.Collect$$rtentry$$00000000)
    __rt_entry_presh_1                       0x0800022d   Thumb Code     0  __rtentry2.o(.ARM.Collect$$rtentry$$00000002)
    __rt_entry_sh                            0x0800022d   Thumb Code     0  __rtentry4.o(.ARM.Collect$$rtentry$$00000004)
    __rt_entry_li                            0x08000233   Thumb Code     0  __rtentry2.o(.ARM.Collect$$rtentry$$0000000A)
    __rt_entry_postsh_1                      0x08000233   Thumb Code     0  __rtentry2.o(.ARM.Collect$$rtentry$$00000009)
    __rt_entry_main                          0x08000237   Thumb Code     0  __rtentry2.o(.ARM.Collect$$rtentry$$0000000D)
    __rt_entry_postli_1                      0x08000237   Thumb Code     0  __rtentry2.o(.ARM.Collect$$rtentry$$0000000C)
    __rt_exit                                0x0800023f   Thumb Code     0  rtexit.o(.ARM.Collect$$rtexit$$00000000)
    __rt_exit_ls                             0x08000241   Thumb Code     0  rtexit2.o(.ARM.Collect$$rtexit$$00000003)
    __rt_exit_prels_1                        0x08000241   Thumb Code     0  rtexit2.o(.ARM.Collect$$rtexit$$00000002)
    __rt_exit_exit                           0x08000245   Thumb Code     0  rtexit2.o(.ARM.Collect$$rtexit$$00000004)
    Reset_Handler                            0x0800024d   Thumb Code    18  startup_stm32f427xx.o(.text)
    SVC_Handler                              0x08000269   Thumb Code     2  startup_stm32f427xx.o(.text)
    PendSV_Handler                           0x0800026d   Thumb Code     2  startup_stm32f427xx.o(.text)
    ADC_IRQHandler                           0x08000271   Thumb Code     0  startup_stm32f427xx.o(.text)
    CAN1_RX1_IRQHandler                      0x08000271   Thumb Code     0  startup_stm32f427xx.o(.text)
    CAN1_SCE_IRQHandler                      0x08000271   Thumb Code     0  startup_stm32f427xx.o(.text)
    CAN1_TX_IRQHandler                       0x08000271   Thumb Code     0  startup_stm32f427xx.o(.text)
    CAN2_RX0_IRQHandler                      0x08000271   Thumb Code     0  startup_stm32f427xx.o(.text)
    CAN2_RX1_IRQHandler                      0x08000271   Thumb Code     0  startup_stm32f427xx.o(.text)
    CAN2_SCE_IRQHandler                      0x08000271   Thumb Code     0  startup_stm32f427xx.o(.text)
    CAN2_TX_IRQHandler                       0x08000271   Thumb Code     0  startup_stm32f427xx.o(.text)
    DCMI_IRQHandler                          0x08000271   Thumb Code     0  startup_stm32f427xx.o(.text)
    DMA1_Stream0_IRQHandler                  0x08000271   Thumb Code     0  startup_stm32f427xx.o(.text)
    DMA1_Stream1_IRQHandler                  0x08000271   Thumb Code     0  startup_stm32f427xx.o(.text)
    DMA1_Stream2_IRQHandler                  0x08000271   Thumb Code     0  startup_stm32f427xx.o(.text)
    DMA1_Stream3_IRQHandler                  0x08000271   Thumb Code     0  startup_stm32f427xx.o(.text)
    DMA1_Stream4_IRQHandler                  0x08000271   Thumb Code     0  startup_stm32f427xx.o(.text)
    DMA1_Stream5_IRQHandler                  0x08000271   Thumb Code     0  startup_stm32f427xx.o(.text)
    DMA1_Stream6_IRQHandler                  0x08000271   Thumb Code     0  startup_stm32f427xx.o(.text)
    DMA1_Stream7_IRQHandler                  0x08000271   Thumb Code     0  startup_stm32f427xx.o(.text)
    DMA2D_IRQHandler                         0x08000271   Thumb Code     0  startup_stm32f427xx.o(.text)
    DMA2_Stream0_IRQHandler                  0x08000271   Thumb Code     0  startup_stm32f427xx.o(.text)
    DMA2_Stream1_IRQHandler                  0x08000271   Thumb Code     0  startup_stm32f427xx.o(.text)
    DMA2_Stream2_IRQHandler                  0x08000271   Thumb Code     0  startup_stm32f427xx.o(.text)
    DMA2_Stream3_IRQHandler                  0x08000271   Thumb Code     0  startup_stm32f427xx.o(.text)
    DMA2_Stream4_IRQHandler                  0x08000271   Thumb Code     0  startup_stm32f427xx.o(.text)
    DMA2_Stream5_IRQHandler                  0x08000271   Thumb Code     0  startup_stm32f427xx.o(.text)
    DMA2_Stream6_IRQHandler                  0x08000271   Thumb Code     0  startup_stm32f427xx.o(.text)
    DMA2_Stream7_IRQHandler                  0x08000271   Thumb Code     0  startup_stm32f427xx.o(.text)
    ETH_IRQHandler                           0x08000271   Thumb Code     0  startup_stm32f427xx.o(.text)
    ETH_WKUP_IRQHandler                      0x08000271   Thumb Code     0  startup_stm32f427xx.o(.text)
    EXTI0_IRQHandler                         0x08000271   Thumb Code     0  startup_stm32f427xx.o(.text)
    EXTI15_10_IRQHandler                     0x08000271   Thumb Code     0  startup_stm32f427xx.o(.text)
    EXTI1_IRQHandler                         0x08000271   Thumb Code     0  startup_stm32f427xx.o(.text)
    EXTI2_IRQHandler                         0x08000271   Thumb Code     0  startup_stm32f427xx.o(.text)
    EXTI3_IRQHandler                         0x08000271   Thumb Code     0  startup_stm32f427xx.o(.text)
    EXTI4_IRQHandler                         0x08000271   Thumb Code     0  startup_stm32f427xx.o(.text)
    EXTI9_5_IRQHandler                       0x08000271   Thumb Code     0  startup_stm32f427xx.o(.text)
    FLASH_IRQHandler                         0x08000271   Thumb Code     0  startup_stm32f427xx.o(.text)
    FMC_IRQHandler                           0x08000271   Thumb Code     0  startup_stm32f427xx.o(.text)
    FPU_IRQHandler                           0x08000271   Thumb Code     0  startup_stm32f427xx.o(.text)
    HASH_RNG_IRQHandler                      0x08000271   Thumb Code     0  startup_stm32f427xx.o(.text)
    I2C1_ER_IRQHandler                       0x08000271   Thumb Code     0  startup_stm32f427xx.o(.text)
    I2C1_EV_IRQHandler                       0x08000271   Thumb Code     0  startup_stm32f427xx.o(.text)
    I2C2_ER_IRQHandler                       0x08000271   Thumb Code     0  startup_stm32f427xx.o(.text)
    I2C2_EV_IRQHandler                       0x08000271   Thumb Code     0  startup_stm32f427xx.o(.text)
    I2C3_ER_IRQHandler                       0x08000271   Thumb Code     0  startup_stm32f427xx.o(.text)
    I2C3_EV_IRQHandler                       0x08000271   Thumb Code     0  startup_stm32f427xx.o(.text)
    OTG_FS_IRQHandler                        0x08000271   Thumb Code     0  startup_stm32f427xx.o(.text)
    OTG_FS_WKUP_IRQHandler                   0x08000271   Thumb Code     0  startup_stm32f427xx.o(.text)
    OTG_HS_EP1_IN_IRQHandler                 0x08000271   Thumb Code     0  startup_stm32f427xx.o(.text)
    OTG_HS_EP1_OUT_IRQHandler                0x08000271   Thumb Code     0  startup_stm32f427xx.o(.text)
    OTG_HS_IRQHandler                        0x08000271   Thumb Code     0  startup_stm32f427xx.o(.text)
    OTG_HS_WKUP_IRQHandler                   0x08000271   Thumb Code     0  startup_stm32f427xx.o(.text)
    PVD_IRQHandler                           0x08000271   Thumb Code     0  startup_stm32f427xx.o(.text)
    RCC_IRQHandler                           0x08000271   Thumb Code     0  startup_stm32f427xx.o(.text)
    RTC_Alarm_IRQHandler                     0x08000271   Thumb Code     0  startup_stm32f427xx.o(.text)
    RTC_WKUP_IRQHandler                      0x08000271   Thumb Code     0  startup_stm32f427xx.o(.text)
    SAI1_IRQHandler                          0x08000271   Thumb Code     0  startup_stm32f427xx.o(.text)
    SDIO_IRQHandler                          0x08000271   Thumb Code     0  startup_stm32f427xx.o(.text)
    SPI1_IRQHandler                          0x08000271   Thumb Code     0  startup_stm32f427xx.o(.text)
    SPI2_IRQHandler                          0x08000271   Thumb Code     0  startup_stm32f427xx.o(.text)
    SPI3_IRQHandler                          0x08000271   Thumb Code     0  startup_stm32f427xx.o(.text)
    SPI4_IRQHandler                          0x08000271   Thumb Code     0  startup_stm32f427xx.o(.text)
    SPI5_IRQHandler                          0x08000271   Thumb Code     0  startup_stm32f427xx.o(.text)
    SPI6_IRQHandler                          0x08000271   Thumb Code     0  startup_stm32f427xx.o(.text)
    TAMP_STAMP_IRQHandler                    0x08000271   Thumb Code     0  startup_stm32f427xx.o(.text)
    TIM1_BRK_TIM9_IRQHandler                 0x08000271   Thumb Code     0  startup_stm32f427xx.o(.text)
    TIM1_CC_IRQHandler                       0x08000271   Thumb Code     0  startup_stm32f427xx.o(.text)
    TIM1_TRG_COM_TIM11_IRQHandler            0x08000271   Thumb Code     0  startup_stm32f427xx.o(.text)
    TIM1_UP_TIM10_IRQHandler                 0x08000271   Thumb Code     0  startup_stm32f427xx.o(.text)
    TIM2_IRQHandler                          0x08000271   Thumb Code     0  startup_stm32f427xx.o(.text)
    TIM3_IRQHandler                          0x08000271   Thumb Code     0  startup_stm32f427xx.o(.text)
    TIM4_IRQHandler                          0x08000271   Thumb Code     0  startup_stm32f427xx.o(.text)
    TIM5_IRQHandler                          0x08000271   Thumb Code     0  startup_stm32f427xx.o(.text)
    TIM7_IRQHandler                          0x08000271   Thumb Code     0  startup_stm32f427xx.o(.text)
    TIM8_BRK_TIM12_IRQHandler                0x08000271   Thumb Code     0  startup_stm32f427xx.o(.text)
    TIM8_CC_IRQHandler                       0x08000271   Thumb Code     0  startup_stm32f427xx.o(.text)
    TIM8_TRG_COM_TIM14_IRQHandler            0x08000271   Thumb Code     0  startup_stm32f427xx.o(.text)
    TIM8_UP_TIM13_IRQHandler                 0x08000271   Thumb Code     0  startup_stm32f427xx.o(.text)
    UART4_IRQHandler                         0x08000271   Thumb Code     0  startup_stm32f427xx.o(.text)
    UART5_IRQHandler                         0x08000271   Thumb Code     0  startup_stm32f427xx.o(.text)
    UART7_IRQHandler                         0x08000271   Thumb Code     0  startup_stm32f427xx.o(.text)
    UART8_IRQHandler                         0x08000271   Thumb Code     0  startup_stm32f427xx.o(.text)
    USART2_IRQHandler                        0x08000271   Thumb Code     0  startup_stm32f427xx.o(.text)
    USART3_IRQHandler                        0x08000271   Thumb Code     0  startup_stm32f427xx.o(.text)
    WWDG_IRQHandler                          0x08000271   Thumb Code     0  startup_stm32f427xx.o(.text)
    __user_initial_stackheap                 0x08000275   Thumb Code     0  startup_stm32f427xx.o(.text)
    __aeabi_memcpy                           0x08000299   Thumb Code     0  rt_memcpy_v6.o(.text)
    __rt_memcpy                              0x08000299   Thumb Code   138  rt_memcpy_v6.o(.text)
    _memcpy_lastbytes                        0x080002ff   Thumb Code     0  rt_memcpy_v6.o(.text)
    __aeabi_memcpy4                          0x08000323   Thumb Code     0  rt_memcpy_w.o(.text)
    __aeabi_memcpy8                          0x08000323   Thumb Code     0  rt_memcpy_w.o(.text)
    __rt_memcpy_w                            0x08000323   Thumb Code   100  rt_memcpy_w.o(.text)
    _memcpy_lastbytes_aligned                0x0800036b   Thumb Code     0  rt_memcpy_w.o(.text)
    __aeabi_memclr                           0x08000387   Thumb Code     0  rt_memclr.o(.text)
    __rt_memclr                              0x08000387   Thumb Code    68  rt_memclr.o(.text)
    _memset                                  0x0800038b   Thumb Code     0  rt_memclr.o(.text)
    __aeabi_memclr4                          0x080003cb   Thumb Code     0  rt_memclr_w.o(.text)
    __aeabi_memclr8                          0x080003cb   Thumb Code     0  rt_memclr_w.o(.text)
    __rt_memclr_w                            0x080003cb   Thumb Code    78  rt_memclr_w.o(.text)
    _memset_w                                0x080003cf   Thumb Code     0  rt_memclr_w.o(.text)
    __use_two_region_memory                  0x08000419   Thumb Code     2  heapauxi.o(.text)
    __rt_heap_escrow                         0x0800041b   Thumb Code     2  heapauxi.o(.text)
    __rt_heap_expand                         0x0800041d   Thumb Code     2  heapauxi.o(.text)
    __user_libspace                          0x08000421   Thumb Code     8  libspace.o(.text)
    __user_perproc_libspace                  0x08000421   Thumb Code     0  libspace.o(.text)
    __user_perthread_libspace                0x08000421   Thumb Code     0  libspace.o(.text)
    __I$use$semihosting                      0x08000429   Thumb Code     0  use_no_semi.o(.text)
    __use_no_semihosting_swi                 0x08000429   Thumb Code     2  use_no_semi.o(.text)
    __semihosting_library_function           0x0800042b   Thumb Code     0  indicate_semi.o(.text)
    __user_setup_stackheap                   0x0800042b   Thumb Code    74  sys_stackheap_outer.o(.text)
    exit                                     0x08000475   Thumb Code    18  exit.o(.text)
    _sys_exit                                0x08000489   Thumb Code     8  sys_exit.o(.text)
    AMMO17_off                               0x08000495   Thumb Code    14  ammo_out_task.o(i.AMMO17_off)
    AMMO17_out                               0x080004a9   Thumb Code    14  ammo_out_task.o(i.AMMO17_out)
    AMMO42_off                               0x080004bd   Thumb Code    14  ammo_out_task.o(i.AMMO42_off)
    AMMO42_out                               0x080004d1   Thumb Code    14  ammo_out_task.o(i.AMMO42_out)
    AMMO_17mm_OUT_task                       0x080004e5   Thumb Code    40  ammo_out_task.o(i.AMMO_17mm_OUT_task)
    AMMO_42mm_OUT_task                       0x08000511   Thumb Code    40  ammo_out_task.o(i.AMMO_42mm_OUT_task)
    AMMO_OUT_PWM_configuration               0x0800053d   Thumb Code   256  ammo_out_task.o(i.AMMO_OUT_PWM_configuration)
    BSPInit_CompleteBeep                     0x08000645   Thumb Code    22  buzzer.o(i.BSPInit_CompleteBeep)
    BSP_init                                 0x0800065b   Thumb Code   136  main.o(i.BSP_init)
    BusFault_Handler                         0x080006e3   Thumb Code     4  stm32f4xx_it.o(i.BusFault_Handler)
    CAN1_RX0_IRQHandler                      0x080006e9   Thumb Code    38  can_receive.o(i.CAN1_RX0_IRQHandler)
    CAN1_mode_init                           0x08000719   Thumb Code   264  can.o(i.CAN1_mode_init)
    CAN_CMD_CHASSIS                          0x08000829   Thumb Code    94  can_receive.o(i.CAN_CMD_CHASSIS)
    CAN_CMD_Upper                            0x0800088d   Thumb Code    68  can_receive.o(i.CAN_CMD_Upper)
    CAN_ClearITPendingBit                    0x080008d9   Thumb Code   162  stm32f4xx_can.o(i.CAN_ClearITPendingBit)
    CAN_FilterInit                           0x08000981   Thumb Code   258  stm32f4xx_can.o(i.CAN_FilterInit)
    CAN_GetITStatus                          0x08000a89   Thumb Code   284  stm32f4xx_can.o(i.CAN_GetITStatus)
    CAN_ITConfig                             0x08000ba9   Thumb Code    18  stm32f4xx_can.o(i.CAN_ITConfig)
    CAN_Init                                 0x08000bbb   Thumb Code   276  stm32f4xx_can.o(i.CAN_Init)
    CAN_Receive                              0x08000ccf   Thumb Code   240  stm32f4xx_can.o(i.CAN_Receive)
    CAN_Transmit                             0x08000dbf   Thumb Code   294  stm32f4xx_can.o(i.CAN_Transmit)
    CATCH_Setup                              0x080010c1   Thumb Code    10  catch_task.o(i.CATCH_Setup)
    CATCH_task                               0x08001149   Thumb Code    16  catch_task.o(i.CATCH_task)
    DMA_ClearFlag                            0x08001171   Thumb Code    38  stm32f4xx_dma.o(i.DMA_ClearFlag)
    DMA_Cmd                                  0x080011a5   Thumb Code    22  stm32f4xx_dma.o(i.DMA_Cmd)
    DMA_DeInit                               0x080011bd   Thumb Code   324  stm32f4xx_dma.o(i.DMA_DeInit)
    DMA_DoubleBufferModeCmd                  0x08001315   Thumb Code    22  stm32f4xx_dma.o(i.DMA_DoubleBufferModeCmd)
    DMA_DoubleBufferModeConfig               0x0800132b   Thumb Code    24  stm32f4xx_dma.o(i.DMA_DoubleBufferModeConfig)
    DMA_GetCurrDataCounter                   0x08001343   Thumb Code     8  stm32f4xx_dma.o(i.DMA_GetCurrDataCounter)
    DMA_GetCurrentMemoryTarget               0x0800134b   Thumb Code    20  stm32f4xx_dma.o(i.DMA_GetCurrentMemoryTarget)
    DMA_Init                                 0x08001361   Thumb Code    82  stm32f4xx_dma.o(i.DMA_Init)
    DMA_SetCurrDataCounter                   0x080013b9   Thumb Code     4  stm32f4xx_dma.o(i.DMA_SetCurrDataCounter)
    DebugMon_Handler                         0x080013bd   Thumb Code     2  stm32f4xx_it.o(i.DebugMon_Handler)
    DetectHook                               0x080013c1   Thumb Code   286  detect_task.o(i.DetectHook)
    GPIO_Init                                0x080014e9   Thumb Code   144  stm32f4xx_gpio.o(i.GPIO_Init)
    GPIO_PinAFConfig                         0x08001579   Thumb Code    70  stm32f4xx_gpio.o(i.GPIO_PinAFConfig)
    GPIO_ResetBits                           0x080015bf   Thumb Code     4  stm32f4xx_gpio.o(i.GPIO_ResetBits)
    GPIO_SetBits                             0x080015c3   Thumb Code     4  stm32f4xx_gpio.o(i.GPIO_SetBits)
    GPIO_ToggleBits                          0x080015c7   Thumb Code     8  stm32f4xx_gpio.o(i.GPIO_ToggleBits)
    GRIPPER_Setup                            0x080015d5   Thumb Code    10  gripper_task.o(i.GRIPPER_Setup)
    GRIPPER_rc_filter                        0x080017f9   Thumb Code   128  gripper_task.o(i.GRIPPER_rc_filter)
    GRIPPER_task                             0x08001915   Thumb Code    28  gripper_task.o(i.GRIPPER_task)
    GetSysTime_us                            0x08001935   Thumb Code    58  delay.o(i.GetSysTime_us)
    HOOK_OUT_PWM_configuration               0x08001975   Thumb Code   274  rescuehook_task.o(i.HOOK_OUT_PWM_configuration)
    HardFault_Handler                        0x08001a95   Thumb Code     4  stm32f4xx_it.o(i.HardFault_Handler)
    MemManage_Handler                        0x08001d87   Thumb Code     4  stm32f4xx_it.o(i.MemManage_Handler)
    NMI_Handler                              0x08001d8b   Thumb Code     2  stm32f4xx_it.o(i.NMI_Handler)
    NVIC_Init                                0x08001d8d   Thumb Code   106  misc.o(i.NVIC_Init)
    NVIC_PriorityGroupConfig                 0x08001e05   Thumb Code    10  misc.o(i.NVIC_PriorityGroupConfig)
    PID_Calc                                 0x08001e19   Thumb Code   492  pid.o(i.PID_Calc)
    PID_Init                                 0x08002009   Thumb Code    92  pid.o(i.PID_Init)
    RCC_AHB1PeriphClockCmd                   0x08002069   Thumb Code    26  stm32f4xx_rcc.o(i.RCC_AHB1PeriphClockCmd)
    RCC_APB1PeriphClockCmd                   0x08002089   Thumb Code    26  stm32f4xx_rcc.o(i.RCC_APB1PeriphClockCmd)
    RCC_APB1PeriphResetCmd                   0x080020a9   Thumb Code    26  stm32f4xx_rcc.o(i.RCC_APB1PeriphResetCmd)
    RCC_APB2PeriphClockCmd                   0x080020c9   Thumb Code    26  stm32f4xx_rcc.o(i.RCC_APB2PeriphClockCmd)
    RCC_APB2PeriphResetCmd                   0x080020e9   Thumb Code    26  stm32f4xx_rcc.o(i.RCC_APB2PeriphResetCmd)
    RCC_GetClocksFreq                        0x08002109   Thumb Code   214  stm32f4xx_rcc.o(i.RCC_GetClocksFreq)
    RC_Init                                  0x080021f1   Thumb Code   312  rc.o(i.RC_Init)
    Referee_Task_Init                        0x0800233d   Thumb Code    34  referee_usart_task.o(i.Referee_Task_Init)
    Rescue_task                              0x080023a5   Thumb Code    40  rescuehook_task.o(i.Rescue_task)
    ReviveCard_ReachOUT                      0x080023d1   Thumb Code    12  revive_task.o(i.ReviveCard_ReachOUT)
    Scheduler_Run                            0x080024c1   Thumb Code    76  start_task.o(i.Scheduler_Run)
    Scheduler_Setup                          0x08002511   Thumb Code    76  start_task.o(i.Scheduler_Setup)
    SysTick_CLKSourceConfig                  0x08002681   Thumb Code    40  misc.o(i.SysTick_CLKSourceConfig)
    SysTick_GetTick                          0x080026a9   Thumb Code     6  delay.o(i.SysTick_GetTick)
    SysTick_Handler                          0x080026b5   Thumb Code    22  delay.o(i.SysTick_Handler)
    SystemInit                               0x080026d1   Thumb Code    88  system_stm32f4xx.o(i.SystemInit)
    TIM6_DAC_IRQHandler                      0x08002739   Thumb Code    30  can_receive.o(i.TIM6_DAC_IRQHandler)
    TIM_ARRPreloadConfig                     0x0800275d   Thumb Code    24  stm32f4xx_tim.o(i.TIM_ARRPreloadConfig)
    TIM_ClearFlag                            0x08002775   Thumb Code     6  stm32f4xx_tim.o(i.TIM_ClearFlag)
    TIM_Cmd                                  0x0800277b   Thumb Code    24  stm32f4xx_tim.o(i.TIM_Cmd)
    TIM_CtrlPWMOutputs                       0x08002793   Thumb Code    30  stm32f4xx_tim.o(i.TIM_CtrlPWMOutputs)
    TIM_GetITStatus                          0x080027b1   Thumb Code    34  stm32f4xx_tim.o(i.TIM_GetITStatus)
    TIM_OC1Init                              0x080027d5   Thumb Code   114  stm32f4xx_tim.o(i.TIM_OC1Init)
    TIM_OC1PreloadConfig                     0x08002851   Thumb Code    18  stm32f4xx_tim.o(i.TIM_OC1PreloadConfig)
    TIM_OC3Init                              0x08002865   Thumb Code   150  stm32f4xx_tim.o(i.TIM_OC3Init)
    TIM_OC3PreloadConfig                     0x08002905   Thumb Code    18  stm32f4xx_tim.o(i.TIM_OC3PreloadConfig)
    TIM_OC4Init                              0x08002919   Thumb Code   112  stm32f4xx_tim.o(i.TIM_OC4Init)
    TIM_OC4PreloadConfig                     0x08002991   Thumb Code    26  stm32f4xx_tim.o(i.TIM_OC4PreloadConfig)
    TIM_SetCompare1                          0x080029ab   Thumb Code     4  stm32f4xx_tim.o(i.TIM_SetCompare1)
    TIM_SetCompare3                          0x080029af   Thumb Code     4  stm32f4xx_tim.o(i.TIM_SetCompare3)
    TIM_SetCompare4                          0x080029b3   Thumb Code     4  stm32f4xx_tim.o(i.TIM_SetCompare4)
    TIM_TimeBaseInit                         0x080029b9   Thumb Code   104  stm32f4xx_tim.o(i.TIM_TimeBaseInit)
    USART1_IRQHandler                        0x08002a3d   Thumb Code   216  remote_control.o(i.USART1_IRQHandler)
    USART6_DMA_Init                          0x08002b2d   Thumb Code   324  usart6.o(i.USART6_DMA_Init)
    USART6_IRQHandler                        0x08002c7d   Thumb Code   198  referee_usart_task.o(i.USART6_IRQHandler)
    USART_ClearFlag                          0x08002d61   Thumb Code    18  stm32f4xx_usart.o(i.USART_ClearFlag)
    USART_Cmd                                0x08002d73   Thumb Code    24  stm32f4xx_usart.o(i.USART_Cmd)
    USART_DMACmd                             0x08002d8b   Thumb Code    18  stm32f4xx_usart.o(i.USART_DMACmd)
    USART_DeInit                             0x08002d9d   Thumb Code   206  stm32f4xx_usart.o(i.USART_DeInit)
    USART_GetITStatus                        0x08002e8d   Thumb Code    84  stm32f4xx_usart.o(i.USART_GetITStatus)
    USART_ITConfig                           0x08002ee1   Thumb Code    74  stm32f4xx_usart.o(i.USART_ITConfig)
    USART_Init                               0x08002f2d   Thumb Code   204  stm32f4xx_usart.o(i.USART_Init)
    USART_ReceiveData                        0x08003001   Thumb Code    10  stm32f4xx_usart.o(i.USART_ReceiveData)
    UsageFault_Handler                       0x0800300b   Thumb Code     4  stm32f4xx_it.o(i.UsageFault_Handler)
    Y_MOTION_Setup                           0x08003011   Thumb Code    10  y_motion_task.o(i.Y_MOTION_Setup)
    Y_MOTION_rc_filter                       0x080031d5   Thumb Code   128  y_motion_task.o(i.Y_MOTION_rc_filter)
    Y_MOTION_task                            0x08003331   Thumb Code    28  y_motion_task.o(i.Y_MOTION_task)
    __hardfp_fabs                            0x08003357   Thumb Code    20  fabs.o(i.__hardfp_fabs)
    buzzer_init                              0x08003371   Thumb Code   174  buzzer.o(i.buzzer_init)
    buzzer_off                               0x08003429   Thumb Code    12  buzzer.o(i.buzzer_off)
    buzzer_on                                0x08003439   Thumb Code    22  buzzer.o(i.buzzer_on)
    chassis_Setup                            0x08003455   Thumb Code    10  chassis_task.o(i.chassis_Setup)
    chassis_behaviour_control_set            0x08003465   Thumb Code    70  chassis_behaviour.o(i.chassis_behaviour_control_set)
    chassis_behaviour_mode_set               0x080034b1   Thumb Code    78  chassis_behaviour.o(i.chassis_behaviour_mode_set)
    chassis_rc_to_control_vector             0x08003965   Thumb Code   320  chassis_task.o(i.chassis_rc_to_control_vector)
    chassis_task                             0x08003b71   Thumb Code    56  chassis_task.o(i.chassis_task)
    delay_init                               0x08003c01   Thumb Code    90  delay.o(i.delay_init)
    delay_ms                                 0x08003c6d   Thumb Code    76  delay.o(i.delay_ms)
    delay_us                                 0x08003cbd   Thumb Code    76  delay.o(i.delay_us)
    fifo_s_get                               0x08003d0d   Thumb Code    58  fifo.o(i.fifo_s_get)
    fifo_s_init                              0x08003d47   Thumb Code    22  fifo.o(i.fifo_s_init)
    fifo_s_puts                              0x08003d5d   Thumb Code   160  fifo.o(i.fifo_s_puts)
    fifo_s_used                              0x08003dfd   Thumb Code     6  fifo.o(i.fifo_s_used)
    first_order_filter_cali                  0x08003e03   Thumb Code    84  user_lib.o(i.first_order_filter_cali)
    first_order_filter_init                  0x08003e59   Thumb Code    32  user_lib.o(i.first_order_filter_init)
    flow_led_Combo1                          0x08003e7d   Thumb Code    58  led.o(i.flow_led_Combo1)
    flow_led_off                             0x08003ec1   Thumb Code    20  led.o(i.flow_led_off)
    flow_led_toggle                          0x08003ed9   Thumb Code    20  led.o(i.flow_led_toggle)
    fp32_constrain                           0x08003ef1   Thumb Code    42  user_lib.o(i.fp32_constrain)
    get_CRC16_check_sum                      0x08003f1d   Thumb Code    46  crc8_crc16.o(i.get_CRC16_check_sum)
    get_CRC8_check_sum                       0x08003f51   Thumb Code    30  crc8_crc16.o(i.get_CRC8_check_sum)
    get_Chassis_Motor_Measure_Point          0x08003f75   Thumb Code    18  can_receive.o(i.get_Chassis_Motor_Measure_Point)
    get_GRIPPER_1_MOTOR_Measure_Point        0x08003f8d   Thumb Code     4  can_receive.o(i.get_GRIPPER_1_MOTOR_Measure_Point)
    get_GRIPPER_2_MOTOR_Measure_Point        0x08003f95   Thumb Code     4  can_receive.o(i.get_GRIPPER_2_MOTOR_Measure_Point)
    get_Y_LEFT_MOTOR_Measure_Point           0x08003f9d   Thumb Code     4  can_receive.o(i.get_Y_LEFT_MOTOR_Measure_Point)
    get_Y_RIGHT_MOTOR_Measure_Point          0x08003fa5   Thumb Code     4  can_receive.o(i.get_Y_RIGHT_MOTOR_Measure_Point)
    get_remote_control_point                 0x08003fad   Thumb Code     4  remote_control.o(i.get_remote_control_point)
    laser_configuration                      0x08004079   Thumb Code    54  laser.o(i.laser_configuration)
    laser_on                                 0x080040b5   Thumb Code    14  laser.o(i.laser_on)
    led_configuration                        0x080040c9   Thumb Code   104  led.o(i.led_configuration)
    led_green_on                             0x0800413d   Thumb Code    14  led.o(i.led_green_on)
    led_red_on                               0x08004151   Thumb Code    14  led.o(i.led_red_on)
    main                                     0x08004165   Thumb Code    22  main.o(i.main)
    power_ctrl_configuration                 0x080041b1   Thumb Code    66  power_ctrl.o(i.power_ctrl_configuration)
    power_ctrl_off                           0x080041f9   Thumb Code    26  power_ctrl.o(i.power_ctrl_off)
    power_ctrl_on                            0x08004219   Thumb Code    26  power_ctrl.o(i.power_ctrl_on)
    referee_usart_task                       0x080043b9   Thumb Code     8  referee_usart_task.o(i.referee_usart_task)
    remote_control_init                      0x080043c1   Thumb Code    16  remote_control.o(i.remote_control_init)
    sys_time                                 0x080043d5   Thumb Code    12  delay.o(i.sys_time)
    verify_CRC16_check_sum                   0x080043e5   Thumb Code    60  crc8_crc16.o(i.verify_CRC16_check_sum)
    verify_CRC8_check_sum                    0x08004425   Thumb Code    46  crc8_crc16.o(i.verify_CRC8_check_sum)
    __aeabi_d2f                              0x08004455   Thumb Code     0  d2f.o(x$fpl$d2f)
    _d2f                                     0x08004455   Thumb Code    98  d2f.o(x$fpl$d2f)
    __aeabi_dmul                             0x080044b9   Thumb Code     0  dmul.o(x$fpl$dmul)
    _dmul                                    0x080044b9   Thumb Code   332  dmul.o(x$fpl$dmul)
    __fpl_dnaninf                            0x0800460d   Thumb Code   156  dnaninf.o(x$fpl$dnaninf)
    __fpl_dretinf                            0x080046a9   Thumb Code    12  dretinf.o(x$fpl$dretinf)
    __aeabi_f2d                              0x080046b5   Thumb Code     0  f2d.o(x$fpl$f2d)
    _f2d                                     0x080046b5   Thumb Code    86  f2d.o(x$fpl$f2d)
    __fpl_fnaninf                            0x0800470b   Thumb Code   140  fnaninf.o(x$fpl$fnaninf)
    _fp_init                                 0x08004797   Thumb Code    10  fpinit.o(x$fpl$fpinit)
    __fplib_config_fpu_vfp                   0x0800479f   Thumb Code     0  fpinit.o(x$fpl$fpinit)
    __fplib_config_pureend_doubles           0x0800479f   Thumb Code     0  fpinit.o(x$fpl$fpinit)
    __fpl_fretinf                            0x080047a1   Thumb Code    10  fretinf.o(x$fpl$fretinf)
    __I$use$fp                               0x080047aa   Number         0  usenofp.o(x$fpl$usenofp)
    CRC8_INIT                                0x08004804   Data           1  crc8_crc16.o(.constdata)
    CRC8_table                               0x08004805   Data         256  crc8_crc16.o(.constdata)
    wCRC_table                               0x08004906   Data         512  crc8_crc16.o(.constdata)
    Region$$Table$$Base                      0x08004b08   Number         0  anon$$obj.o(Region$$Table)
    Region$$Table$$Limit                     0x08004b28   Number         0  anon$$obj.o(Region$$Table)
    SystemCoreClock                          0x20000000   Data           4  system_stm32f4xx.o(.data)
    AHBPrescTable                            0x20000004   Data          16  system_stm32f4xx.o(.data)
    systime_ms                               0x2000002c   Data           4  delay.o(.data)
    sysTickUptime                            0x20000030   Data           4  delay.o(.data)
    CATCH_move                               0x20000090   Data           8  catch_task.o(.data)
    ReviveCard_Current                       0x20000098   Data           4  revive_task.o(.data)
    game_state                               0x2000009c   Data           3  referee_usart_task.o(.data)
    game_result                              0x2000009f   Data           1  referee_usart_task.o(.data)
    field_event                              0x200000a0   Data           4  referee_usart_task.o(.data)
    supply_projectile_action_t               0x200000a4   Data           4  referee_usart_task.o(.data)
    supply_projectile_booking_t              0x200000a8   Data           3  referee_usart_task.o(.data)
    referee_warning_t                        0x200000ab   Data           2  referee_usart_task.o(.data)
    buff_musk_t                              0x200000ad   Data           1  referee_usart_task.o(.data)
    robot_energy_t                           0x200000ae   Data           2  referee_usart_task.o(.data)
    robot_hurt_t                             0x200000b0   Data           1  referee_usart_task.o(.data)
    shoot_data_t                             0x200000b1   Data           6  referee_usart_task.o(.data)
    bullet_remaining_t                       0x200000b7   Data           1  referee_usart_task.o(.data)
    Judge_Self_ID                            0x200000b8   Data           1  referee_usart_task.o(.data)
    Judge_SelfClient_ID                      0x200000ba   Data           2  referee_usart_task.o(.data)
    judge                                    0x200000bc   Data           4  referee_usart_task.o(.data)
    referee_receive_header                   0x200000c0   Data           5  referee_usart_task.o(.data)
    referee_send_header                      0x200000c5   Data           5  referee_usart_task.o(.data)
    CRC16_INIT                               0x200000ce   Data           2  crc8_crc16.o(.data)
    Y_left_motor                             0x200000d0   Data          10  can_receive.o(.bss)
    Y_right_motor                            0x200000da   Data          10  can_receive.o(.bss)
    gripper_1_motor                          0x200000e4   Data          10  can_receive.o(.bss)
    gripper_2_motor                          0x200000ee   Data          10  can_receive.o(.bss)
    motor_chassis                            0x200000f8   Data          40  can_receive.o(.bss)
    chassis_move                             0x20000148   Data         548  chassis_task.o(.bss)
    rc_ctrl                                  0x200004b0   Data          22  remote_control.o(.bss)
    SBUS_rx_buf                              0x200004c6   Data          72  remote_control.o(.bss)
    test_dT_1000hz                           0x20000510   Data          12  start_task.o(.bss)
    test_rT                                  0x2000051c   Data          24  start_task.o(.bss)
    Y_MOTION_move                            0x20000534   Data         376  y_motion_task.o(.bss)
    GRIPPER_move                             0x200006ac   Data         404  gripper_task.o(.bss)
    usart6_buf                               0x20000840   Data        1024  referee_usart_task.o(.bss)
    referee_fifo                             0x20000c40   Data          24  referee_usart_task.o(.bss)
    referee_fifo_buf                         0x20000c58   Data        1024  referee_usart_task.o(.bss)
    game_robot_HP_t                          0x20001058   Data          28  referee_usart_task.o(.bss)
    robot_state                              0x20001074   Data          15  referee_usart_task.o(.bss)
    power_heat_data_t                        0x20001083   Data          14  referee_usart_task.o(.bss)
    game_robot_pos_t                         0x20001091   Data          16  referee_usart_task.o(.bss)
    student_interactive_data                 0x200010a1   Data          12  referee_usart_task.o(.bss)
    RobotCommunatianData                     0x200010ad   Data         128  referee_usart_task.o(.bss)
    client_com_graphic_single                0x2000112d   Data          30  referee_usart_task.o(.bss)
    referee_unpack_obj                       0x2000114b   Data         137  referee_usart_task.o(.bss)
    TeammateTxBuffer                         0x200011d4   Data         128  referee_usart_task.o(.bss)
    __libspace_start                         0x20001254   Data          96  libspace.o(.bss)
    __temporary_stack_top$libspace           0x200012b4   Data           0  libspace.o(.bss)



==============================================================================

Memory Map of the image

  Image Entry point : 0x080001ad

  Load Region LR_IROM1 (Base: 0x08000000, Size: 0x00004bf8, Max: 0x00200000, ABSOLUTE)

    Execution Region ER_IROM1 (Exec base: 0x08000000, Load base: 0x08000000, Size: 0x00004b28, Max: 0x00200000, ABSOLUTE)

    Exec Addr    Load Addr    Size         Type   Attr      Idx    E Section Name        Object

    0x08000000   0x08000000   0x000001ac   Data   RO            3    RESET               startup_stm32f427xx.o
    0x080001ac   0x080001ac   0x00000008   Code   RO         7625  * !!!main             c_w.l(__main.o)
    0x080001b4   0x080001b4   0x00000034   Code   RO         7847    !!!scatter          c_w.l(__scatter.o)
    0x080001e8   0x080001e8   0x0000001a   Code   RO         7849    !!handler_copy      c_w.l(__scatter_copy.o)
    0x08000202   0x08000202   0x00000002   PAD
    0x08000204   0x08000204   0x0000001c   Code   RO         7851    !!handler_zi        c_w.l(__scatter_zi.o)
    0x08000220   0x08000220   0x00000002   Code   RO         7786    .ARM.Collect$$libinit$$00000000  c_w.l(libinit.o)
    0x08000222   0x08000222   0x00000004   Code   RO         7669    .ARM.Collect$$libinit$$00000001  c_w.l(libinit2.o)
    0x08000226   0x08000226   0x00000000   Code   RO         7672    .ARM.Collect$$libinit$$00000004  c_w.l(libinit2.o)
    0x08000226   0x08000226   0x00000000   Code   RO         7675    .ARM.Collect$$libinit$$0000000A  c_w.l(libinit2.o)
    0x08000226   0x08000226   0x00000000   Code   RO         7677    .ARM.Collect$$libinit$$0000000C  c_w.l(libinit2.o)
    0x08000226   0x08000226   0x00000000   Code   RO         7679    .ARM.Collect$$libinit$$0000000E  c_w.l(libinit2.o)
    0x08000226   0x08000226   0x00000000   Code   RO         7682    .ARM.Collect$$libinit$$00000011  c_w.l(libinit2.o)
    0x08000226   0x08000226   0x00000000   Code   RO         7684    .ARM.Collect$$libinit$$00000013  c_w.l(libinit2.o)
    0x08000226   0x08000226   0x00000000   Code   RO         7686    .ARM.Collect$$libinit$$00000015  c_w.l(libinit2.o)
    0x08000226   0x08000226   0x00000000   Code   RO         7688    .ARM.Collect$$libinit$$00000017  c_w.l(libinit2.o)
    0x08000226   0x08000226   0x00000000   Code   RO         7690    .ARM.Collect$$libinit$$00000019  c_w.l(libinit2.o)
    0x08000226   0x08000226   0x00000000   Code   RO         7692    .ARM.Collect$$libinit$$0000001B  c_w.l(libinit2.o)
    0x08000226   0x08000226   0x00000000   Code   RO         7694    .ARM.Collect$$libinit$$0000001D  c_w.l(libinit2.o)
    0x08000226   0x08000226   0x00000000   Code   RO         7696    .ARM.Collect$$libinit$$0000001F  c_w.l(libinit2.o)
    0x08000226   0x08000226   0x00000000   Code   RO         7698    .ARM.Collect$$libinit$$00000021  c_w.l(libinit2.o)
    0x08000226   0x08000226   0x00000000   Code   RO         7700    .ARM.Collect$$libinit$$00000023  c_w.l(libinit2.o)
    0x08000226   0x08000226   0x00000000   Code   RO         7702    .ARM.Collect$$libinit$$00000025  c_w.l(libinit2.o)
    0x08000226   0x08000226   0x00000000   Code   RO         7706    .ARM.Collect$$libinit$$0000002C  c_w.l(libinit2.o)
    0x08000226   0x08000226   0x00000000   Code   RO         7708    .ARM.Collect$$libinit$$0000002E  c_w.l(libinit2.o)
    0x08000226   0x08000226   0x00000000   Code   RO         7710    .ARM.Collect$$libinit$$00000030  c_w.l(libinit2.o)
    0x08000226   0x08000226   0x00000000   Code   RO         7712    .ARM.Collect$$libinit$$00000032  c_w.l(libinit2.o)
    0x08000226   0x08000226   0x00000002   Code   RO         7713    .ARM.Collect$$libinit$$00000033  c_w.l(libinit2.o)
    0x08000228   0x08000228   0x00000002   Code   RO         7844    .ARM.Collect$$libshutdown$$00000000  c_w.l(libshutdown.o)
    0x0800022a   0x0800022a   0x00000000   Code   RO         7800    .ARM.Collect$$libshutdown$$00000002  c_w.l(libshutdown2.o)
    0x0800022a   0x0800022a   0x00000000   Code   RO         7802    .ARM.Collect$$libshutdown$$00000004  c_w.l(libshutdown2.o)
    0x0800022a   0x0800022a   0x00000000   Code   RO         7805    .ARM.Collect$$libshutdown$$00000007  c_w.l(libshutdown2.o)
    0x0800022a   0x0800022a   0x00000000   Code   RO         7808    .ARM.Collect$$libshutdown$$0000000A  c_w.l(libshutdown2.o)
    0x0800022a   0x0800022a   0x00000000   Code   RO         7810    .ARM.Collect$$libshutdown$$0000000C  c_w.l(libshutdown2.o)
    0x0800022a   0x0800022a   0x00000000   Code   RO         7813    .ARM.Collect$$libshutdown$$0000000F  c_w.l(libshutdown2.o)
    0x0800022a   0x0800022a   0x00000002   Code   RO         7814    .ARM.Collect$$libshutdown$$00000010  c_w.l(libshutdown2.o)
    0x0800022c   0x0800022c   0x00000000   Code   RO         7641    .ARM.Collect$$rtentry$$00000000  c_w.l(__rtentry.o)
    0x0800022c   0x0800022c   0x00000000   Code   RO         7729    .ARM.Collect$$rtentry$$00000002  c_w.l(__rtentry2.o)
    0x0800022c   0x0800022c   0x00000006   Code   RO         7741    .ARM.Collect$$rtentry$$00000004  c_w.l(__rtentry4.o)
    0x08000232   0x08000232   0x00000000   Code   RO         7731    .ARM.Collect$$rtentry$$00000009  c_w.l(__rtentry2.o)
    0x08000232   0x08000232   0x00000004   Code   RO         7732    .ARM.Collect$$rtentry$$0000000A  c_w.l(__rtentry2.o)
    0x08000236   0x08000236   0x00000000   Code   RO         7734    .ARM.Collect$$rtentry$$0000000C  c_w.l(__rtentry2.o)
    0x08000236   0x08000236   0x00000008   Code   RO         7735    .ARM.Collect$$rtentry$$0000000D  c_w.l(__rtentry2.o)
    0x0800023e   0x0800023e   0x00000002   Code   RO         7789    .ARM.Collect$$rtexit$$00000000  c_w.l(rtexit.o)
    0x08000240   0x08000240   0x00000000   Code   RO         7818    .ARM.Collect$$rtexit$$00000002  c_w.l(rtexit2.o)
    0x08000240   0x08000240   0x00000004   Code   RO         7819    .ARM.Collect$$rtexit$$00000003  c_w.l(rtexit2.o)
    0x08000244   0x08000244   0x00000006   Code   RO         7820    .ARM.Collect$$rtexit$$00000004  c_w.l(rtexit2.o)
    0x0800024a   0x0800024a   0x00000002   PAD
    0x0800024c   0x0800024c   0x0000004c   Code   RO            4    .text               startup_stm32f427xx.o
    0x08000298   0x08000298   0x0000008a   Code   RO         7615    .text               c_w.l(rt_memcpy_v6.o)
    0x08000322   0x08000322   0x00000064   Code   RO         7617    .text               c_w.l(rt_memcpy_w.o)
    0x08000386   0x08000386   0x00000044   Code   RO         7619    .text               c_w.l(rt_memclr.o)
    0x080003ca   0x080003ca   0x0000004e   Code   RO         7621    .text               c_w.l(rt_memclr_w.o)
    0x08000418   0x08000418   0x00000006   Code   RO         7623    .text               c_w.l(heapauxi.o)
    0x0800041e   0x0800041e   0x00000002   PAD
    0x08000420   0x08000420   0x00000008   Code   RO         7725    .text               c_w.l(libspace.o)
    0x08000428   0x08000428   0x00000002   Code   RO         7762    .text               c_w.l(use_no_semi.o)
    0x0800042a   0x0800042a   0x00000000   Code   RO         7764    .text               c_w.l(indicate_semi.o)
    0x0800042a   0x0800042a   0x0000004a   Code   RO         7765    .text               c_w.l(sys_stackheap_outer.o)
    0x08000474   0x08000474   0x00000012   Code   RO         7771    .text               c_w.l(exit.o)
    0x08000486   0x08000486   0x00000002   PAD
    0x08000488   0x08000488   0x0000000c   Code   RO         7787    .text               c_w.l(sys_exit.o)
    0x08000494   0x08000494   0x00000014   Code   RO         6881    i.AMMO17_off        ammo_out_task.o
    0x080004a8   0x080004a8   0x00000014   Code   RO         6882    i.AMMO17_out        ammo_out_task.o
    0x080004bc   0x080004bc   0x00000014   Code   RO         6883    i.AMMO42_off        ammo_out_task.o
    0x080004d0   0x080004d0   0x00000014   Code   RO         6884    i.AMMO42_out        ammo_out_task.o
    0x080004e4   0x080004e4   0x0000002c   Code   RO         6885    i.AMMO_17mm_OUT_task  ammo_out_task.o
    0x08000510   0x08000510   0x0000002c   Code   RO         6886    i.AMMO_42mm_OUT_task  ammo_out_task.o
    0x0800053c   0x0800053c   0x00000108   Code   RO         6887    i.AMMO_OUT_PWM_configuration  ammo_out_task.o
    0x08000644   0x08000644   0x00000016   Code   RO         5713    i.BSPInit_CompleteBeep  buzzer.o
    0x0800065a   0x0800065a   0x00000088   Code   RO         5484    i.BSP_init          main.o
    0x080006e2   0x080006e2   0x00000004   Code   RO           13    i.BusFault_Handler  stm32f4xx_it.o
    0x080006e6   0x080006e6   0x00000002   PAD
    0x080006e8   0x080006e8   0x00000030   Code   RO         6336    i.CAN1_RX0_IRQHandler  can_receive.o
    0x08000718   0x08000718   0x00000110   Code   RO         5764    i.CAN1_mode_init    can.o
    0x08000828   0x08000828   0x00000064   Code   RO         6337    i.CAN_CMD_CHASSIS   can_receive.o
    0x0800088c   0x0800088c   0x0000004c   Code   RO         6339    i.CAN_CMD_Upper     can_receive.o
    0x080008d8   0x080008d8   0x000000a8   Code   RO          603    i.CAN_ClearITPendingBit  stm32f4xx_can.o
    0x08000980   0x08000980   0x00000108   Code   RO          607    i.CAN_FilterInit    stm32f4xx_can.o
    0x08000a88   0x08000a88   0x00000120   Code   RO          609    i.CAN_GetITStatus   stm32f4xx_can.o
    0x08000ba8   0x08000ba8   0x00000012   Code   RO          613    i.CAN_ITConfig      stm32f4xx_can.o
    0x08000bba   0x08000bba   0x00000114   Code   RO          614    i.CAN_Init          stm32f4xx_can.o
    0x08000cce   0x08000cce   0x000000f0   Code   RO          617    i.CAN_Receive       stm32f4xx_can.o
    0x08000dbe   0x08000dbe   0x00000126   Code   RO          622    i.CAN_Transmit      stm32f4xx_can.o
    0x08000ee4   0x08000ee4   0x0000019c   Code   RO         6340    i.CAN_hook          can_receive.o
    0x08001080   0x08001080   0x00000040   Code   RO         7007    i.CATCH_GPIO_init   catch_task.o
    0x080010c0   0x080010c0   0x00000010   Code   RO         7008    i.CATCH_Setup       catch_task.o
    0x080010d0   0x080010d0   0x0000001a   Code   RO         7009    i.CATCH_init        catch_task.o
    0x080010ea   0x080010ea   0x00000002   PAD
    0x080010ec   0x080010ec   0x0000002c   Code   RO         7010    i.CATCH_set_contorl  catch_task.o
    0x08001118   0x08001118   0x00000030   Code   RO         7011    i.CATCH_set_mode    catch_task.o
    0x08001148   0x08001148   0x00000014   Code   RO         7012    i.CATCH_task        catch_task.o
    0x0800115c   0x0800115c   0x00000012   Code   RO          625    i.CheckITStatus     stm32f4xx_can.o
    0x0800116e   0x0800116e   0x00000002   PAD
    0x08001170   0x08001170   0x00000034   Code   RO         1380    i.DMA_ClearFlag     stm32f4xx_dma.o
    0x080011a4   0x080011a4   0x00000016   Code   RO         1382    i.DMA_Cmd           stm32f4xx_dma.o
    0x080011ba   0x080011ba   0x00000002   PAD
    0x080011bc   0x080011bc   0x00000158   Code   RO         1383    i.DMA_DeInit        stm32f4xx_dma.o
    0x08001314   0x08001314   0x00000016   Code   RO         1384    i.DMA_DoubleBufferModeCmd  stm32f4xx_dma.o
    0x0800132a   0x0800132a   0x00000018   Code   RO         1385    i.DMA_DoubleBufferModeConfig  stm32f4xx_dma.o
    0x08001342   0x08001342   0x00000008   Code   RO         1388    i.DMA_GetCurrDataCounter  stm32f4xx_dma.o
    0x0800134a   0x0800134a   0x00000014   Code   RO         1389    i.DMA_GetCurrentMemoryTarget  stm32f4xx_dma.o
    0x0800135e   0x0800135e   0x00000002   PAD
    0x08001360   0x08001360   0x00000058   Code   RO         1394    i.DMA_Init          stm32f4xx_dma.o
    0x080013b8   0x080013b8   0x00000004   Code   RO         1397    i.DMA_SetCurrDataCounter  stm32f4xx_dma.o
    0x080013bc   0x080013bc   0x00000002   Code   RO           14    i.DebugMon_Handler  stm32f4xx_it.o
    0x080013be   0x080013be   0x00000002   PAD
    0x080013c0   0x080013c0   0x00000128   Code   RO         6563    i.DetectHook        detect_task.o
    0x080014e8   0x080014e8   0x00000090   Code   RO         2227    i.GPIO_Init         stm32f4xx_gpio.o
    0x08001578   0x08001578   0x00000046   Code   RO         2228    i.GPIO_PinAFConfig  stm32f4xx_gpio.o
    0x080015be   0x080015be   0x00000004   Code   RO         2234    i.GPIO_ResetBits    stm32f4xx_gpio.o
    0x080015c2   0x080015c2   0x00000004   Code   RO         2235    i.GPIO_SetBits      stm32f4xx_gpio.o
    0x080015c6   0x080015c6   0x00000008   Code   RO         2237    i.GPIO_ToggleBits   stm32f4xx_gpio.o
    0x080015ce   0x080015ce   0x00000006   Code   RO         6938    i.GRIPPER_AngularVelocity_rc_to_motor_speed  gripper_task.o
    0x080015d4   0x080015d4   0x00000010   Code   RO         6939    i.GRIPPER_Setup     gripper_task.o
    0x080015e4   0x080015e4   0x00000098   Code   RO         6940    i.GRIPPER_control_loop  gripper_task.o
    0x0800167c   0x0800167c   0x000000a4   Code   RO         6941    i.GRIPPER_feedback_update  gripper_task.o
    0x08001720   0x08001720   0x000000d8   Code   RO         6942    i.GRIPPER_init      gripper_task.o
    0x080017f8   0x080017f8   0x0000008c   Code   RO         6943    i.GRIPPER_rc_filter  gripper_task.o
    0x08001884   0x08001884   0x00000060   Code   RO         6944    i.GRIPPER_set_contorl  gripper_task.o
    0x080018e4   0x080018e4   0x00000030   Code   RO         6945    i.GRIPPER_set_mode  gripper_task.o
    0x08001914   0x08001914   0x00000020   Code   RO         6946    i.GRIPPER_task      gripper_task.o
    0x08001934   0x08001934   0x00000040   Code   RO         5797    i.GetSysTime_us     delay.o
    0x08001974   0x08001974   0x00000120   Code   RO         7076    i.HOOK_OUT_PWM_configuration  rescuehook_task.o
    0x08001a94   0x08001a94   0x00000004   Code   RO           15    i.HardFault_Handler  stm32f4xx_it.o
    0x08001a98   0x08001a98   0x0000022c   Code   RO         7204    i.Judge_Read_Data   referee_usart_task.o
    0x08001cc4   0x08001cc4   0x0000007c   Code   RO         6720    i.Loop_1000Hz       start_task.o
    0x08001d40   0x08001d40   0x00000024   Code   RO         6721    i.Loop_100Hz        start_task.o
    0x08001d64   0x08001d64   0x00000010   Code   RO         6722    i.Loop_200Hz        start_task.o
    0x08001d74   0x08001d74   0x00000002   Code   RO         6723    i.Loop_20Hz         start_task.o
    0x08001d76   0x08001d76   0x00000002   Code   RO         6724    i.Loop_2Hz          start_task.o
    0x08001d78   0x08001d78   0x0000000c   Code   RO         6725    i.Loop_500Hz        start_task.o
    0x08001d84   0x08001d84   0x00000002   Code   RO         6726    i.Loop_50Hz         start_task.o
    0x08001d86   0x08001d86   0x00000004   Code   RO           16    i.MemManage_Handler  stm32f4xx_it.o
    0x08001d8a   0x08001d8a   0x00000002   Code   RO           17    i.NMI_Handler       stm32f4xx_it.o
    0x08001d8c   0x08001d8c   0x00000078   Code   RO          307    i.NVIC_Init         misc.o
    0x08001e04   0x08001e04   0x00000014   Code   RO          308    i.NVIC_PriorityGroupConfig  misc.o
    0x08001e18   0x08001e18   0x000001f0   Code   RO         6619    i.PID_Calc          pid.o
    0x08002008   0x08002008   0x00000060   Code   RO         6620    i.PID_Init          pid.o
    0x08002068   0x08002068   0x00000020   Code   RO         3165    i.RCC_AHB1PeriphClockCmd  stm32f4xx_rcc.o
    0x08002088   0x08002088   0x00000020   Code   RO         3174    i.RCC_APB1PeriphClockCmd  stm32f4xx_rcc.o
    0x080020a8   0x080020a8   0x00000020   Code   RO         3176    i.RCC_APB1PeriphResetCmd  stm32f4xx_rcc.o
    0x080020c8   0x080020c8   0x00000020   Code   RO         3177    i.RCC_APB2PeriphClockCmd  stm32f4xx_rcc.o
    0x080020e8   0x080020e8   0x00000020   Code   RO         3179    i.RCC_APB2PeriphResetCmd  stm32f4xx_rcc.o
    0x08002108   0x08002108   0x000000e8   Code   RO         3186    i.RCC_GetClocksFreq  stm32f4xx_rcc.o
    0x080021f0   0x080021f0   0x0000014c   Code   RO         6131    i.RC_Init           rc.o
    0x0800233c   0x0800233c   0x00000030   Code   RO         7205    i.Referee_Task_Init  referee_usart_task.o
    0x0800236c   0x0800236c   0x0000001c   Code   RO         7077    i.RescueHook_ReachOut  rescuehook_task.o
    0x08002388   0x08002388   0x0000001c   Code   RO         7078    i.RescueHook_Reset  rescuehook_task.o
    0x080023a4   0x080023a4   0x0000002c   Code   RO         7079    i.Rescue_task       rescuehook_task.o
    0x080023d0   0x080023d0   0x00000014   Code   RO         7116    i.ReviveCard_ReachOUT  revive_task.o
    0x080023e4   0x080023e4   0x000000da   Code   RO         6651    i.SBUS_TO_RC        remote_control.o
    0x080024be   0x080024be   0x00000002   PAD
    0x080024c0   0x080024c0   0x00000050   Code   RO         6727    i.Scheduler_Run     start_task.o
    0x08002510   0x08002510   0x00000050   Code   RO         6728    i.Scheduler_Setup   start_task.o
    0x08002560   0x08002560   0x00000120   Code   RO          190    i.SetSysClock       system_stm32f4xx.o
    0x08002680   0x08002680   0x00000028   Code   RO          311    i.SysTick_CLKSourceConfig  misc.o
    0x080026a8   0x080026a8   0x0000000c   Code   RO         5798    i.SysTick_GetTick   delay.o
    0x080026b4   0x080026b4   0x0000001c   Code   RO         5799    i.SysTick_Handler   delay.o
    0x080026d0   0x080026d0   0x00000068   Code   RO          192    i.SystemInit        system_stm32f4xx.o
    0x08002738   0x08002738   0x00000024   Code   RO         6341    i.TIM6_DAC_IRQHandler  can_receive.o
    0x0800275c   0x0800275c   0x00000018   Code   RO         4552    i.TIM_ARRPreloadConfig  stm32f4xx_tim.o
    0x08002774   0x08002774   0x00000006   Code   RO         4558    i.TIM_ClearFlag     stm32f4xx_tim.o
    0x0800277a   0x0800277a   0x00000018   Code   RO         4564    i.TIM_Cmd           stm32f4xx_tim.o
    0x08002792   0x08002792   0x0000001e   Code   RO         4566    i.TIM_CtrlPWMOutputs  stm32f4xx_tim.o
    0x080027b0   0x080027b0   0x00000022   Code   RO         4585    i.TIM_GetITStatus   stm32f4xx_tim.o
    0x080027d2   0x080027d2   0x00000002   PAD
    0x080027d4   0x080027d4   0x0000007c   Code   RO         4593    i.TIM_OC1Init       stm32f4xx_tim.o
    0x08002850   0x08002850   0x00000012   Code   RO         4596    i.TIM_OC1PreloadConfig  stm32f4xx_tim.o
    0x08002862   0x08002862   0x00000002   PAD
    0x08002864   0x08002864   0x000000a0   Code   RO         4603    i.TIM_OC3Init       stm32f4xx_tim.o
    0x08002904   0x08002904   0x00000012   Code   RO         4606    i.TIM_OC3PreloadConfig  stm32f4xx_tim.o
    0x08002916   0x08002916   0x00000002   PAD
    0x08002918   0x08002918   0x00000078   Code   RO         4608    i.TIM_OC4Init       stm32f4xx_tim.o
    0x08002990   0x08002990   0x0000001a   Code   RO         4610    i.TIM_OC4PreloadConfig  stm32f4xx_tim.o
    0x080029aa   0x080029aa   0x00000004   Code   RO         4626    i.TIM_SetCompare1   stm32f4xx_tim.o
    0x080029ae   0x080029ae   0x00000004   Code   RO         4628    i.TIM_SetCompare3   stm32f4xx_tim.o
    0x080029b2   0x080029b2   0x00000004   Code   RO         4629    i.TIM_SetCompare4   stm32f4xx_tim.o
    0x080029b6   0x080029b6   0x00000002   PAD
    0x080029b8   0x080029b8   0x00000084   Code   RO         4636    i.TIM_TimeBaseInit  stm32f4xx_tim.o
    0x08002a3c   0x08002a3c   0x000000f0   Code   RO         6652    i.USART1_IRQHandler  remote_control.o
    0x08002b2c   0x08002b2c   0x00000150   Code   RO         6309    i.USART6_DMA_Init   usart6.o
    0x08002c7c   0x08002c7c   0x000000e4   Code   RO         7206    i.USART6_IRQHandler  referee_usart_task.o
    0x08002d60   0x08002d60   0x00000012   Code   RO         5114    i.USART_ClearFlag   stm32f4xx_usart.o
    0x08002d72   0x08002d72   0x00000018   Code   RO         5118    i.USART_Cmd         stm32f4xx_usart.o
    0x08002d8a   0x08002d8a   0x00000012   Code   RO         5119    i.USART_DMACmd      stm32f4xx_usart.o
    0x08002d9c   0x08002d9c   0x000000f0   Code   RO         5120    i.USART_DeInit      stm32f4xx_usart.o
    0x08002e8c   0x08002e8c   0x00000054   Code   RO         5122    i.USART_GetITStatus  stm32f4xx_usart.o
    0x08002ee0   0x08002ee0   0x0000004a   Code   RO         5124    i.USART_ITConfig    stm32f4xx_usart.o
    0x08002f2a   0x08002f2a   0x00000002   PAD
    0x08002f2c   0x08002f2c   0x000000d4   Code   RO         5125    i.USART_Init        stm32f4xx_usart.o
    0x08003000   0x08003000   0x0000000a   Code   RO         5132    i.USART_ReceiveData  stm32f4xx_usart.o
    0x0800300a   0x0800300a   0x00000004   Code   RO           18    i.UsageFault_Handler  stm32f4xx_it.o
    0x0800300e   0x0800300e   0x00000002   PAD
    0x08003010   0x08003010   0x00000010   Code   RO         6813    i.Y_MOTION_Setup    y_motion_task.o
    0x08003020   0x08003020   0x00000094   Code   RO         6814    i.Y_MOTION_control_loop  y_motion_task.o
    0x080030b4   0x080030b4   0x00000070   Code   RO         6815    i.Y_MOTION_feedback_update  y_motion_task.o
    0x08003124   0x08003124   0x000000b0   Code   RO         6816    i.Y_MOTION_init     y_motion_task.o
    0x080031d4   0x080031d4   0x00000090   Code   RO         6817    i.Y_MOTION_rc_filter  y_motion_task.o
    0x08003264   0x08003264   0x0000003c   Code   RO         6818    i.Y_MOTION_rc_to_motor_speed  y_motion_task.o
    0x080032a0   0x080032a0   0x00000060   Code   RO         6819    i.Y_MOTION_set_contorl  y_motion_task.o
    0x08003300   0x08003300   0x00000030   Code   RO         6820    i.Y_MOTION_set_mode  y_motion_task.o
    0x08003330   0x08003330   0x00000020   Code   RO         6821    i.Y_MOTION_task     y_motion_task.o
    0x08003350   0x08003350   0x00000006   Code   RO         7284    i.__get_PRIMASK     fifo.o
    0x08003356   0x08003356   0x00000014   Code   RO         7633    i.__hardfp_fabs     m_wm.l(fabs.o)
    0x0800336a   0x0800336a   0x00000006   Code   RO         7285    i.__set_PRIMASK     fifo.o
    0x08003370   0x08003370   0x000000b8   Code   RO         5715    i.buzzer_init       buzzer.o
    0x08003428   0x08003428   0x00000010   Code   RO         5716    i.buzzer_off        buzzer.o
    0x08003438   0x08003438   0x0000001c   Code   RO         5717    i.buzzer_on         buzzer.o
    0x08003454   0x08003454   0x00000010   Code   RO         6487    i.chassis_Setup     chassis_task.o
    0x08003464   0x08003464   0x0000004c   Code   RO         6429    i.chassis_behaviour_control_set  chassis_behaviour.o
    0x080034b0   0x080034b0   0x00000054   Code   RO         6430    i.chassis_behaviour_mode_set  chassis_behaviour.o
    0x08003504   0x08003504   0x000001c4   Code   RO         6488    i.chassis_control_loop  chassis_task.o
    0x080036c8   0x080036c8   0x00000108   Code   RO         6489    i.chassis_feedback_update  chassis_task.o
    0x080037d0   0x080037d0   0x000000cc   Code   RO         6490    i.chassis_init      chassis_task.o
    0x0800389c   0x0800389c   0x00000058   Code   RO         6491    i.chassis_mode_change_control_transit  chassis_task.o
    0x080038f4   0x080038f4   0x00000044   Code   RO         6431    i.chassis_no_follow_yaw_control  chassis_behaviour.o
    0x08003938   0x08003938   0x0000002c   Code   RO         6432    i.chassis_no_move_control  chassis_behaviour.o
    0x08003964   0x08003964   0x0000016c   Code   RO         6492    i.chassis_rc_to_control_vector  chassis_task.o
    0x08003ad0   0x08003ad0   0x0000008c   Code   RO         6493    i.chassis_set_contorl  chassis_task.o
    0x08003b5c   0x08003b5c   0x00000012   Code   RO         6494    i.chassis_set_mode  chassis_task.o
    0x08003b6e   0x08003b6e   0x00000002   PAD
    0x08003b70   0x08003b70   0x0000003c   Code   RO         6495    i.chassis_task      chassis_task.o
    0x08003bac   0x08003bac   0x00000054   Code   RO         6496    i.chassis_vector_to_mecanum_wheel_speed  chassis_task.o
    0x08003c00   0x08003c00   0x0000006c   Code   RO         5800    i.delay_init        delay.o
    0x08003c6c   0x08003c6c   0x00000050   Code   RO         5801    i.delay_ms          delay.o
    0x08003cbc   0x08003cbc   0x00000050   Code   RO         5802    i.delay_us          delay.o
    0x08003d0c   0x08003d0c   0x0000003a   Code   RO         7303    i.fifo_s_get        fifo.o
    0x08003d46   0x08003d46   0x00000016   Code   RO         7306    i.fifo_s_init       fifo.o
    0x08003d5c   0x08003d5c   0x000000a0   Code   RO         7312    i.fifo_s_puts       fifo.o
    0x08003dfc   0x08003dfc   0x00000006   Code   RO         7314    i.fifo_s_used       fifo.o
    0x08003e02   0x08003e02   0x00000054   Code   RO         5373    i.first_order_filter_cali  user_lib.o
    0x08003e56   0x08003e56   0x00000002   PAD
    0x08003e58   0x08003e58   0x00000024   Code   RO         5374    i.first_order_filter_init  user_lib.o
    0x08003e7c   0x08003e7c   0x00000044   Code   RO         5998    i.flow_led_Combo1   led.o
    0x08003ec0   0x08003ec0   0x00000018   Code   RO         5999    i.flow_led_off      led.o
    0x08003ed8   0x08003ed8   0x00000018   Code   RO         6001    i.flow_led_toggle   led.o
    0x08003ef0   0x08003ef0   0x0000002a   Code   RO         5375    i.fp32_constrain    user_lib.o
    0x08003f1a   0x08003f1a   0x00000002   PAD
    0x08003f1c   0x08003f1c   0x00000034   Code   RO         7504    i.get_CRC16_check_sum  crc8_crc16.o
    0x08003f50   0x08003f50   0x00000024   Code   RO         7505    i.get_CRC8_check_sum  crc8_crc16.o
    0x08003f74   0x08003f74   0x00000018   Code   RO         6342    i.get_Chassis_Motor_Measure_Point  can_receive.o
    0x08003f8c   0x08003f8c   0x00000008   Code   RO         6343    i.get_GRIPPER_1_MOTOR_Measure_Point  can_receive.o
    0x08003f94   0x08003f94   0x00000008   Code   RO         6344    i.get_GRIPPER_2_MOTOR_Measure_Point  can_receive.o
    0x08003f9c   0x08003f9c   0x00000008   Code   RO         6345    i.get_Y_LEFT_MOTOR_Measure_Point  can_receive.o
    0x08003fa4   0x08003fa4   0x00000008   Code   RO         6346    i.get_Y_RIGHT_MOTOR_Measure_Point  can_receive.o
    0x08003fac   0x08003fac   0x00000008   Code   RO         6653    i.get_remote_control_point  remote_control.o
    0x08003fb4   0x08003fb4   0x000000c4   Code   RO         7207    i.init_referee_struct_data  referee_usart_task.o
    0x08004078   0x08004078   0x0000003c   Code   RO         5959    i.laser_configuration  laser.o
    0x080040b4   0x080040b4   0x00000014   Code   RO         5961    i.laser_on          laser.o
    0x080040c8   0x080040c8   0x00000074   Code   RO         6002    i.led_configuration  led.o
    0x0800413c   0x0800413c   0x00000014   Code   RO         6004    i.led_green_on      led.o
    0x08004150   0x08004150   0x00000014   Code   RO         6007    i.led_red_on        led.o
    0x08004164   0x08004164   0x00000016   Code   RO         5485    i.main              main.o
    0x0800417a   0x0800417a   0x00000002   PAD
    0x0800417c   0x0800417c   0x00000034   Code   RO         6947    i.motor_ecd_to_angle_change  gripper_task.o
    0x080041b0   0x080041b0   0x00000048   Code   RO         6086    i.power_ctrl_configuration  power_ctrl.o
    0x080041f8   0x080041f8   0x00000020   Code   RO         6087    i.power_ctrl_off    power_ctrl.o
    0x08004218   0x08004218   0x00000020   Code   RO         6088    i.power_ctrl_on     power_ctrl.o
    0x08004238   0x08004238   0x00000180   Code   RO         7208    i.referee_data_solve  referee_usart_task.o
    0x080043b8   0x080043b8   0x00000008   Code   RO         7210    i.referee_usart_task  referee_usart_task.o
    0x080043c0   0x080043c0   0x00000014   Code   RO         6654    i.remote_control_init  remote_control.o
    0x080043d4   0x080043d4   0x00000010   Code   RO         5803    i.sys_time          delay.o
    0x080043e4   0x080043e4   0x00000040   Code   RO         7506    i.verify_CRC16_check_sum  crc8_crc16.o
    0x08004424   0x08004424   0x0000002e   Code   RO         7507    i.verify_CRC8_check_sum  crc8_crc16.o
    0x08004452   0x08004452   0x00000002   PAD
    0x08004454   0x08004454   0x00000062   Code   RO         7627    x$fpl$d2f           fz_wm.l(d2f.o)
    0x080044b6   0x080044b6   0x00000002   PAD
    0x080044b8   0x080044b8   0x00000154   Code   RO         7629    x$fpl$dmul          fz_wm.l(dmul.o)
    0x0800460c   0x0800460c   0x0000009c   Code   RO         7714    x$fpl$dnaninf       fz_wm.l(dnaninf.o)
    0x080046a8   0x080046a8   0x0000000c   Code   RO         7716    x$fpl$dretinf       fz_wm.l(dretinf.o)
    0x080046b4   0x080046b4   0x00000056   Code   RO         7631    x$fpl$f2d           fz_wm.l(f2d.o)
    0x0800470a   0x0800470a   0x0000008c   Code   RO         7718    x$fpl$fnaninf       fz_wm.l(fnaninf.o)
    0x08004796   0x08004796   0x0000000a   Code   RO         7760    x$fpl$fpinit        fz_wm.l(fpinit.o)
    0x080047a0   0x080047a0   0x0000000a   Code   RO         7720    x$fpl$fretinf       fz_wm.l(fretinf.o)
    0x080047aa   0x080047aa   0x00000000   Code   RO         7722    x$fpl$usenofp       fz_wm.l(usenofp.o)
    0x080047aa   0x080047aa   0x00000002   PAD
    0x080047ac   0x080047ac   0x00000020   Data   RO         6498    .constdata          chassis_task.o
    0x080047cc   0x080047cc   0x0000001c   Data   RO         6823    .constdata          y_motion_task.o
    0x080047e8   0x080047e8   0x0000001c   Data   RO         6949    .constdata          gripper_task.o
    0x08004804   0x08004804   0x00000302   Data   RO         7508    .constdata          crc8_crc16.o
    0x08004b06   0x08004b06   0x00000002   PAD
    0x08004b08   0x08004b08   0x00000020   Data   RO         7845    Region$$Table       anon$$obj.o


    Execution Region RW_IRAM1 (Exec base: 0x20000000, Load base: 0x08004b28, Size: 0x000016b8, Max: 0x00030000, ABSOLUTE)

    Exec Addr    Load Addr    Size         Type   Attr      Idx    E Section Name        Object

    0x20000000   0x08004b28   0x00000014   Data   RW          193    .data               system_stm32f4xx.o
    0x20000014   0x08004b3c   0x00000010   Data   RW         3218    .data               stm32f4xx_rcc.o
    0x20000024   0x08004b4c   0x00000010   Data   RW         5804    .data               delay.o
    0x20000034   0x08004b5c   0x00000002   Data   RW         6009    .data               led.o
    0x20000036   0x08004b5e   0x00000001   Data   RW         6348    .data               can_receive.o
    0x20000037   0x08004b5f   0x00000001   Data   RW         6433    .data               chassis_behaviour.o
    0x20000038   0x08004b60   0x00000002   Data   RW         6658    .data               remote_control.o
    0x2000003a   0x08004b62   0x00000002   PAD
    0x2000003c   0x08004b64   0x00000054   Data   RW         6730    .data               start_task.o
    0x20000090   0x08004bb8   0x00000008   Data   RW         7013    .data               catch_task.o
    0x20000098   0x08004bc0   0x00000004   Data   RW         7117    .data               revive_task.o
    0x2000009c   0x08004bc4   0x00000032   Data   RW         7212    .data               referee_usart_task.o
    0x200000ce   0x08004bf6   0x00000002   Data   RW         7509    .data               crc8_crc16.o
    0x200000d0        -       0x00000078   Zero   RW         6347    .bss                can_receive.o
    0x20000148        -       0x00000224   Zero   RW         6497    .bss                chassis_task.o
    0x2000036c        -       0x00000144   Zero   RW         6568    .bss                detect_task.o
    0x200004b0        -       0x0000005e   Zero   RW         6657    .bss                remote_control.o
    0x2000050e   0x08004bf8   0x00000002   PAD
    0x20000510        -       0x00000024   Zero   RW         6729    .bss                start_task.o
    0x20000534        -       0x00000178   Zero   RW         6822    .bss                y_motion_task.o
    0x200006ac        -       0x00000194   Zero   RW         6948    .bss                gripper_task.o
    0x20000840        -       0x00000a14   Zero   RW         7211    .bss                referee_usart_task.o
    0x20001254        -       0x00000060   Zero   RW         7726    .bss                c_w.l(libspace.o)
    0x200012b4   0x08004bf8   0x00000004   PAD
    0x200012b8        -       0x00000000   Zero   RW            2    HEAP                startup_stm32f427xx.o
    0x200012b8        -       0x00000400   Zero   RW            1    STACK               startup_stm32f427xx.o


==============================================================================

Image component sizes


      Code (inc. data)   RO Data    RW Data    ZI Data      Debug   Object Name

       432         40          0          0          0       4063   ammo_out_task.o
       250         20          0          0          0       2442   buzzer.o
       272          8          0          0          0       1053   can.o
       728         86          0          1        120       8562   can_receive.o
       218         24          0          8          0       6042   catch_task.o
       272         22          0          1          0       9951   chassis_behaviour.o
      1690        132         32          0        548       8385   chassis_task.o
       198         16        770          2          0       3709   crc8_crc16.o
       388         48          0         16          0       4709   delay.o
       296         10          0          0        324       2525   detect_task.o
       258          0          0          0          0       5495   fifo.o
       922         88         28          0        404       9410   gripper_task.o
        80         12          0          0          0       1065   laser.o
       272         42          0          2          0       3287   led.o
       158          0          0          0          0       1870   main.o
       180         24          0          0          0       2065   misc.o
       592          8          0          0          0       2398   pid.o
       136         18          0          0          0       1836   power_ctrl.o
       332         20          0          0          0       1306   rc.o
      1420        202          0         50       2580       7804   referee_usart_task.o
       486         32          0          2         94       4779   remote_control.o
       388         26          0          0          0       2423   rescuehook_task.o
        20          8          0          4          0        763   revive_task.o
       354         34          0         84         36      12443   start_task.o
        76         28        428          0       1024        892   startup_stm32f427xx.o
      1566         16          0          0          0       6398   stm32f4xx_can.o
       584         40          0          0          0       6708   stm32f4xx_dma.o
       230          0          0          0          0       3421   stm32f4xx_gpio.o
        20          0          0          0          0     321241   stm32f4xx_it.o
       392         48          0         16          0       5829   stm32f4xx_rcc.o
       728         56          0          0          0       9844   stm32f4xx_tim.o
       680         42          0          0          0       6098   stm32f4xx_usart.o
       392         32          0         20          0     301181   system_stm32f4xx.o
       336         12          0          0          0       1366   usart6.o
       162          4          0          0          0       2873   user_lib.o
       832         94         28          0        376      10064   y_motion_task.o

    ----------------------------------------------------------------------
     16376       1292       1320        208       5508     784300   Object Totals
         0          0         32          0          0          0   (incl. Generated)
        36          0          2          2          2          0   (incl. Padding)

    ----------------------------------------------------------------------

      Code (inc. data)   RO Data    RW Data    ZI Data      Debug   Library Member Name

         8          0          0          0          0         68   __main.o
         0          0          0          0          0          0   __rtentry.o
        12          0          0          0          0          0   __rtentry2.o
         6          0          0          0          0          0   __rtentry4.o
        52          8          0          0          0          0   __scatter.o
        26          0          0          0          0          0   __scatter_copy.o
        28          0          0          0          0          0   __scatter_zi.o
        18          0          0          0          0         80   exit.o
         6          0          0          0          0        152   heapauxi.o
         0          0          0          0          0          0   indicate_semi.o
         2          0          0          0          0          0   libinit.o
         6          0          0          0          0          0   libinit2.o
         2          0          0          0          0          0   libshutdown.o
         2          0          0          0          0          0   libshutdown2.o
         8          4          0          0         96         68   libspace.o
        68          0          0          0          0         68   rt_memclr.o
        78          0          0          0          0         80   rt_memclr_w.o
       138          0          0          0          0         68   rt_memcpy_v6.o
       100          0          0          0          0         80   rt_memcpy_w.o
         2          0          0          0          0          0   rtexit.o
        10          0          0          0          0          0   rtexit2.o
        12          4          0          0          0         68   sys_exit.o
        74          0          0          0          0         80   sys_stackheap_outer.o
         2          0          0          0          0         68   use_no_semi.o
        98          4          0          0          0        140   d2f.o
       340         12          0          0          0        152   dmul.o
       156          4          0          0          0        140   dnaninf.o
        12          0          0          0          0        116   dretinf.o
        86          4          0          0          0        132   f2d.o
       140          4          0          0          0        132   fnaninf.o
        10          0          0          0          0        116   fpinit.o
        10          0          0          0          0        116   fretinf.o
         0          0          0          0          0          0   usenofp.o
        20          0          0          0          0        124   fabs.o

    ----------------------------------------------------------------------
      1544         44          0          0        100       2048   Library Totals
        12          0          0          0          4          0   (incl. Padding)

    ----------------------------------------------------------------------

      Code (inc. data)   RO Data    RW Data    ZI Data      Debug   Library Name

       660         16          0          0         96        880   c_w.l
       852         28          0          0          0       1044   fz_wm.l
        20          0          0          0          0        124   m_wm.l

    ----------------------------------------------------------------------
      1544         44          0          0        100       2048   Library Totals

    ----------------------------------------------------------------------

==============================================================================


      Code (inc. data)   RO Data    RW Data    ZI Data      Debug   

     17920       1336       1320        208       5608     767684   Grand Totals
     17920       1336       1320        208       5608     767684   ELF Image Totals
     17920       1336       1320        208          0          0   ROM Totals

==============================================================================

    Total RO  Size (Code + RO Data)                19240 (  18.79kB)
    Total RW  Size (RW Data + ZI Data)              5816 (   5.68kB)
    Total ROM Size (Code + RO Data + RW Data)      19448 (  18.99kB)

==============================================================================

