<html>
<body>
<pre>
<h1>µVision Build Log</h1>
<h2>Tool Versions:</h2>
IDE-Version: ¦ÌVision V5.27.1.0
Copyright (C) 2019 ARM Ltd and ARM Germany GmbH. All rights reserved.
License Information: 11 111, 111, LIC=GE7DL-0Z9DD-ZEJH2-9G717-TH5EM-IU89K
 
Tool Versions:
Toolchain:       MDK-ARM Professional  Version: 5.27.1.0
Toolchain Path:  D:\MDK\ARM\ARMCC\Bin
C Compiler:      Armcc.exe V5.06 update 6 (build 750)
Assembler:       Armasm.exe V5.06 update 6 (build 750)
Linker/Locator:  ArmLink.exe V5.06 update 6 (build 750)
Library Manager: ArmAr.exe V5.06 update 6 (build 750)
Hex Converter:   FromElf.exe V5.06 update 6 (build 750)
CPU DLL:         SARMCM3.DLL V5.27.1.0
Dialog DLL:      DCM.DLL V1.17.2.0
Target DLL:      Segger\JL2CM3.dll V2.99.35.0
Dialog DLL:      TCM.DLL V1.36.1.0
 
<h2>Project:</h2>
E:\Code_Embeded\RM_Code\2020SUES_BDT-Engineer\Project\BDT-Engineer.uvprojx
Project File Date:  08/30/2020

<h2>Output:</h2>
*** Using Compiler 'V5.06 update 6 (build 750)', folder: 'D:\MDK\ARM\ARMCC\Bin'
Build target 'Engineer'
compiling gimbal_task.c...
..\user\APP\gimbal_task\gimbal_task.c(247): warning:  #177-D: function "GIMBAL_PID_Calc"  was declared but never referenced
  static fp32 GIMBAL_PID_Calc(Gimbal_PID_t *pid, fp32 get, fp32 set, fp32 error_delta)
..\user\APP\gimbal_task\gimbal_task.c(27): warning:  #177-D: function "motor_ecd_to_angle_change"  was declared but never referenced
  static fp32 motor_ecd_to_angle_change(uint16_t ecd, uint16_t offset_ecd);
..\user\APP\gimbal_task\gimbal_task.c: 2 warnings, 0 errors
linking...
Program Size: Code=20764 RO-data=1444 RW-data=280 ZI-data=6328  
FromELF: creating hex file...
".\Objects\BDT-Engineer.axf" - 0 Error(s), 2 Warning(s).

<h2>Software Packages used:</h2>

Package Vendor: ARM
                http://www.keil.com/pack/ARM.CMSIS.5.5.1.pack
                ARM.CMSIS.5.5.1
                CMSIS (Cortex Microcontroller Software Interface Standard)
   * Component: CORE Version: 5.2.0
   * Component: DSP Variant: Library Version: 1.6.0

Package Vendor: Keil
                http://www.keil.com/pack/Keil.STM32F4xx_DFP.2.13.0.pack
                Keil.STM32F4xx_DFP.2.13.0
                STMicroelectronics STM32F4 Series Device Support, Drivers and Examples

<h2>Collection of Component include folders:</h2>
  .\RTE\_Engineer
  D:\MDK\Arm\Packs\ARM\CMSIS\5.5.1\CMSIS\Core\Include
  D:\MDK\Arm\Packs\ARM\CMSIS\5.5.1\CMSIS\DSP\Include
  D:\MDK\Arm\Packs\Keil\STM32F4xx_DFP\2.13.0\Drivers\CMSIS\Device\ST\STM32F4xx\Include

<h2>Collection of Component Files used:</h2>

   * Component: ARM::CMSIS:CORE:5.2.0

   * Component: ARM::CMSIS:DSP:Library:1.6.0
      Library file:  CMSIS\DSP\Lib\ARM\arm_cortexM4lf_math.lib
      Include file:  CMSIS\DSP\Include\arm_math.h
Build Time Elapsed:  00:00:02
</pre>
</body>
</html>
