<html>
<body>
<pre>
<h1>µVision Build Log</h1>
<h2>Tool Versions:</h2>
IDE-Version: ¦ÌVision V5.27.1.0
Copyright (C) 2019 ARM Ltd and ARM Germany GmbH. All rights reserved.
License Information: 111 111, 111, LIC=EPPLD-8HNE6-MSDYP-MXLL9-DGA9C-G97J4
 
Tool Versions:
Toolchain:       MDK-ARM Professional  Version: 5.27.1.0
Toolchain Path:  D:\MDK\ARM\ARMCC\Bin
C Compiler:      Armcc.exe V5.06 update 6 (build 750)
Assembler:       Armasm.exe V5.06 update 6 (build 750)
Linker/Locator:  ArmLink.exe V5.06 update 6 (build 750)
Library Manager: ArmAr.exe V5.06 update 6 (build 750)
Hex Converter:   FromElf.exe V5.06 update 6 (build 750)
CPU DLL:         SARMCM3.DLL V5.27.1.0
Dialog DLL:      DCM.DLL V1.17.2.0
Target DLL:      CMSIS_AGDI.dll V1.31.17.0
Dialog DLL:      TCM.DLL V1.36.1.0
 
<h2>Project:</h2>
C:\Users\Administrator\Desktop\SUES_Enginner\Project\standard.uvprojx
Project File Date:  01/09/2020

<h2>Output:</h2>
*** Using Compiler 'V5.06 update 6 (build 750)', folder: 'D:\MDK\ARM\ARMCC\Bin'
Build target 'standard'
compiling GRIPPER_task.c...
..\user\APP\GRIPPER_task\GRIPPER_task.c(204): warning:  #177-D: variable "position_set"  was declared but never referenced
  	fp32 angular_velocity_set = 0.0f, position_set = 0.0f;
..\user\APP\GRIPPER_task\GRIPPER_task.c: 1 warning, 0 errors
compiling start_task.c...
..\user\APP\CATCH_task\CATCH_task.h(41): warning:  #1-D: last line of file ends without a newline
  #endif
..\user\APP\Revive_task\Revive_task.h(15): warning:  #1-D: last line of file ends without a newline
  #endif
..\user\APP\Rescuehook_task\RescueHook_task.h(9): warning:  #1295-D: Deprecated declaration HOOK_OUT_PWM_configuration - give arg types
  extern void HOOK_OUT_PWM_configuration();
..\user\APP\start_task\start_task.c(35): warning:  #223-D: function "CAN_CMD_Upper" declared implicitly
  			CAN_CMD_Upper(Y_MOTION_move.Y_MOTION_Left_motor.give_current,-Y_MOTION_move.Y_MOTION_Left_motor.give_current,
..\user\APP\start_task\start_task.c(53): warning:  #223-D: function "AMMO_42mm_OUT_task" declared implicitly
  			AMMO_42mm_OUT_task();
..\user\APP\start_task\start_task.c(54): warning:  #223-D: function "AMMO_17mm_OUT_task" declared implicitly
  			AMMO_17mm_OUT_task();
..\user\APP\start_task\start_task.c: 6 warnings, 0 errors
compiling main.c...
..\user\APP\CATCH_task\CATCH_task.h(41): warning:  #1-D: last line of file ends without a newline
  #endif
..\user\APP\Rescuehook_task\RescueHook_task.h(9): warning:  #1295-D: Deprecated declaration HOOK_OUT_PWM_configuration - give arg types
  extern void HOOK_OUT_PWM_configuration();
..\user\main.c(92): warning:  #223-D: function "Y_MOTION_Setup" declared implicitly
  		Y_MOTION_Setup();
..\user\main.c: 3 warnings, 0 errors
linking...
Program Size: Code=15172 RO-data=548 RW-data=156 ZI-data=3028  
FromELF: creating hex file...
".\Objects\infantry.axf" - 0 Error(s), 10 Warning(s).

<h2>Software Packages used:</h2>

Package Vendor: ARM
                http://www.keil.com/pack/ARM.CMSIS.5.5.1.pack
                ARM.CMSIS.5.5.1
                CMSIS (Cortex Microcontroller Software Interface Standard)
   * Component: CORE Version: 5.2.0
   * Component: DSP Variant: Library Version: 1.6.0

Package Vendor: Keil
                http://www.keil.com/pack/Keil.STM32F4xx_DFP.2.7.0.pack
                Keil.STM32F4xx_DFP.2.7.0
                STMicroelectronics STM32F4 Series Device Support, Drivers and Examples

<h2>Collection of Component include folders:</h2>
  .\RTE\_standard
  D:\MDK\Arm\Packs\ARM\CMSIS\5.5.1\CMSIS\Core\Include
  D:\MDK\Arm\Packs\ARM\CMSIS\5.5.1\CMSIS\DSP\Include
  D:\MDK\Arm\Packs\Keil\STM32F4xx_DFP\2.7.0\Drivers\CMSIS\Device\ST\STM32F4xx\Include

<h2>Collection of Component Files used:</h2>

   * Component: ARM::CMSIS:CORE:5.2.0

   * Component: ARM::CMSIS:DSP:Library:1.6.0
      Library file:  CMSIS\DSP\Lib\ARM\arm_cortexM4lf_math.lib
      Include file:  CMSIS\DSP\Include\arm_math.h
Build Time Elapsed:  00:00:04
</pre>
</body>
</html>
